[2025-09-16T08:06:58.454-0400] GC(750) Pause Young (Normal) (G1 Evacuation Pause)
[2025-09-16T08:06:58.454-0400] GC(750) Using 2 workers of 2 for evacuation
[2025-09-16T08:06:58.509-0400] GC(750)   Pre Evacuate Collection Set: 0.1ms
[2025-09-16T08:06:58.509-0400] GC(750)   Evacuate Collection Set: 26.1ms
[2025-09-16T08:06:58.509-0400] GC(750)   Post Evacuate Collection Set: 27.8ms
[2025-09-16T08:06:58.509-0400] GC(750)   Other: 0.6ms
[2025-09-16T08:06:58.509-0400] GC(750) Eden regions: 1683->0(1683)
[2025-09-16T08:06:58.509-0400] GC(750) Survivor regions: 15->15(213)
[2025-09-16T08:06:58.509-0400] GC(750) Old regions: 1027->1027
[2025-09-16T08:06:58.509-0400] GC(750) Humongous regions: 47->26
[2025-09-16T08:06:58.509-0400] GC(750) Metaspace: 1048923K(1081316K)->1048923K(1081316K) NonClass: 920187K(940964K)->920187K(940964K) Class: 128735K(140352K)->128735K(140352K)
[2025-09-16T08:06:58.509-0400] GC(750) Pause Young (Normal) (G1 Evacuation Pause) 2771M->1067M(3100M) 54.806ms
[2025-09-16T08:06:58.509-0400] GC(750) User=0.11s Sys=0.00s Real=0.05s
[2025-09-16T08:06:58.509-0400] Concurrent String Deduplication (471451.085s)
[2025-09-16T08:06:58.510-0400] Concurrent String Deduplication 78456.0B->11296.0B(67160.0B) avg 81.0% (471451.085s, 471451.085s) 0.426ms
[2025-09-16T08:20:03.433-0400] GC(751) Pause Young (Normal) (G1 Evacuation Pause)
[2025-09-16T08:20:03.433-0400] GC(751) Using 2 workers of 2 for evacuation
[2025-09-16T08:20:03.490-0400] GC(751)   Pre Evacuate Collection Set: 0.1ms
[2025-09-16T08:20:03.490-0400] GC(751)   Evacuate Collection Set: 28.4ms
[2025-09-16T08:20:03.490-0400] GC(751)   Post Evacuate Collection Set: 28.0ms
[2025-09-16T08:20:03.490-0400] GC(751)   Other: 0.7ms
[2025-09-16T08:20:03.490-0400] GC(751) Eden regions: 1683->0(1679)
[2025-09-16T08:20:03.490-0400] GC(751) Survivor regions: 15->17(213)
[2025-09-16T08:20:03.490-0400] GC(751) Old regions: 1027->1027
[2025-09-16T08:20:03.490-0400] GC(751) Humongous regions: 69->26
[2025-09-16T08:20:03.490-0400] GC(751) Metaspace: 1048928K(1081316K)->1048928K(1081316K) NonClass: 920193K(940964K)->920193K(940964K) Class: 128735K(140352K)->128735K(140352K)
[2025-09-16T08:20:03.490-0400] GC(751) Pause Young (Normal) (G1 Evacuation Pause) 2793M->1069M(3100M) 57.276ms
[2025-09-16T08:20:03.490-0400] GC(751) User=0.11s Sys=0.00s Real=0.05s
[2025-09-16T08:20:03.490-0400] Concurrent String Deduplication (472236.066s)
[2025-09-16T08:20:03.491-0400] Concurrent String Deduplication 59496.0B->13160.0B(46336.0B) avg 81.0% (472236.066s, 472236.067s) 0.598ms
[2025-09-16T08:31:10.321-0400] GC(752) Pause Young (Normal) (G1 Evacuation Pause)
[2025-09-16T08:31:10.321-0400] GC(752) Using 2 workers of 2 for evacuation
[2025-09-16T08:31:10.375-0400] GC(752)   Pre Evacuate Collection Set: 0.1ms
[2025-09-16T08:31:10.375-0400] GC(752)   Evacuate Collection Set: 25.4ms
[2025-09-16T08:31:10.375-0400] GC(752)   Post Evacuate Collection Set: 28.1ms
[2025-09-16T08:31:10.375-0400] GC(752)   Other: 0.7ms
[2025-09-16T08:31:10.375-0400] GC(752) Eden regions: 1679->0(1682)
[2025-09-16T08:31:10.375-0400] GC(752) Survivor regions: 17->14(212)
[2025-09-16T08:31:10.375-0400] GC(752) Old regions: 1027->1028
[2025-09-16T08:31:10.375-0400] GC(752) Humongous regions: 35->26
[2025-09-16T08:31:10.375-0400] GC(752) Metaspace: 1048933K(1081316K)->1048933K(1081316K) NonClass: 920198K(940964K)->920198K(940964K) Class: 128735K(140352K)->128735K(140352K)
[2025-09-16T08:31:10.375-0400] GC(752) Pause Young (Normal) (G1 Evacuation Pause) 2757M->1067M(3100M) 54.413ms
[2025-09-16T08:31:10.375-0400] GC(752) User=0.10s Sys=0.00s Real=0.06s
[2025-09-16T08:31:10.376-0400] Concurrent String Deduplication (472902.951s)
[2025-09-16T08:31:10.376-0400] Concurrent String Deduplication 59976.0B->2520.0B(57456.0B) avg 81.0% (472902.951s, 472902.951s) 0.162ms
[2025-09-16T08:42:00.334-0400] GC(753) Pause Young (Normal) (G1 Evacuation Pause)
[2025-09-16T08:42:00.334-0400] GC(753) Using 2 workers of 2 for evacuation
[2025-09-16T08:42:00.390-0400] GC(753)   Pre Evacuate Collection Set: 0.1ms
[2025-09-16T08:42:00.390-0400] GC(753)   Evacuate Collection Set: 24.9ms
[2025-09-16T08:42:00.390-0400] GC(753)   Post Evacuate Collection Set: 29.8ms
[2025-09-16T08:42:00.390-0400] GC(753)   Other: 0.7ms
[2025-09-16T08:42:00.390-0400] GC(753) Eden regions: 1682->0(1681)
[2025-09-16T08:42:00.390-0400] GC(753) Survivor regions: 14->14(212)
[2025-09-16T08:42:00.390-0400] GC(753) Old regions: 1028->1028
[2025-09-16T08:42:00.390-0400] GC(753) Humongous regions: 33->26
[2025-09-16T08:42:00.390-0400] GC(753) Metaspace: 1048933K(1081316K)->1048933K(1081316K) NonClass: 920198K(940964K)->920198K(940964K) Class: 128735K(140352K)->128735K(140352K)
[2025-09-16T08:42:00.390-0400] GC(753) Pause Young (Normal) (G1 Evacuation Pause) 2756M->1067M(3100M) 55.666ms
[2025-09-16T08:42:00.390-0400] GC(753) User=0.10s Sys=0.00s Real=0.05s
[2025-09-16T08:42:00.390-0400] Concurrent String Deduplication (473552.966s)
[2025-09-16T08:42:00.390-0400] Concurrent String Deduplication 18968.0B->3936.0B(15032.0B) avg 81.0% (473552.966s, 473552.966s) 0.142ms
[2025-09-16T08:52:55.338-0400] GC(754) Pause Young (Normal) (G1 Evacuation Pause)
[2025-09-16T08:52:55.338-0400] GC(754) Using 2 workers of 2 for evacuation
[2025-09-16T08:52:55.395-0400] GC(754)   Pre Evacuate Collection Set: 0.1ms
[2025-09-16T08:52:55.395-0400] GC(754)   Evacuate Collection Set: 27.9ms
[2025-09-16T08:52:55.395-0400] GC(754)   Post Evacuate Collection Set: 28.3ms
[2025-09-16T08:52:55.395-0400] GC(754)   Other: 0.7ms
[2025-09-16T08:52:55.395-0400] GC(754) Eden regions: 1681->0(1676)
[2025-09-16T08:52:55.395-0400] GC(754) Survivor regions: 14->17(212)
[2025-09-16T08:52:55.395-0400] GC(754) Old regions: 1028->1028
[2025-09-16T08:52:55.395-0400] GC(754) Humongous regions: 35->26
[2025-09-16T08:52:55.395-0400] GC(754) Metaspace: 1049118K(1081316K)->1049118K(1081316K) NonClass: 920377K(940964K)->920377K(940964K) Class: 128741K(140352K)->128741K(140352K)
[2025-09-16T08:52:55.395-0400] GC(754) Pause Young (Normal) (G1 Evacuation Pause) 2757M->1070M(3100M) 57.045ms
[2025-09-16T08:52:55.395-0400] GC(754) User=0.11s Sys=0.00s Real=0.06s
[2025-09-16T08:52:55.395-0400] Concurrent String Deduplication (474207.971s)
[2025-09-16T08:52:55.396-0400] Concurrent String Deduplication 86640.0B->13296.0B(73344.0B) avg 81.0% (474207.971s, 474207.971s) 0.225ms
[2025-09-16T09:05:38.649-0400] GC(755) Pause Young (Normal) (G1 Evacuation Pause)
[2025-09-16T09:05:38.649-0400] GC(755) Using 2 workers of 2 for evacuation
[2025-09-16T09:05:38.707-0400] GC(755)   Pre Evacuate Collection Set: 0.1ms
[2025-09-16T09:05:38.707-0400] GC(755)   Evacuate Collection Set: 27.7ms
[2025-09-16T09:05:38.707-0400] GC(755)   Post Evacuate Collection Set: 29.7ms
[2025-09-16T09:05:38.707-0400] GC(755)   Other: 0.7ms
[2025-09-16T09:05:38.707-0400] GC(755) Eden regions: 1676->0(1678)
[2025-09-16T09:05:38.707-0400] GC(755) Survivor regions: 17->16(212)
[2025-09-16T09:05:38.707-0400] GC(755) Old regions: 1028->1028
[2025-09-16T09:05:38.707-0400] GC(755) Humongous regions: 53->26
[2025-09-16T09:05:38.707-0400] GC(755) Metaspace: 1049147K(1081316K)->1049147K(1081316K) NonClass: 920405K(940964K)->920405K(940964K) Class: 128741K(140352K)->128741K(140352K)
[2025-09-16T09:05:38.707-0400] GC(755) Pause Young (Normal) (G1 Evacuation Pause) 2773M->1069M(3100M) 58.309ms
[2025-09-16T09:05:38.708-0400] GC(755) User=0.11s Sys=0.00s Real=0.06s
[2025-09-16T09:05:38.708-0400] Concurrent String Deduplication (474971.283s)
[2025-09-16T09:05:38.708-0400] Concurrent String Deduplication 106.4K->5392.0B(101.1K) avg 81.0% (474971.283s, 474971.284s) 0.848ms
[2025-09-16T09:18:00.031-0400] GC(756) Pause Young (Normal) (G1 Evacuation Pause)
[2025-09-16T09:18:00.032-0400] GC(756) Using 2 workers of 2 for evacuation
[2025-09-16T09:18:00.090-0400] GC(756)   Pre Evacuate Collection Set: 0.1ms
[2025-09-16T09:18:00.090-0400] GC(756)   Evacuate Collection Set: 28.2ms
[2025-09-16T09:18:00.090-0400] GC(756)   Post Evacuate Collection Set: 29.9ms
[2025-09-16T09:18:00.090-0400] GC(756)   Other: 0.6ms
[2025-09-16T09:18:00.090-0400] GC(756) Eden regions: 1678->0(1676)
[2025-09-16T09:18:00.090-0400] GC(756) Survivor regions: 16->16(212)
[2025-09-16T09:18:00.090-0400] GC(756) Old regions: 1028->1028
[2025-09-16T09:18:00.090-0400] GC(756) Humongous regions: 69->26
[2025-09-16T09:18:00.090-0400] GC(756) Metaspace: 1049185K(1081316K)->1049185K(1081316K) NonClass: 920443K(940964K)->920443K(940964K) Class: 128741K(140352K)->128741K(140352K)
[2025-09-16T09:18:00.090-0400] GC(756) Pause Young (Normal) (G1 Evacuation Pause) 2790M->1069M(3100M) 58.831ms
[2025-09-16T09:18:00.090-0400] GC(756) User=0.11s Sys=0.00s Real=0.05s
[2025-09-16T09:18:00.090-0400] Concurrent String Deduplication (475712.666s)
[2025-09-16T09:18:00.091-0400] Concurrent String Deduplication 79400.0B->9776.0B(69624.0B) avg 81.0% (475712.666s, 475712.667s) 0.391ms
[2025-09-16T09:27:09.560-0400] GC(757) Pause Young (Normal) (G1 Evacuation Pause)
[2025-09-16T09:27:09.560-0400] GC(757) Using 2 workers of 2 for evacuation
[2025-09-16T09:27:09.622-0400] GC(757)   Pre Evacuate Collection Set: 0.1ms
[2025-09-16T09:27:09.622-0400] GC(757)   Evacuate Collection Set: 31.5ms
[2025-09-16T09:27:09.622-0400] GC(757)   Post Evacuate Collection Set: 29.7ms
[2025-09-16T09:27:09.622-0400] GC(757)   Other: 0.7ms
[2025-09-16T09:27:09.622-0400] GC(757) Eden regions: 1676->0(1671)
[2025-09-16T09:27:09.622-0400] GC(757) Survivor regions: 16->19(212)
[2025-09-16T09:27:09.622-0400] GC(757) Old regions: 1028->1028
[2025-09-16T09:27:09.622-0400] GC(757) Humongous regions: 37->26
[2025-09-16T09:27:09.622-0400] GC(757) Metaspace: 1049187K(1081316K)->1049187K(1081316K) NonClass: 920446K(940964K)->920446K(940964K) Class: 128741K(140352K)->128741K(140352K)
[2025-09-16T09:27:09.622-0400] GC(757) Pause Young (Normal) (G1 Evacuation Pause) 2756M->1072M(3100M) 62.148ms
[2025-09-16T09:27:09.622-0400] GC(757) User=0.12s Sys=0.00s Real=0.07s
[2025-09-16T09:27:09.622-0400] Concurrent String Deduplication (476262.198s)
[2025-09-16T09:27:09.622-0400] Concurrent String Deduplication 67824.0B->5240.0B(62584.0B) avg 81.0% (476262.198s, 476262.198s) 0.225ms
[2025-09-16T09:38:08.084-0400] GC(758) Pause Young (Normal) (G1 Evacuation Pause)
[2025-09-16T09:38:08.084-0400] GC(758) Using 2 workers of 2 for evacuation
[2025-09-16T09:38:08.143-0400] GC(758)   Pre Evacuate Collection Set: 0.1ms
[2025-09-16T09:38:08.143-0400] GC(758)   Evacuate Collection Set: 27.5ms
[2025-09-16T09:38:08.143-0400] GC(758)   Post Evacuate Collection Set: 30.7ms
[2025-09-16T09:38:08.143-0400] GC(758)   Other: 0.7ms
[2025-09-16T09:38:08.143-0400] GC(758) Eden regions: 1671->0(1675)
[2025-09-16T09:38:08.143-0400] GC(758) Survivor regions: 19->16(212)
[2025-09-16T09:38:08.143-0400] GC(758) Old regions: 1028->1028
[2025-09-16T09:38:08.143-0400] GC(758) Humongous regions: 31->26
[2025-09-16T09:38:08.143-0400] GC(758) Metaspace: 1049187K(1081316K)->1049187K(1081316K) NonClass: 920446K(940964K)->920446K(940964K) Class: 128741K(140352K)->128741K(140352K)
[2025-09-16T09:38:08.143-0400] GC(758) Pause Young (Normal) (G1 Evacuation Pause) 2748M->1069M(3100M) 59.125ms
[2025-09-16T09:38:08.143-0400] GC(758) User=0.11s Sys=0.00s Real=0.06s
[2025-09-16T09:38:08.143-0400] Concurrent String Deduplication (476920.719s)
[2025-09-16T09:38:08.144-0400] Concurrent String Deduplication 143.5K->5936.0B(137.7K) avg 81.1% (476920.719s, 476920.720s) 0.660ms
[2025-09-16T09:49:30.384-0400] GC(759) Pause Young (Normal) (G1 Evacuation Pause)
[2025-09-16T09:49:30.384-0400] GC(759) Using 2 workers of 2 for evacuation
[2025-09-16T09:49:30.446-0400] GC(759)   Pre Evacuate Collection Set: 0.1ms
[2025-09-16T09:49:30.447-0400] GC(759)   Evacuate Collection Set: 29.1ms
[2025-09-16T09:49:30.447-0400] GC(759)   Post Evacuate Collection Set: 33.0ms
[2025-09-16T09:49:30.447-0400] GC(759)   Other: 0.7ms
[2025-09-16T09:49:30.447-0400] GC(759) Eden regions: 1675->0(1674)
[2025-09-16T09:49:30.447-0400] GC(759) Survivor regions: 16->17(212)
[2025-09-16T09:49:30.447-0400] GC(759) Old regions: 1028->1028
[2025-09-16T09:49:30.447-0400] GC(759) Humongous regions: 36->26
[2025-09-16T09:49:30.447-0400] GC(759) Metaspace: 1049191K(1081316K)->1049191K(1081316K) NonClass: 920450K(940964K)->920450K(940964K) Class: 128741K(140352K)->128741K(140352K)
[2025-09-16T09:49:30.447-0400] GC(759) Pause Young (Normal) (G1 Evacuation Pause) 2754M->1070M(3100M) 62.976ms
[2025-09-16T09:49:30.447-0400] GC(759) User=0.12s Sys=0.00s Real=0.06s
[2025-09-16T09:49:30.447-0400] Concurrent String Deduplication (477603.023s)
[2025-09-16T09:49:30.448-0400] Concurrent String Deduplication 153.4K->8552.0B(145.0K) avg 81.1% (477603.023s, 477603.024s) 0.989ms
