INFO [2025-09-16 08:00:00][46:c.b.c.gradejourney.job.GradesExtractJob        ] : == Entering execute() of Job CronGJExtract.CronGJExtractJob ==
ERROR[2025-09-16 08:00:00][85:c.b.c.gradejourney.job.GradesExtractJob        ] : Error Loading the settings
java.lang.NullPointerException: null
	at com.blackboard.consulting.gradejourney.service.impl.GradesJourneySettingsServiceImpl.loadGjSettings(GradesJourneySettingsServiceImpl.java:134)
	at jdk.internal.reflect.GeneratedMethodAccessor791.invoke(Unknown Source)
	at java.base/jdk.internal.reflect.DelegatingMethodAccessorImpl.invoke(DelegatingMethodAccessorImpl.java:43)
	at java.base/java.lang.reflect.Method.invoke(Method.java:566)
	at org.springframework.aop.support.AopUtils.invokeJoinpointUsingReflection(AopUtils.java:344)
	at org.springframework.aop.framework.JdkDynamicAopProxy.invoke(JdkDynamicAopProxy.java:208)
	at com.sun.proxy.$Proxy2482.loadGjSettings(Unknown Source)
	at com.blackboard.consulting.gradejourney.job.GradesExtractJob.execute(GradesExtractJob.java:55)
	at org.quartz.core.JobRunShell.run(JobRunShell.java:202)
	at org.quartz.simpl.SimpleThreadPool$WorkerThread.run(SimpleThreadPool.java:573)
INFO [2025-09-16 08:00:00][133:c.b.c.g.j.GradeExportLogTransferScheduler     ] : File copied to Content folder: x-bbgs-consulting-central-grade-export.2025-09-16-ip-10-146-219-157.ec2.internal.log
INFO [2025-09-16 08:01:00][46:c.b.c.gradejourney.job.GradesExtractJob        ] : == Entering execute() of Job CronGJExtract.CronGJExtractJob ==
ERROR[2025-09-16 08:01:00][85:c.b.c.gradejourney.job.GradesExtractJob        ] : Error Loading the settings
java.lang.NullPointerException: null
	at com.blackboard.consulting.gradejourney.service.impl.GradesJourneySettingsServiceImpl.loadGjSettings(GradesJourneySettingsServiceImpl.java:134)
	at jdk.internal.reflect.GeneratedMethodAccessor791.invoke(Unknown Source)
	at java.base/jdk.internal.reflect.DelegatingMethodAccessorImpl.invoke(DelegatingMethodAccessorImpl.java:43)
	at java.base/java.lang.reflect.Method.invoke(Method.java:566)
	at org.springframework.aop.support.AopUtils.invokeJoinpointUsingReflection(AopUtils.java:344)
	at org.springframework.aop.framework.JdkDynamicAopProxy.invoke(JdkDynamicAopProxy.java:208)
	at com.sun.proxy.$Proxy2482.loadGjSettings(Unknown Source)
	at com.blackboard.consulting.gradejourney.job.GradesExtractJob.execute(GradesExtractJob.java:55)
	at org.quartz.core.JobRunShell.run(JobRunShell.java:202)
	at org.quartz.simpl.SimpleThreadPool$WorkerThread.run(SimpleThreadPool.java:573)
INFO [2025-09-16 08:03:00][46:c.b.c.gradejourney.job.GradesExtractJob        ] : == Entering execute() of Job CronGJExtract.CronGJExtractJob ==
ERROR[2025-09-16 08:03:00][85:c.b.c.gradejourney.job.GradesExtractJob        ] : Error Loading the settings
java.lang.NullPointerException: null
	at com.blackboard.consulting.gradejourney.service.impl.GradesJourneySettingsServiceImpl.loadGjSettings(GradesJourneySettingsServiceImpl.java:134)
	at jdk.internal.reflect.GeneratedMethodAccessor791.invoke(Unknown Source)
	at java.base/jdk.internal.reflect.DelegatingMethodAccessorImpl.invoke(DelegatingMethodAccessorImpl.java:43)
	at java.base/java.lang.reflect.Method.invoke(Method.java:566)
	at org.springframework.aop.support.AopUtils.invokeJoinpointUsingReflection(AopUtils.java:344)
	at org.springframework.aop.framework.JdkDynamicAopProxy.invoke(JdkDynamicAopProxy.java:208)
	at com.sun.proxy.$Proxy2482.loadGjSettings(Unknown Source)
	at com.blackboard.consulting.gradejourney.job.GradesExtractJob.execute(GradesExtractJob.java:55)
	at org.quartz.core.JobRunShell.run(JobRunShell.java:202)
	at org.quartz.simpl.SimpleThreadPool$WorkerThread.run(SimpleThreadPool.java:573)
INFO [2025-09-16 08:05:00][46:c.b.c.gradejourney.job.GradesExtractJob        ] : == Entering execute() of Job CronGJExtract.CronGJExtractJob ==
ERROR[2025-09-16 08:05:00][85:c.b.c.gradejourney.job.GradesExtractJob        ] : Error Loading the settings
java.lang.NullPointerException: null
	at com.blackboard.consulting.gradejourney.service.impl.GradesJourneySettingsServiceImpl.loadGjSettings(GradesJourneySettingsServiceImpl.java:134)
	at jdk.internal.reflect.GeneratedMethodAccessor791.invoke(Unknown Source)
	at java.base/jdk.internal.reflect.DelegatingMethodAccessorImpl.invoke(DelegatingMethodAccessorImpl.java:43)
	at java.base/java.lang.reflect.Method.invoke(Method.java:566)
	at org.springframework.aop.support.AopUtils.invokeJoinpointUsingReflection(AopUtils.java:344)
	at org.springframework.aop.framework.JdkDynamicAopProxy.invoke(JdkDynamicAopProxy.java:208)
	at com.sun.proxy.$Proxy2482.loadGjSettings(Unknown Source)
	at com.blackboard.consulting.gradejourney.job.GradesExtractJob.execute(GradesExtractJob.java:55)
	at org.quartz.core.JobRunShell.run(JobRunShell.java:202)
	at org.quartz.simpl.SimpleThreadPool$WorkerThread.run(SimpleThreadPool.java:573)
INFO [2025-09-16 08:07:00][46:c.b.c.gradejourney.job.GradesExtractJob        ] : == Entering execute() of Job CronGJExtract.CronGJExtractJob ==
ERROR[2025-09-16 08:07:00][85:c.b.c.gradejourney.job.GradesExtractJob        ] : Error Loading the settings
java.lang.NullPointerException: null
	at com.blackboard.consulting.gradejourney.service.impl.GradesJourneySettingsServiceImpl.loadGjSettings(GradesJourneySettingsServiceImpl.java:134)
	at jdk.internal.reflect.GeneratedMethodAccessor791.invoke(Unknown Source)
	at java.base/jdk.internal.reflect.DelegatingMethodAccessorImpl.invoke(DelegatingMethodAccessorImpl.java:43)
	at java.base/java.lang.reflect.Method.invoke(Method.java:566)
	at org.springframework.aop.support.AopUtils.invokeJoinpointUsingReflection(AopUtils.java:344)
	at org.springframework.aop.framework.JdkDynamicAopProxy.invoke(JdkDynamicAopProxy.java:208)
	at com.sun.proxy.$Proxy2482.loadGjSettings(Unknown Source)
	at com.blackboard.consulting.gradejourney.job.GradesExtractJob.execute(GradesExtractJob.java:55)
	at org.quartz.core.JobRunShell.run(JobRunShell.java:202)
	at org.quartz.simpl.SimpleThreadPool$WorkerThread.run(SimpleThreadPool.java:573)
INFO [2025-09-16 08:09:00][46:c.b.c.gradejourney.job.GradesExtractJob        ] : == Entering execute() of Job CronGJExtract.CronGJExtractJob ==
ERROR[2025-09-16 08:09:00][85:c.b.c.gradejourney.job.GradesExtractJob        ] : Error Loading the settings
java.lang.NullPointerException: null
	at com.blackboard.consulting.gradejourney.service.impl.GradesJourneySettingsServiceImpl.loadGjSettings(GradesJourneySettingsServiceImpl.java:134)
	at jdk.internal.reflect.GeneratedMethodAccessor791.invoke(Unknown Source)
	at java.base/jdk.internal.reflect.DelegatingMethodAccessorImpl.invoke(DelegatingMethodAccessorImpl.java:43)
	at java.base/java.lang.reflect.Method.invoke(Method.java:566)
	at org.springframework.aop.support.AopUtils.invokeJoinpointUsingReflection(AopUtils.java:344)
	at org.springframework.aop.framework.JdkDynamicAopProxy.invoke(JdkDynamicAopProxy.java:208)
	at com.sun.proxy.$Proxy2482.loadGjSettings(Unknown Source)
	at com.blackboard.consulting.gradejourney.job.GradesExtractJob.execute(GradesExtractJob.java:55)
	at org.quartz.core.JobRunShell.run(JobRunShell.java:202)
	at org.quartz.simpl.SimpleThreadPool$WorkerThread.run(SimpleThreadPool.java:573)
INFO [2025-09-16 08:11:00][46:c.b.c.gradejourney.job.GradesExtractJob        ] : == Entering execute() of Job CronGJExtract.CronGJExtractJob ==
ERROR[2025-09-16 08:11:00][85:c.b.c.gradejourney.job.GradesExtractJob        ] : Error Loading the settings
java.lang.NullPointerException: null
	at com.blackboard.consulting.gradejourney.service.impl.GradesJourneySettingsServiceImpl.loadGjSettings(GradesJourneySettingsServiceImpl.java:134)
	at jdk.internal.reflect.GeneratedMethodAccessor791.invoke(Unknown Source)
	at java.base/jdk.internal.reflect.DelegatingMethodAccessorImpl.invoke(DelegatingMethodAccessorImpl.java:43)
	at java.base/java.lang.reflect.Method.invoke(Method.java:566)
	at org.springframework.aop.support.AopUtils.invokeJoinpointUsingReflection(AopUtils.java:344)
	at org.springframework.aop.framework.JdkDynamicAopProxy.invoke(JdkDynamicAopProxy.java:208)
	at com.sun.proxy.$Proxy2482.loadGjSettings(Unknown Source)
	at com.blackboard.consulting.gradejourney.job.GradesExtractJob.execute(GradesExtractJob.java:55)
	at org.quartz.core.JobRunShell.run(JobRunShell.java:202)
	at org.quartz.simpl.SimpleThreadPool$WorkerThread.run(SimpleThreadPool.java:573)
INFO [2025-09-16 08:13:00][46:c.b.c.gradejourney.job.GradesExtractJob        ] : == Entering execute() of Job CronGJExtract.CronGJExtractJob ==
ERROR[2025-09-16 08:13:00][85:c.b.c.gradejourney.job.GradesExtractJob        ] : Error Loading the settings
java.lang.NullPointerException: null
	at com.blackboard.consulting.gradejourney.service.impl.GradesJourneySettingsServiceImpl.loadGjSettings(GradesJourneySettingsServiceImpl.java:134)
	at jdk.internal.reflect.GeneratedMethodAccessor791.invoke(Unknown Source)
	at java.base/jdk.internal.reflect.DelegatingMethodAccessorImpl.invoke(DelegatingMethodAccessorImpl.java:43)
	at java.base/java.lang.reflect.Method.invoke(Method.java:566)
	at org.springframework.aop.support.AopUtils.invokeJoinpointUsingReflection(AopUtils.java:344)
	at org.springframework.aop.framework.JdkDynamicAopProxy.invoke(JdkDynamicAopProxy.java:208)
	at com.sun.proxy.$Proxy2482.loadGjSettings(Unknown Source)
	at com.blackboard.consulting.gradejourney.job.GradesExtractJob.execute(GradesExtractJob.java:55)
	at org.quartz.core.JobRunShell.run(JobRunShell.java:202)
	at org.quartz.simpl.SimpleThreadPool$WorkerThread.run(SimpleThreadPool.java:573)
INFO [2025-09-16 08:14:00][46:c.b.c.gradejourney.job.GradesExtractJob        ] : == Entering execute() of Job CronGJExtract.CronGJExtractJob ==
ERROR[2025-09-16 08:14:00][85:c.b.c.gradejourney.job.GradesExtractJob        ] : Error Loading the settings
java.lang.NullPointerException: null
	at com.blackboard.consulting.gradejourney.service.impl.GradesJourneySettingsServiceImpl.loadGjSettings(GradesJourneySettingsServiceImpl.java:134)
	at jdk.internal.reflect.GeneratedMethodAccessor791.invoke(Unknown Source)
	at java.base/jdk.internal.reflect.DelegatingMethodAccessorImpl.invoke(DelegatingMethodAccessorImpl.java:43)
	at java.base/java.lang.reflect.Method.invoke(Method.java:566)
	at org.springframework.aop.support.AopUtils.invokeJoinpointUsingReflection(AopUtils.java:344)
	at org.springframework.aop.framework.JdkDynamicAopProxy.invoke(JdkDynamicAopProxy.java:208)
	at com.sun.proxy.$Proxy2482.loadGjSettings(Unknown Source)
	at com.blackboard.consulting.gradejourney.job.GradesExtractJob.execute(GradesExtractJob.java:55)
	at org.quartz.core.JobRunShell.run(JobRunShell.java:202)
	at org.quartz.simpl.SimpleThreadPool$WorkerThread.run(SimpleThreadPool.java:573)
INFO [2025-09-16 08:16:00][46:c.b.c.gradejourney.job.GradesExtractJob        ] : == Entering execute() of Job CronGJExtract.CronGJExtractJob ==
ERROR[2025-09-16 08:16:00][85:c.b.c.gradejourney.job.GradesExtractJob        ] : Error Loading the settings
java.lang.NullPointerException: null
	at com.blackboard.consulting.gradejourney.service.impl.GradesJourneySettingsServiceImpl.loadGjSettings(GradesJourneySettingsServiceImpl.java:134)
	at jdk.internal.reflect.GeneratedMethodAccessor791.invoke(Unknown Source)
	at java.base/jdk.internal.reflect.DelegatingMethodAccessorImpl.invoke(DelegatingMethodAccessorImpl.java:43)
	at java.base/java.lang.reflect.Method.invoke(Method.java:566)
	at org.springframework.aop.support.AopUtils.invokeJoinpointUsingReflection(AopUtils.java:344)
	at org.springframework.aop.framework.JdkDynamicAopProxy.invoke(JdkDynamicAopProxy.java:208)
	at com.sun.proxy.$Proxy2482.loadGjSettings(Unknown Source)
	at com.blackboard.consulting.gradejourney.job.GradesExtractJob.execute(GradesExtractJob.java:55)
	at org.quartz.core.JobRunShell.run(JobRunShell.java:202)
	at org.quartz.simpl.SimpleThreadPool$WorkerThread.run(SimpleThreadPool.java:573)
INFO [2025-09-16 08:18:00][46:c.b.c.gradejourney.job.GradesExtractJob        ] : == Entering execute() of Job CronGJExtract.CronGJExtractJob ==
ERROR[2025-09-16 08:18:00][85:c.b.c.gradejourney.job.GradesExtractJob        ] : Error Loading the settings
java.lang.NullPointerException: null
	at com.blackboard.consulting.gradejourney.service.impl.GradesJourneySettingsServiceImpl.loadGjSettings(GradesJourneySettingsServiceImpl.java:134)
	at jdk.internal.reflect.GeneratedMethodAccessor791.invoke(Unknown Source)
	at java.base/jdk.internal.reflect.DelegatingMethodAccessorImpl.invoke(DelegatingMethodAccessorImpl.java:43)
	at java.base/java.lang.reflect.Method.invoke(Method.java:566)
	at org.springframework.aop.support.AopUtils.invokeJoinpointUsingReflection(AopUtils.java:344)
	at org.springframework.aop.framework.JdkDynamicAopProxy.invoke(JdkDynamicAopProxy.java:208)
	at com.sun.proxy.$Proxy2482.loadGjSettings(Unknown Source)
	at com.blackboard.consulting.gradejourney.job.GradesExtractJob.execute(GradesExtractJob.java:55)
	at org.quartz.core.JobRunShell.run(JobRunShell.java:202)
	at org.quartz.simpl.SimpleThreadPool$WorkerThread.run(SimpleThreadPool.java:573)
INFO [2025-09-16 08:20:00][46:c.b.c.gradejourney.job.GradesExtractJob        ] : == Entering execute() of Job CronGJExtract.CronGJExtractJob ==
ERROR[2025-09-16 08:20:00][85:c.b.c.gradejourney.job.GradesExtractJob        ] : Error Loading the settings
java.lang.NullPointerException: null
	at com.blackboard.consulting.gradejourney.service.impl.GradesJourneySettingsServiceImpl.loadGjSettings(GradesJourneySettingsServiceImpl.java:134)
	at jdk.internal.reflect.GeneratedMethodAccessor791.invoke(Unknown Source)
	at java.base/jdk.internal.reflect.DelegatingMethodAccessorImpl.invoke(DelegatingMethodAccessorImpl.java:43)
	at java.base/java.lang.reflect.Method.invoke(Method.java:566)
	at org.springframework.aop.support.AopUtils.invokeJoinpointUsingReflection(AopUtils.java:344)
	at org.springframework.aop.framework.JdkDynamicAopProxy.invoke(JdkDynamicAopProxy.java:208)
	at com.sun.proxy.$Proxy2482.loadGjSettings(Unknown Source)
	at com.blackboard.consulting.gradejourney.job.GradesExtractJob.execute(GradesExtractJob.java:55)
	at org.quartz.core.JobRunShell.run(JobRunShell.java:202)
	at org.quartz.simpl.SimpleThreadPool$WorkerThread.run(SimpleThreadPool.java:573)
INFO [2025-09-16 08:22:00][46:c.b.c.gradejourney.job.GradesExtractJob        ] : == Entering execute() of Job CronGJExtract.CronGJExtractJob ==
ERROR[2025-09-16 08:22:00][85:c.b.c.gradejourney.job.GradesExtractJob        ] : Error Loading the settings
java.lang.NullPointerException: null
	at com.blackboard.consulting.gradejourney.service.impl.GradesJourneySettingsServiceImpl.loadGjSettings(GradesJourneySettingsServiceImpl.java:134)
	at jdk.internal.reflect.GeneratedMethodAccessor791.invoke(Unknown Source)
	at java.base/jdk.internal.reflect.DelegatingMethodAccessorImpl.invoke(DelegatingMethodAccessorImpl.java:43)
	at java.base/java.lang.reflect.Method.invoke(Method.java:566)
	at org.springframework.aop.support.AopUtils.invokeJoinpointUsingReflection(AopUtils.java:344)
	at org.springframework.aop.framework.JdkDynamicAopProxy.invoke(JdkDynamicAopProxy.java:208)
	at com.sun.proxy.$Proxy2482.loadGjSettings(Unknown Source)
	at com.blackboard.consulting.gradejourney.job.GradesExtractJob.execute(GradesExtractJob.java:55)
	at org.quartz.core.JobRunShell.run(JobRunShell.java:202)
	at org.quartz.simpl.SimpleThreadPool$WorkerThread.run(SimpleThreadPool.java:573)
INFO [2025-09-16 08:24:00][46:c.b.c.gradejourney.job.GradesExtractJob        ] : == Entering execute() of Job CronGJExtract.CronGJExtractJob ==
ERROR[2025-09-16 08:24:00][85:c.b.c.gradejourney.job.GradesExtractJob        ] : Error Loading the settings
java.lang.NullPointerException: null
	at com.blackboard.consulting.gradejourney.service.impl.GradesJourneySettingsServiceImpl.loadGjSettings(GradesJourneySettingsServiceImpl.java:134)
	at jdk.internal.reflect.GeneratedMethodAccessor791.invoke(Unknown Source)
	at java.base/jdk.internal.reflect.DelegatingMethodAccessorImpl.invoke(DelegatingMethodAccessorImpl.java:43)
	at java.base/java.lang.reflect.Method.invoke(Method.java:566)
	at org.springframework.aop.support.AopUtils.invokeJoinpointUsingReflection(AopUtils.java:344)
	at org.springframework.aop.framework.JdkDynamicAopProxy.invoke(JdkDynamicAopProxy.java:208)
	at com.sun.proxy.$Proxy2482.loadGjSettings(Unknown Source)
	at com.blackboard.consulting.gradejourney.job.GradesExtractJob.execute(GradesExtractJob.java:55)
	at org.quartz.core.JobRunShell.run(JobRunShell.java:202)
	at org.quartz.simpl.SimpleThreadPool$WorkerThread.run(SimpleThreadPool.java:573)
INFO [2025-09-16 08:27:00][46:c.b.c.gradejourney.job.GradesExtractJob        ] : == Entering execute() of Job CronGJExtract.CronGJExtractJob ==
ERROR[2025-09-16 08:27:00][85:c.b.c.gradejourney.job.GradesExtractJob        ] : Error Loading the settings
java.lang.NullPointerException: null
	at com.blackboard.consulting.gradejourney.service.impl.GradesJourneySettingsServiceImpl.loadGjSettings(GradesJourneySettingsServiceImpl.java:134)
	at jdk.internal.reflect.GeneratedMethodAccessor791.invoke(Unknown Source)
	at java.base/jdk.internal.reflect.DelegatingMethodAccessorImpl.invoke(DelegatingMethodAccessorImpl.java:43)
	at java.base/java.lang.reflect.Method.invoke(Method.java:566)
	at org.springframework.aop.support.AopUtils.invokeJoinpointUsingReflection(AopUtils.java:344)
	at org.springframework.aop.framework.JdkDynamicAopProxy.invoke(JdkDynamicAopProxy.java:208)
	at com.sun.proxy.$Proxy2482.loadGjSettings(Unknown Source)
	at com.blackboard.consulting.gradejourney.job.GradesExtractJob.execute(GradesExtractJob.java:55)
	at org.quartz.core.JobRunShell.run(JobRunShell.java:202)
	at org.quartz.simpl.SimpleThreadPool$WorkerThread.run(SimpleThreadPool.java:573)
INFO [2025-09-16 08:29:00][46:c.b.c.gradejourney.job.GradesExtractJob        ] : == Entering execute() of Job CronGJExtract.CronGJExtractJob ==
ERROR[2025-09-16 08:29:00][85:c.b.c.gradejourney.job.GradesExtractJob        ] : Error Loading the settings
java.lang.NullPointerException: null
	at com.blackboard.consulting.gradejourney.service.impl.GradesJourneySettingsServiceImpl.loadGjSettings(GradesJourneySettingsServiceImpl.java:134)
	at jdk.internal.reflect.GeneratedMethodAccessor791.invoke(Unknown Source)
	at java.base/jdk.internal.reflect.DelegatingMethodAccessorImpl.invoke(DelegatingMethodAccessorImpl.java:43)
	at java.base/java.lang.reflect.Method.invoke(Method.java:566)
	at org.springframework.aop.support.AopUtils.invokeJoinpointUsingReflection(AopUtils.java:344)
	at org.springframework.aop.framework.JdkDynamicAopProxy.invoke(JdkDynamicAopProxy.java:208)
	at com.sun.proxy.$Proxy2482.loadGjSettings(Unknown Source)
	at com.blackboard.consulting.gradejourney.job.GradesExtractJob.execute(GradesExtractJob.java:55)
	at org.quartz.core.JobRunShell.run(JobRunShell.java:202)
	at org.quartz.simpl.SimpleThreadPool$WorkerThread.run(SimpleThreadPool.java:573)
INFO [2025-09-16 08:31:00][46:c.b.c.gradejourney.job.GradesExtractJob        ] : == Entering execute() of Job CronGJExtract.CronGJExtractJob ==
ERROR[2025-09-16 08:31:00][85:c.b.c.gradejourney.job.GradesExtractJob        ] : Error Loading the settings
java.lang.NullPointerException: null
	at com.blackboard.consulting.gradejourney.service.impl.GradesJourneySettingsServiceImpl.loadGjSettings(GradesJourneySettingsServiceImpl.java:134)
	at jdk.internal.reflect.GeneratedMethodAccessor791.invoke(Unknown Source)
	at java.base/jdk.internal.reflect.DelegatingMethodAccessorImpl.invoke(DelegatingMethodAccessorImpl.java:43)
	at java.base/java.lang.reflect.Method.invoke(Method.java:566)
	at org.springframework.aop.support.AopUtils.invokeJoinpointUsingReflection(AopUtils.java:344)
	at org.springframework.aop.framework.JdkDynamicAopProxy.invoke(JdkDynamicAopProxy.java:208)
	at com.sun.proxy.$Proxy2482.loadGjSettings(Unknown Source)
	at com.blackboard.consulting.gradejourney.job.GradesExtractJob.execute(GradesExtractJob.java:55)
	at org.quartz.core.JobRunShell.run(JobRunShell.java:202)
	at org.quartz.simpl.SimpleThreadPool$WorkerThread.run(SimpleThreadPool.java:573)
INFO [2025-09-16 08:33:00][46:c.b.c.gradejourney.job.GradesExtractJob        ] : == Entering execute() of Job CronGJExtract.CronGJExtractJob ==
ERROR[2025-09-16 08:33:00][85:c.b.c.gradejourney.job.GradesExtractJob        ] : Error Loading the settings
java.lang.NullPointerException: null
	at com.blackboard.consulting.gradejourney.service.impl.GradesJourneySettingsServiceImpl.loadGjSettings(GradesJourneySettingsServiceImpl.java:134)
	at jdk.internal.reflect.GeneratedMethodAccessor791.invoke(Unknown Source)
	at java.base/jdk.internal.reflect.DelegatingMethodAccessorImpl.invoke(DelegatingMethodAccessorImpl.java:43)
	at java.base/java.lang.reflect.Method.invoke(Method.java:566)
	at org.springframework.aop.support.AopUtils.invokeJoinpointUsingReflection(AopUtils.java:344)
	at org.springframework.aop.framework.JdkDynamicAopProxy.invoke(JdkDynamicAopProxy.java:208)
	at com.sun.proxy.$Proxy2482.loadGjSettings(Unknown Source)
	at com.blackboard.consulting.gradejourney.job.GradesExtractJob.execute(GradesExtractJob.java:55)
	at org.quartz.core.JobRunShell.run(JobRunShell.java:202)
	at org.quartz.simpl.SimpleThreadPool$WorkerThread.run(SimpleThreadPool.java:573)
INFO [2025-09-16 08:35:00][46:c.b.c.gradejourney.job.GradesExtractJob        ] : == Entering execute() of Job CronGJExtract.CronGJExtractJob ==
ERROR[2025-09-16 08:35:00][85:c.b.c.gradejourney.job.GradesExtractJob        ] : Error Loading the settings
java.lang.NullPointerException: null
	at com.blackboard.consulting.gradejourney.service.impl.GradesJourneySettingsServiceImpl.loadGjSettings(GradesJourneySettingsServiceImpl.java:134)
	at jdk.internal.reflect.GeneratedMethodAccessor791.invoke(Unknown Source)
	at java.base/jdk.internal.reflect.DelegatingMethodAccessorImpl.invoke(DelegatingMethodAccessorImpl.java:43)
	at java.base/java.lang.reflect.Method.invoke(Method.java:566)
	at org.springframework.aop.support.AopUtils.invokeJoinpointUsingReflection(AopUtils.java:344)
	at org.springframework.aop.framework.JdkDynamicAopProxy.invoke(JdkDynamicAopProxy.java:208)
	at com.sun.proxy.$Proxy2482.loadGjSettings(Unknown Source)
	at com.blackboard.consulting.gradejourney.job.GradesExtractJob.execute(GradesExtractJob.java:55)
	at org.quartz.core.JobRunShell.run(JobRunShell.java:202)
	at org.quartz.simpl.SimpleThreadPool$WorkerThread.run(SimpleThreadPool.java:573)
INFO [2025-09-16 08:37:00][46:c.b.c.gradejourney.job.GradesExtractJob        ] : == Entering execute() of Job CronGJExtract.CronGJExtractJob ==
ERROR[2025-09-16 08:37:00][85:c.b.c.gradejourney.job.GradesExtractJob        ] : Error Loading the settings
java.lang.NullPointerException: null
	at com.blackboard.consulting.gradejourney.service.impl.GradesJourneySettingsServiceImpl.loadGjSettings(GradesJourneySettingsServiceImpl.java:134)
	at jdk.internal.reflect.GeneratedMethodAccessor791.invoke(Unknown Source)
	at java.base/jdk.internal.reflect.DelegatingMethodAccessorImpl.invoke(DelegatingMethodAccessorImpl.java:43)
	at java.base/java.lang.reflect.Method.invoke(Method.java:566)
	at org.springframework.aop.support.AopUtils.invokeJoinpointUsingReflection(AopUtils.java:344)
	at org.springframework.aop.framework.JdkDynamicAopProxy.invoke(JdkDynamicAopProxy.java:208)
	at com.sun.proxy.$Proxy2482.loadGjSettings(Unknown Source)
	at com.blackboard.consulting.gradejourney.job.GradesExtractJob.execute(GradesExtractJob.java:55)
	at org.quartz.core.JobRunShell.run(JobRunShell.java:202)
	at org.quartz.simpl.SimpleThreadPool$WorkerThread.run(SimpleThreadPool.java:573)
INFO [2025-09-16 08:39:00][46:c.b.c.gradejourney.job.GradesExtractJob        ] : == Entering execute() of Job CronGJExtract.CronGJExtractJob ==
ERROR[2025-09-16 08:39:00][85:c.b.c.gradejourney.job.GradesExtractJob        ] : Error Loading the settings
java.lang.NullPointerException: null
	at com.blackboard.consulting.gradejourney.service.impl.GradesJourneySettingsServiceImpl.loadGjSettings(GradesJourneySettingsServiceImpl.java:134)
	at jdk.internal.reflect.GeneratedMethodAccessor791.invoke(Unknown Source)
	at java.base/jdk.internal.reflect.DelegatingMethodAccessorImpl.invoke(DelegatingMethodAccessorImpl.java:43)
	at java.base/java.lang.reflect.Method.invoke(Method.java:566)
	at org.springframework.aop.support.AopUtils.invokeJoinpointUsingReflection(AopUtils.java:344)
	at org.springframework.aop.framework.JdkDynamicAopProxy.invoke(JdkDynamicAopProxy.java:208)
	at com.sun.proxy.$Proxy2482.loadGjSettings(Unknown Source)
	at com.blackboard.consulting.gradejourney.job.GradesExtractJob.execute(GradesExtractJob.java:55)
	at org.quartz.core.JobRunShell.run(JobRunShell.java:202)
	at org.quartz.simpl.SimpleThreadPool$WorkerThread.run(SimpleThreadPool.java:573)
INFO [2025-09-16 08:41:00][46:c.b.c.gradejourney.job.GradesExtractJob        ] : == Entering execute() of Job CronGJExtract.CronGJExtractJob ==
ERROR[2025-09-16 08:41:00][85:c.b.c.gradejourney.job.GradesExtractJob        ] : Error Loading the settings
java.lang.NullPointerException: null
	at com.blackboard.consulting.gradejourney.service.impl.GradesJourneySettingsServiceImpl.loadGjSettings(GradesJourneySettingsServiceImpl.java:134)
	at jdk.internal.reflect.GeneratedMethodAccessor791.invoke(Unknown Source)
	at java.base/jdk.internal.reflect.DelegatingMethodAccessorImpl.invoke(DelegatingMethodAccessorImpl.java:43)
	at java.base/java.lang.reflect.Method.invoke(Method.java:566)
	at org.springframework.aop.support.AopUtils.invokeJoinpointUsingReflection(AopUtils.java:344)
	at org.springframework.aop.framework.JdkDynamicAopProxy.invoke(JdkDynamicAopProxy.java:208)
	at com.sun.proxy.$Proxy2482.loadGjSettings(Unknown Source)
	at com.blackboard.consulting.gradejourney.job.GradesExtractJob.execute(GradesExtractJob.java:55)
	at org.quartz.core.JobRunShell.run(JobRunShell.java:202)
	at org.quartz.simpl.SimpleThreadPool$WorkerThread.run(SimpleThreadPool.java:573)
INFO [2025-09-16 08:43:00][46:c.b.c.gradejourney.job.GradesExtractJob        ] : == Entering execute() of Job CronGJExtract.CronGJExtractJob ==
ERROR[2025-09-16 08:43:00][85:c.b.c.gradejourney.job.GradesExtractJob        ] : Error Loading the settings
java.lang.NullPointerException: null
	at com.blackboard.consulting.gradejourney.service.impl.GradesJourneySettingsServiceImpl.loadGjSettings(GradesJourneySettingsServiceImpl.java:134)
	at jdk.internal.reflect.GeneratedMethodAccessor791.invoke(Unknown Source)
	at java.base/jdk.internal.reflect.DelegatingMethodAccessorImpl.invoke(DelegatingMethodAccessorImpl.java:43)
	at java.base/java.lang.reflect.Method.invoke(Method.java:566)
	at org.springframework.aop.support.AopUtils.invokeJoinpointUsingReflection(AopUtils.java:344)
	at org.springframework.aop.framework.JdkDynamicAopProxy.invoke(JdkDynamicAopProxy.java:208)
	at com.sun.proxy.$Proxy2482.loadGjSettings(Unknown Source)
	at com.blackboard.consulting.gradejourney.job.GradesExtractJob.execute(GradesExtractJob.java:55)
	at org.quartz.core.JobRunShell.run(JobRunShell.java:202)
	at org.quartz.simpl.SimpleThreadPool$WorkerThread.run(SimpleThreadPool.java:573)
INFO [2025-09-16 08:45:00][46:c.b.c.gradejourney.job.GradesExtractJob        ] : == Entering execute() of Job CronGJExtract.CronGJExtractJob ==
ERROR[2025-09-16 08:45:00][85:c.b.c.gradejourney.job.GradesExtractJob        ] : Error Loading the settings
java.lang.NullPointerException: null
	at com.blackboard.consulting.gradejourney.service.impl.GradesJourneySettingsServiceImpl.loadGjSettings(GradesJourneySettingsServiceImpl.java:134)
	at jdk.internal.reflect.GeneratedMethodAccessor791.invoke(Unknown Source)
	at java.base/jdk.internal.reflect.DelegatingMethodAccessorImpl.invoke(DelegatingMethodAccessorImpl.java:43)
	at java.base/java.lang.reflect.Method.invoke(Method.java:566)
	at org.springframework.aop.support.AopUtils.invokeJoinpointUsingReflection(AopUtils.java:344)
	at org.springframework.aop.framework.JdkDynamicAopProxy.invoke(JdkDynamicAopProxy.java:208)
	at com.sun.proxy.$Proxy2482.loadGjSettings(Unknown Source)
	at com.blackboard.consulting.gradejourney.job.GradesExtractJob.execute(GradesExtractJob.java:55)
	at org.quartz.core.JobRunShell.run(JobRunShell.java:202)
	at org.quartz.simpl.SimpleThreadPool$WorkerThread.run(SimpleThreadPool.java:573)
INFO [2025-09-16 08:47:00][46:c.b.c.gradejourney.job.GradesExtractJob        ] : == Entering execute() of Job CronGJExtract.CronGJExtractJob ==
ERROR[2025-09-16 08:47:00][85:c.b.c.gradejourney.job.GradesExtractJob        ] : Error Loading the settings
java.lang.NullPointerException: null
	at com.blackboard.consulting.gradejourney.service.impl.GradesJourneySettingsServiceImpl.loadGjSettings(GradesJourneySettingsServiceImpl.java:134)
	at jdk.internal.reflect.GeneratedMethodAccessor791.invoke(Unknown Source)
	at java.base/jdk.internal.reflect.DelegatingMethodAccessorImpl.invoke(DelegatingMethodAccessorImpl.java:43)
	at java.base/java.lang.reflect.Method.invoke(Method.java:566)
	at org.springframework.aop.support.AopUtils.invokeJoinpointUsingReflection(AopUtils.java:344)
	at org.springframework.aop.framework.JdkDynamicAopProxy.invoke(JdkDynamicAopProxy.java:208)
	at com.sun.proxy.$Proxy2482.loadGjSettings(Unknown Source)
	at com.blackboard.consulting.gradejourney.job.GradesExtractJob.execute(GradesExtractJob.java:55)
	at org.quartz.core.JobRunShell.run(JobRunShell.java:202)
	at org.quartz.simpl.SimpleThreadPool$WorkerThread.run(SimpleThreadPool.java:573)
INFO [2025-09-16 08:48:00][46:c.b.c.gradejourney.job.GradesExtractJob        ] : == Entering execute() of Job CronGJExtract.CronGJExtractJob ==
ERROR[2025-09-16 08:48:00][85:c.b.c.gradejourney.job.GradesExtractJob        ] : Error Loading the settings
java.lang.NullPointerException: null
	at com.blackboard.consulting.gradejourney.service.impl.GradesJourneySettingsServiceImpl.loadGjSettings(GradesJourneySettingsServiceImpl.java:134)
	at jdk.internal.reflect.GeneratedMethodAccessor791.invoke(Unknown Source)
	at java.base/jdk.internal.reflect.DelegatingMethodAccessorImpl.invoke(DelegatingMethodAccessorImpl.java:43)
	at java.base/java.lang.reflect.Method.invoke(Method.java:566)
	at org.springframework.aop.support.AopUtils.invokeJoinpointUsingReflection(AopUtils.java:344)
	at org.springframework.aop.framework.JdkDynamicAopProxy.invoke(JdkDynamicAopProxy.java:208)
	at com.sun.proxy.$Proxy2482.loadGjSettings(Unknown Source)
	at com.blackboard.consulting.gradejourney.job.GradesExtractJob.execute(GradesExtractJob.java:55)
	at org.quartz.core.JobRunShell.run(JobRunShell.java:202)
	at org.quartz.simpl.SimpleThreadPool$WorkerThread.run(SimpleThreadPool.java:573)
INFO [2025-09-16 08:50:00][46:c.b.c.gradejourney.job.GradesExtractJob        ] : == Entering execute() of Job CronGJExtract.CronGJExtractJob ==
ERROR[2025-09-16 08:50:00][85:c.b.c.gradejourney.job.GradesExtractJob        ] : Error Loading the settings
java.lang.NullPointerException: null
	at com.blackboard.consulting.gradejourney.service.impl.GradesJourneySettingsServiceImpl.loadGjSettings(GradesJourneySettingsServiceImpl.java:134)
	at jdk.internal.reflect.GeneratedMethodAccessor791.invoke(Unknown Source)
	at java.base/jdk.internal.reflect.DelegatingMethodAccessorImpl.invoke(DelegatingMethodAccessorImpl.java:43)
	at java.base/java.lang.reflect.Method.invoke(Method.java:566)
	at org.springframework.aop.support.AopUtils.invokeJoinpointUsingReflection(AopUtils.java:344)
	at org.springframework.aop.framework.JdkDynamicAopProxy.invoke(JdkDynamicAopProxy.java:208)
	at com.sun.proxy.$Proxy2482.loadGjSettings(Unknown Source)
	at com.blackboard.consulting.gradejourney.job.GradesExtractJob.execute(GradesExtractJob.java:55)
	at org.quartz.core.JobRunShell.run(JobRunShell.java:202)
	at org.quartz.simpl.SimpleThreadPool$WorkerThread.run(SimpleThreadPool.java:573)
INFO [2025-09-16 08:52:00][46:c.b.c.gradejourney.job.GradesExtractJob        ] : == Entering execute() of Job CronGJExtract.CronGJExtractJob ==
ERROR[2025-09-16 08:52:00][85:c.b.c.gradejourney.job.GradesExtractJob        ] : Error Loading the settings
java.lang.NullPointerException: null
	at com.blackboard.consulting.gradejourney.service.impl.GradesJourneySettingsServiceImpl.loadGjSettings(GradesJourneySettingsServiceImpl.java:134)
	at jdk.internal.reflect.GeneratedMethodAccessor791.invoke(Unknown Source)
	at java.base/jdk.internal.reflect.DelegatingMethodAccessorImpl.invoke(DelegatingMethodAccessorImpl.java:43)
	at java.base/java.lang.reflect.Method.invoke(Method.java:566)
	at org.springframework.aop.support.AopUtils.invokeJoinpointUsingReflection(AopUtils.java:344)
	at org.springframework.aop.framework.JdkDynamicAopProxy.invoke(JdkDynamicAopProxy.java:208)
	at com.sun.proxy.$Proxy2482.loadGjSettings(Unknown Source)
	at com.blackboard.consulting.gradejourney.job.GradesExtractJob.execute(GradesExtractJob.java:55)
	at org.quartz.core.JobRunShell.run(JobRunShell.java:202)
	at org.quartz.simpl.SimpleThreadPool$WorkerThread.run(SimpleThreadPool.java:573)
INFO [2025-09-16 08:54:00][46:c.b.c.gradejourney.job.GradesExtractJob        ] : == Entering execute() of Job CronGJExtract.CronGJExtractJob ==
ERROR[2025-09-16 08:54:00][85:c.b.c.gradejourney.job.GradesExtractJob        ] : Error Loading the settings
java.lang.NullPointerException: null
	at com.blackboard.consulting.gradejourney.service.impl.GradesJourneySettingsServiceImpl.loadGjSettings(GradesJourneySettingsServiceImpl.java:134)
	at jdk.internal.reflect.GeneratedMethodAccessor791.invoke(Unknown Source)
	at java.base/jdk.internal.reflect.DelegatingMethodAccessorImpl.invoke(DelegatingMethodAccessorImpl.java:43)
	at java.base/java.lang.reflect.Method.invoke(Method.java:566)
	at org.springframework.aop.support.AopUtils.invokeJoinpointUsingReflection(AopUtils.java:344)
	at org.springframework.aop.framework.JdkDynamicAopProxy.invoke(JdkDynamicAopProxy.java:208)
	at com.sun.proxy.$Proxy2482.loadGjSettings(Unknown Source)
	at com.blackboard.consulting.gradejourney.job.GradesExtractJob.execute(GradesExtractJob.java:55)
	at org.quartz.core.JobRunShell.run(JobRunShell.java:202)
	at org.quartz.simpl.SimpleThreadPool$WorkerThread.run(SimpleThreadPool.java:573)
INFO [2025-09-16 08:56:00][46:c.b.c.gradejourney.job.GradesExtractJob        ] : == Entering execute() of Job CronGJExtract.CronGJExtractJob ==
ERROR[2025-09-16 08:56:00][85:c.b.c.gradejourney.job.GradesExtractJob        ] : Error Loading the settings
java.lang.NullPointerException: null
	at com.blackboard.consulting.gradejourney.service.impl.GradesJourneySettingsServiceImpl.loadGjSettings(GradesJourneySettingsServiceImpl.java:134)
	at jdk.internal.reflect.GeneratedMethodAccessor791.invoke(Unknown Source)
	at java.base/jdk.internal.reflect.DelegatingMethodAccessorImpl.invoke(DelegatingMethodAccessorImpl.java:43)
	at java.base/java.lang.reflect.Method.invoke(Method.java:566)
	at org.springframework.aop.support.AopUtils.invokeJoinpointUsingReflection(AopUtils.java:344)
	at org.springframework.aop.framework.JdkDynamicAopProxy.invoke(JdkDynamicAopProxy.java:208)
	at com.sun.proxy.$Proxy2482.loadGjSettings(Unknown Source)
	at com.blackboard.consulting.gradejourney.job.GradesExtractJob.execute(GradesExtractJob.java:55)
	at org.quartz.core.JobRunShell.run(JobRunShell.java:202)
	at org.quartz.simpl.SimpleThreadPool$WorkerThread.run(SimpleThreadPool.java:573)
INFO [2025-09-16 08:58:00][46:c.b.c.gradejourney.job.GradesExtractJob        ] : == Entering execute() of Job CronGJExtract.CronGJExtractJob ==
ERROR[2025-09-16 08:58:00][85:c.b.c.gradejourney.job.GradesExtractJob        ] : Error Loading the settings
java.lang.NullPointerException: null
	at com.blackboard.consulting.gradejourney.service.impl.GradesJourneySettingsServiceImpl.loadGjSettings(GradesJourneySettingsServiceImpl.java:134)
	at jdk.internal.reflect.GeneratedMethodAccessor791.invoke(Unknown Source)
	at java.base/jdk.internal.reflect.DelegatingMethodAccessorImpl.invoke(DelegatingMethodAccessorImpl.java:43)
	at java.base/java.lang.reflect.Method.invoke(Method.java:566)
	at org.springframework.aop.support.AopUtils.invokeJoinpointUsingReflection(AopUtils.java:344)
	at org.springframework.aop.framework.JdkDynamicAopProxy.invoke(JdkDynamicAopProxy.java:208)
	at com.sun.proxy.$Proxy2482.loadGjSettings(Unknown Source)
	at com.blackboard.consulting.gradejourney.job.GradesExtractJob.execute(GradesExtractJob.java:55)
	at org.quartz.core.JobRunShell.run(JobRunShell.java:202)
	at org.quartz.simpl.SimpleThreadPool$WorkerThread.run(SimpleThreadPool.java:573)
INFO [2025-09-16 09:00:00][46:c.b.c.gradejourney.job.GradesExtractJob        ] : == Entering execute() of Job CronGJExtract.CronGJExtractJob ==
ERROR[2025-09-16 09:00:00][85:c.b.c.gradejourney.job.GradesExtractJob        ] : Error Loading the settings
java.lang.NullPointerException: null
	at com.blackboard.consulting.gradejourney.service.impl.GradesJourneySettingsServiceImpl.loadGjSettings(GradesJourneySettingsServiceImpl.java:134)
	at jdk.internal.reflect.GeneratedMethodAccessor791.invoke(Unknown Source)
	at java.base/jdk.internal.reflect.DelegatingMethodAccessorImpl.invoke(DelegatingMethodAccessorImpl.java:43)
	at java.base/java.lang.reflect.Method.invoke(Method.java:566)
	at org.springframework.aop.support.AopUtils.invokeJoinpointUsingReflection(AopUtils.java:344)
	at org.springframework.aop.framework.JdkDynamicAopProxy.invoke(JdkDynamicAopProxy.java:208)
	at com.sun.proxy.$Proxy2482.loadGjSettings(Unknown Source)
	at com.blackboard.consulting.gradejourney.job.GradesExtractJob.execute(GradesExtractJob.java:55)
	at org.quartz.core.JobRunShell.run(JobRunShell.java:202)
	at org.quartz.simpl.SimpleThreadPool$WorkerThread.run(SimpleThreadPool.java:573)
INFO [2025-09-16 09:00:00][133:c.b.c.g.j.GradeExportLogTransferScheduler     ] : File copied to Content folder: x-bbgs-consulting-central-grade-export.2025-09-16-ip-10-146-219-157.ec2.internal.log
INFO [2025-09-16 09:02:00][46:c.b.c.gradejourney.job.GradesExtractJob        ] : == Entering execute() of Job CronGJExtract.CronGJExtractJob ==
ERROR[2025-09-16 09:02:00][85:c.b.c.gradejourney.job.GradesExtractJob        ] : Error Loading the settings
java.lang.NullPointerException: null
	at com.blackboard.consulting.gradejourney.service.impl.GradesJourneySettingsServiceImpl.loadGjSettings(GradesJourneySettingsServiceImpl.java:134)
	at jdk.internal.reflect.GeneratedMethodAccessor791.invoke(Unknown Source)
	at java.base/jdk.internal.reflect.DelegatingMethodAccessorImpl.invoke(DelegatingMethodAccessorImpl.java:43)
	at java.base/java.lang.reflect.Method.invoke(Method.java:566)
	at org.springframework.aop.support.AopUtils.invokeJoinpointUsingReflection(AopUtils.java:344)
	at org.springframework.aop.framework.JdkDynamicAopProxy.invoke(JdkDynamicAopProxy.java:208)
	at com.sun.proxy.$Proxy2482.loadGjSettings(Unknown Source)
	at com.blackboard.consulting.gradejourney.job.GradesExtractJob.execute(GradesExtractJob.java:55)
	at org.quartz.core.JobRunShell.run(JobRunShell.java:202)
	at org.quartz.simpl.SimpleThreadPool$WorkerThread.run(SimpleThreadPool.java:573)
INFO [2025-09-16 09:04:00][46:c.b.c.gradejourney.job.GradesExtractJob        ] : == Entering execute() of Job CronGJExtract.CronGJExtractJob ==
ERROR[2025-09-16 09:04:00][85:c.b.c.gradejourney.job.GradesExtractJob        ] : Error Loading the settings
java.lang.NullPointerException: null
	at com.blackboard.consulting.gradejourney.service.impl.GradesJourneySettingsServiceImpl.loadGjSettings(GradesJourneySettingsServiceImpl.java:134)
	at jdk.internal.reflect.GeneratedMethodAccessor791.invoke(Unknown Source)
	at java.base/jdk.internal.reflect.DelegatingMethodAccessorImpl.invoke(DelegatingMethodAccessorImpl.java:43)
	at java.base/java.lang.reflect.Method.invoke(Method.java:566)
	at org.springframework.aop.support.AopUtils.invokeJoinpointUsingReflection(AopUtils.java:344)
	at org.springframework.aop.framework.JdkDynamicAopProxy.invoke(JdkDynamicAopProxy.java:208)
	at com.sun.proxy.$Proxy2482.loadGjSettings(Unknown Source)
	at com.blackboard.consulting.gradejourney.job.GradesExtractJob.execute(GradesExtractJob.java:55)
	at org.quartz.core.JobRunShell.run(JobRunShell.java:202)
	at org.quartz.simpl.SimpleThreadPool$WorkerThread.run(SimpleThreadPool.java:573)
INFO [2025-09-16 09:06:00][46:c.b.c.gradejourney.job.GradesExtractJob        ] : == Entering execute() of Job CronGJExtract.CronGJExtractJob ==
ERROR[2025-09-16 09:06:00][85:c.b.c.gradejourney.job.GradesExtractJob        ] : Error Loading the settings
java.lang.NullPointerException: null
	at com.blackboard.consulting.gradejourney.service.impl.GradesJourneySettingsServiceImpl.loadGjSettings(GradesJourneySettingsServiceImpl.java:134)
	at jdk.internal.reflect.GeneratedMethodAccessor791.invoke(Unknown Source)
	at java.base/jdk.internal.reflect.DelegatingMethodAccessorImpl.invoke(DelegatingMethodAccessorImpl.java:43)
	at java.base/java.lang.reflect.Method.invoke(Method.java:566)
	at org.springframework.aop.support.AopUtils.invokeJoinpointUsingReflection(AopUtils.java:344)
	at org.springframework.aop.framework.JdkDynamicAopProxy.invoke(JdkDynamicAopProxy.java:208)
	at com.sun.proxy.$Proxy2482.loadGjSettings(Unknown Source)
	at com.blackboard.consulting.gradejourney.job.GradesExtractJob.execute(GradesExtractJob.java:55)
	at org.quartz.core.JobRunShell.run(JobRunShell.java:202)
	at org.quartz.simpl.SimpleThreadPool$WorkerThread.run(SimpleThreadPool.java:573)
INFO [2025-09-16 09:08:00][46:c.b.c.gradejourney.job.GradesExtractJob        ] : == Entering execute() of Job CronGJExtract.CronGJExtractJob ==
ERROR[2025-09-16 09:08:00][85:c.b.c.gradejourney.job.GradesExtractJob        ] : Error Loading the settings
java.lang.NullPointerException: null
	at com.blackboard.consulting.gradejourney.service.impl.GradesJourneySettingsServiceImpl.loadGjSettings(GradesJourneySettingsServiceImpl.java:134)
	at jdk.internal.reflect.GeneratedMethodAccessor791.invoke(Unknown Source)
	at java.base/jdk.internal.reflect.DelegatingMethodAccessorImpl.invoke(DelegatingMethodAccessorImpl.java:43)
	at java.base/java.lang.reflect.Method.invoke(Method.java:566)
	at org.springframework.aop.support.AopUtils.invokeJoinpointUsingReflection(AopUtils.java:344)
	at org.springframework.aop.framework.JdkDynamicAopProxy.invoke(JdkDynamicAopProxy.java:208)
	at com.sun.proxy.$Proxy2482.loadGjSettings(Unknown Source)
	at com.blackboard.consulting.gradejourney.job.GradesExtractJob.execute(GradesExtractJob.java:55)
	at org.quartz.core.JobRunShell.run(JobRunShell.java:202)
	at org.quartz.simpl.SimpleThreadPool$WorkerThread.run(SimpleThreadPool.java:573)
INFO [2025-09-16 09:10:00][46:c.b.c.gradejourney.job.GradesExtractJob        ] : == Entering execute() of Job CronGJExtract.CronGJExtractJob ==
ERROR[2025-09-16 09:10:00][85:c.b.c.gradejourney.job.GradesExtractJob        ] : Error Loading the settings
java.lang.NullPointerException: null
	at com.blackboard.consulting.gradejourney.service.impl.GradesJourneySettingsServiceImpl.loadGjSettings(GradesJourneySettingsServiceImpl.java:134)
	at jdk.internal.reflect.GeneratedMethodAccessor791.invoke(Unknown Source)
	at java.base/jdk.internal.reflect.DelegatingMethodAccessorImpl.invoke(DelegatingMethodAccessorImpl.java:43)
	at java.base/java.lang.reflect.Method.invoke(Method.java:566)
	at org.springframework.aop.support.AopUtils.invokeJoinpointUsingReflection(AopUtils.java:344)
	at org.springframework.aop.framework.JdkDynamicAopProxy.invoke(JdkDynamicAopProxy.java:208)
	at com.sun.proxy.$Proxy2482.loadGjSettings(Unknown Source)
	at com.blackboard.consulting.gradejourney.job.GradesExtractJob.execute(GradesExtractJob.java:55)
	at org.quartz.core.JobRunShell.run(JobRunShell.java:202)
	at org.quartz.simpl.SimpleThreadPool$WorkerThread.run(SimpleThreadPool.java:573)
INFO [2025-09-16 09:12:00][46:c.b.c.gradejourney.job.GradesExtractJob        ] : == Entering execute() of Job CronGJExtract.CronGJExtractJob ==
ERROR[2025-09-16 09:12:00][85:c.b.c.gradejourney.job.GradesExtractJob        ] : Error Loading the settings
java.lang.NullPointerException: null
	at com.blackboard.consulting.gradejourney.service.impl.GradesJourneySettingsServiceImpl.loadGjSettings(GradesJourneySettingsServiceImpl.java:134)
	at jdk.internal.reflect.GeneratedMethodAccessor791.invoke(Unknown Source)
	at java.base/jdk.internal.reflect.DelegatingMethodAccessorImpl.invoke(DelegatingMethodAccessorImpl.java:43)
	at java.base/java.lang.reflect.Method.invoke(Method.java:566)
	at org.springframework.aop.support.AopUtils.invokeJoinpointUsingReflection(AopUtils.java:344)
	at org.springframework.aop.framework.JdkDynamicAopProxy.invoke(JdkDynamicAopProxy.java:208)
	at com.sun.proxy.$Proxy2482.loadGjSettings(Unknown Source)
	at com.blackboard.consulting.gradejourney.job.GradesExtractJob.execute(GradesExtractJob.java:55)
	at org.quartz.core.JobRunShell.run(JobRunShell.java:202)
	at org.quartz.simpl.SimpleThreadPool$WorkerThread.run(SimpleThreadPool.java:573)
INFO [2025-09-16 09:13:00][46:c.b.c.gradejourney.job.GradesExtractJob        ] : == Entering execute() of Job CronGJExtract.CronGJExtractJob ==
ERROR[2025-09-16 09:13:00][85:c.b.c.gradejourney.job.GradesExtractJob        ] : Error Loading the settings
java.lang.NullPointerException: null
	at com.blackboard.consulting.gradejourney.service.impl.GradesJourneySettingsServiceImpl.loadGjSettings(GradesJourneySettingsServiceImpl.java:134)
	at jdk.internal.reflect.GeneratedMethodAccessor791.invoke(Unknown Source)
	at java.base/jdk.internal.reflect.DelegatingMethodAccessorImpl.invoke(DelegatingMethodAccessorImpl.java:43)
	at java.base/java.lang.reflect.Method.invoke(Method.java:566)
	at org.springframework.aop.support.AopUtils.invokeJoinpointUsingReflection(AopUtils.java:344)
	at org.springframework.aop.framework.JdkDynamicAopProxy.invoke(JdkDynamicAopProxy.java:208)
	at com.sun.proxy.$Proxy2482.loadGjSettings(Unknown Source)
	at com.blackboard.consulting.gradejourney.job.GradesExtractJob.execute(GradesExtractJob.java:55)
	at org.quartz.core.JobRunShell.run(JobRunShell.java:202)
	at org.quartz.simpl.SimpleThreadPool$WorkerThread.run(SimpleThreadPool.java:573)
INFO [2025-09-16 09:16:00][46:c.b.c.gradejourney.job.GradesExtractJob        ] : == Entering execute() of Job CronGJExtract.CronGJExtractJob ==
ERROR[2025-09-16 09:16:00][85:c.b.c.gradejourney.job.GradesExtractJob        ] : Error Loading the settings
java.lang.NullPointerException: null
	at com.blackboard.consulting.gradejourney.service.impl.GradesJourneySettingsServiceImpl.loadGjSettings(GradesJourneySettingsServiceImpl.java:134)
	at jdk.internal.reflect.GeneratedMethodAccessor791.invoke(Unknown Source)
	at java.base/jdk.internal.reflect.DelegatingMethodAccessorImpl.invoke(DelegatingMethodAccessorImpl.java:43)
	at java.base/java.lang.reflect.Method.invoke(Method.java:566)
	at org.springframework.aop.support.AopUtils.invokeJoinpointUsingReflection(AopUtils.java:344)
	at org.springframework.aop.framework.JdkDynamicAopProxy.invoke(JdkDynamicAopProxy.java:208)
	at com.sun.proxy.$Proxy2482.loadGjSettings(Unknown Source)
	at com.blackboard.consulting.gradejourney.job.GradesExtractJob.execute(GradesExtractJob.java:55)
	at org.quartz.core.JobRunShell.run(JobRunShell.java:202)
	at org.quartz.simpl.SimpleThreadPool$WorkerThread.run(SimpleThreadPool.java:573)
INFO [2025-09-16 09:18:00][46:c.b.c.gradejourney.job.GradesExtractJob        ] : == Entering execute() of Job CronGJExtract.CronGJExtractJob ==
ERROR[2025-09-16 09:18:00][85:c.b.c.gradejourney.job.GradesExtractJob        ] : Error Loading the settings
java.lang.NullPointerException: null
	at com.blackboard.consulting.gradejourney.service.impl.GradesJourneySettingsServiceImpl.loadGjSettings(GradesJourneySettingsServiceImpl.java:134)
	at jdk.internal.reflect.GeneratedMethodAccessor791.invoke(Unknown Source)
	at java.base/jdk.internal.reflect.DelegatingMethodAccessorImpl.invoke(DelegatingMethodAccessorImpl.java:43)
	at java.base/java.lang.reflect.Method.invoke(Method.java:566)
	at org.springframework.aop.support.AopUtils.invokeJoinpointUsingReflection(AopUtils.java:344)
	at org.springframework.aop.framework.JdkDynamicAopProxy.invoke(JdkDynamicAopProxy.java:208)
	at com.sun.proxy.$Proxy2482.loadGjSettings(Unknown Source)
	at com.blackboard.consulting.gradejourney.job.GradesExtractJob.execute(GradesExtractJob.java:55)
	at org.quartz.core.JobRunShell.run(JobRunShell.java:202)
	at org.quartz.simpl.SimpleThreadPool$WorkerThread.run(SimpleThreadPool.java:573)
INFO [2025-09-16 09:20:00][46:c.b.c.gradejourney.job.GradesExtractJob        ] : == Entering execute() of Job CronGJExtract.CronGJExtractJob ==
ERROR[2025-09-16 09:20:00][85:c.b.c.gradejourney.job.GradesExtractJob        ] : Error Loading the settings
java.lang.NullPointerException: null
	at com.blackboard.consulting.gradejourney.service.impl.GradesJourneySettingsServiceImpl.loadGjSettings(GradesJourneySettingsServiceImpl.java:134)
	at jdk.internal.reflect.GeneratedMethodAccessor791.invoke(Unknown Source)
	at java.base/jdk.internal.reflect.DelegatingMethodAccessorImpl.invoke(DelegatingMethodAccessorImpl.java:43)
	at java.base/java.lang.reflect.Method.invoke(Method.java:566)
	at org.springframework.aop.support.AopUtils.invokeJoinpointUsingReflection(AopUtils.java:344)
	at org.springframework.aop.framework.JdkDynamicAopProxy.invoke(JdkDynamicAopProxy.java:208)
	at com.sun.proxy.$Proxy2482.loadGjSettings(Unknown Source)
	at com.blackboard.consulting.gradejourney.job.GradesExtractJob.execute(GradesExtractJob.java:55)
	at org.quartz.core.JobRunShell.run(JobRunShell.java:202)
	at org.quartz.simpl.SimpleThreadPool$WorkerThread.run(SimpleThreadPool.java:573)
INFO [2025-09-16 09:23:00][46:c.b.c.gradejourney.job.GradesExtractJob        ] : == Entering execute() of Job CronGJExtract.CronGJExtractJob ==
ERROR[2025-09-16 09:23:00][85:c.b.c.gradejourney.job.GradesExtractJob        ] : Error Loading the settings
java.lang.NullPointerException: null
	at com.blackboard.consulting.gradejourney.service.impl.GradesJourneySettingsServiceImpl.loadGjSettings(GradesJourneySettingsServiceImpl.java:134)
	at jdk.internal.reflect.GeneratedMethodAccessor791.invoke(Unknown Source)
	at java.base/jdk.internal.reflect.DelegatingMethodAccessorImpl.invoke(DelegatingMethodAccessorImpl.java:43)
	at java.base/java.lang.reflect.Method.invoke(Method.java:566)
	at org.springframework.aop.support.AopUtils.invokeJoinpointUsingReflection(AopUtils.java:344)
	at org.springframework.aop.framework.JdkDynamicAopProxy.invoke(JdkDynamicAopProxy.java:208)
	at com.sun.proxy.$Proxy2482.loadGjSettings(Unknown Source)
	at com.blackboard.consulting.gradejourney.job.GradesExtractJob.execute(GradesExtractJob.java:55)
	at org.quartz.core.JobRunShell.run(JobRunShell.java:202)
	at org.quartz.simpl.SimpleThreadPool$WorkerThread.run(SimpleThreadPool.java:573)
INFO [2025-09-16 09:25:00][46:c.b.c.gradejourney.job.GradesExtractJob        ] : == Entering execute() of Job CronGJExtract.CronGJExtractJob ==
ERROR[2025-09-16 09:25:00][85:c.b.c.gradejourney.job.GradesExtractJob        ] : Error Loading the settings
java.lang.NullPointerException: null
	at com.blackboard.consulting.gradejourney.service.impl.GradesJourneySettingsServiceImpl.loadGjSettings(GradesJourneySettingsServiceImpl.java:134)
	at jdk.internal.reflect.GeneratedMethodAccessor791.invoke(Unknown Source)
	at java.base/jdk.internal.reflect.DelegatingMethodAccessorImpl.invoke(DelegatingMethodAccessorImpl.java:43)
	at java.base/java.lang.reflect.Method.invoke(Method.java:566)
	at org.springframework.aop.support.AopUtils.invokeJoinpointUsingReflection(AopUtils.java:344)
	at org.springframework.aop.framework.JdkDynamicAopProxy.invoke(JdkDynamicAopProxy.java:208)
	at com.sun.proxy.$Proxy2482.loadGjSettings(Unknown Source)
	at com.blackboard.consulting.gradejourney.job.GradesExtractJob.execute(GradesExtractJob.java:55)
	at org.quartz.core.JobRunShell.run(JobRunShell.java:202)
	at org.quartz.simpl.SimpleThreadPool$WorkerThread.run(SimpleThreadPool.java:573)
INFO [2025-09-16 09:27:00][46:c.b.c.gradejourney.job.GradesExtractJob        ] : == Entering execute() of Job CronGJExtract.CronGJExtractJob ==
ERROR[2025-09-16 09:27:00][85:c.b.c.gradejourney.job.GradesExtractJob        ] : Error Loading the settings
java.lang.NullPointerException: null
	at com.blackboard.consulting.gradejourney.service.impl.GradesJourneySettingsServiceImpl.loadGjSettings(GradesJourneySettingsServiceImpl.java:134)
	at jdk.internal.reflect.GeneratedMethodAccessor791.invoke(Unknown Source)
	at java.base/jdk.internal.reflect.DelegatingMethodAccessorImpl.invoke(DelegatingMethodAccessorImpl.java:43)
	at java.base/java.lang.reflect.Method.invoke(Method.java:566)
	at org.springframework.aop.support.AopUtils.invokeJoinpointUsingReflection(AopUtils.java:344)
	at org.springframework.aop.framework.JdkDynamicAopProxy.invoke(JdkDynamicAopProxy.java:208)
	at com.sun.proxy.$Proxy2482.loadGjSettings(Unknown Source)
	at com.blackboard.consulting.gradejourney.job.GradesExtractJob.execute(GradesExtractJob.java:55)
	at org.quartz.core.JobRunShell.run(JobRunShell.java:202)
	at org.quartz.simpl.SimpleThreadPool$WorkerThread.run(SimpleThreadPool.java:573)
INFO [2025-09-16 09:29:00][46:c.b.c.gradejourney.job.GradesExtractJob        ] : == Entering execute() of Job CronGJExtract.CronGJExtractJob ==
ERROR[2025-09-16 09:29:00][85:c.b.c.gradejourney.job.GradesExtractJob        ] : Error Loading the settings
java.lang.NullPointerException: null
	at com.blackboard.consulting.gradejourney.service.impl.GradesJourneySettingsServiceImpl.loadGjSettings(GradesJourneySettingsServiceImpl.java:134)
	at jdk.internal.reflect.GeneratedMethodAccessor791.invoke(Unknown Source)
	at java.base/jdk.internal.reflect.DelegatingMethodAccessorImpl.invoke(DelegatingMethodAccessorImpl.java:43)
	at java.base/java.lang.reflect.Method.invoke(Method.java:566)
	at org.springframework.aop.support.AopUtils.invokeJoinpointUsingReflection(AopUtils.java:344)
	at org.springframework.aop.framework.JdkDynamicAopProxy.invoke(JdkDynamicAopProxy.java:208)
	at com.sun.proxy.$Proxy2482.loadGjSettings(Unknown Source)
	at com.blackboard.consulting.gradejourney.job.GradesExtractJob.execute(GradesExtractJob.java:55)
	at org.quartz.core.JobRunShell.run(JobRunShell.java:202)
	at org.quartz.simpl.SimpleThreadPool$WorkerThread.run(SimpleThreadPool.java:573)
INFO [2025-09-16 09:31:00][46:c.b.c.gradejourney.job.GradesExtractJob        ] : == Entering execute() of Job CronGJExtract.CronGJExtractJob ==
ERROR[2025-09-16 09:31:00][85:c.b.c.gradejourney.job.GradesExtractJob        ] : Error Loading the settings
java.lang.NullPointerException: null
	at com.blackboard.consulting.gradejourney.service.impl.GradesJourneySettingsServiceImpl.loadGjSettings(GradesJourneySettingsServiceImpl.java:134)
	at jdk.internal.reflect.GeneratedMethodAccessor791.invoke(Unknown Source)
	at java.base/jdk.internal.reflect.DelegatingMethodAccessorImpl.invoke(DelegatingMethodAccessorImpl.java:43)
	at java.base/java.lang.reflect.Method.invoke(Method.java:566)
	at org.springframework.aop.support.AopUtils.invokeJoinpointUsingReflection(AopUtils.java:344)
	at org.springframework.aop.framework.JdkDynamicAopProxy.invoke(JdkDynamicAopProxy.java:208)
	at com.sun.proxy.$Proxy2482.loadGjSettings(Unknown Source)
	at com.blackboard.consulting.gradejourney.job.GradesExtractJob.execute(GradesExtractJob.java:55)
	at org.quartz.core.JobRunShell.run(JobRunShell.java:202)
	at org.quartz.simpl.SimpleThreadPool$WorkerThread.run(SimpleThreadPool.java:573)
INFO [2025-09-16 09:33:00][46:c.b.c.gradejourney.job.GradesExtractJob        ] : == Entering execute() of Job CronGJExtract.CronGJExtractJob ==
ERROR[2025-09-16 09:33:00][85:c.b.c.gradejourney.job.GradesExtractJob        ] : Error Loading the settings
java.lang.NullPointerException: null
	at com.blackboard.consulting.gradejourney.service.impl.GradesJourneySettingsServiceImpl.loadGjSettings(GradesJourneySettingsServiceImpl.java:134)
	at jdk.internal.reflect.GeneratedMethodAccessor791.invoke(Unknown Source)
	at java.base/jdk.internal.reflect.DelegatingMethodAccessorImpl.invoke(DelegatingMethodAccessorImpl.java:43)
	at java.base/java.lang.reflect.Method.invoke(Method.java:566)
	at org.springframework.aop.support.AopUtils.invokeJoinpointUsingReflection(AopUtils.java:344)
	at org.springframework.aop.framework.JdkDynamicAopProxy.invoke(JdkDynamicAopProxy.java:208)
	at com.sun.proxy.$Proxy2482.loadGjSettings(Unknown Source)
	at com.blackboard.consulting.gradejourney.job.GradesExtractJob.execute(GradesExtractJob.java:55)
	at org.quartz.core.JobRunShell.run(JobRunShell.java:202)
	at org.quartz.simpl.SimpleThreadPool$WorkerThread.run(SimpleThreadPool.java:573)
INFO [2025-09-16 09:35:00][46:c.b.c.gradejourney.job.GradesExtractJob        ] : == Entering execute() of Job CronGJExtract.CronGJExtractJob ==
ERROR[2025-09-16 09:35:00][85:c.b.c.gradejourney.job.GradesExtractJob        ] : Error Loading the settings
java.lang.NullPointerException: null
	at com.blackboard.consulting.gradejourney.service.impl.GradesJourneySettingsServiceImpl.loadGjSettings(GradesJourneySettingsServiceImpl.java:134)
	at jdk.internal.reflect.GeneratedMethodAccessor791.invoke(Unknown Source)
	at java.base/jdk.internal.reflect.DelegatingMethodAccessorImpl.invoke(DelegatingMethodAccessorImpl.java:43)
	at java.base/java.lang.reflect.Method.invoke(Method.java:566)
	at org.springframework.aop.support.AopUtils.invokeJoinpointUsingReflection(AopUtils.java:344)
	at org.springframework.aop.framework.JdkDynamicAopProxy.invoke(JdkDynamicAopProxy.java:208)
	at com.sun.proxy.$Proxy2482.loadGjSettings(Unknown Source)
	at com.blackboard.consulting.gradejourney.job.GradesExtractJob.execute(GradesExtractJob.java:55)
	at org.quartz.core.JobRunShell.run(JobRunShell.java:202)
	at org.quartz.simpl.SimpleThreadPool$WorkerThread.run(SimpleThreadPool.java:573)
INFO [2025-09-16 09:37:00][46:c.b.c.gradejourney.job.GradesExtractJob        ] : == Entering execute() of Job CronGJExtract.CronGJExtractJob ==
ERROR[2025-09-16 09:37:00][85:c.b.c.gradejourney.job.GradesExtractJob        ] : Error Loading the settings
java.lang.NullPointerException: null
	at com.blackboard.consulting.gradejourney.service.impl.GradesJourneySettingsServiceImpl.loadGjSettings(GradesJourneySettingsServiceImpl.java:134)
	at jdk.internal.reflect.GeneratedMethodAccessor791.invoke(Unknown Source)
	at java.base/jdk.internal.reflect.DelegatingMethodAccessorImpl.invoke(DelegatingMethodAccessorImpl.java:43)
	at java.base/java.lang.reflect.Method.invoke(Method.java:566)
	at org.springframework.aop.support.AopUtils.invokeJoinpointUsingReflection(AopUtils.java:344)
	at org.springframework.aop.framework.JdkDynamicAopProxy.invoke(JdkDynamicAopProxy.java:208)
	at com.sun.proxy.$Proxy2482.loadGjSettings(Unknown Source)
	at com.blackboard.consulting.gradejourney.job.GradesExtractJob.execute(GradesExtractJob.java:55)
	at org.quartz.core.JobRunShell.run(JobRunShell.java:202)
	at org.quartz.simpl.SimpleThreadPool$WorkerThread.run(SimpleThreadPool.java:573)
INFO [2025-09-16 09:39:00][46:c.b.c.gradejourney.job.GradesExtractJob        ] : == Entering execute() of Job CronGJExtract.CronGJExtractJob ==
ERROR[2025-09-16 09:39:00][85:c.b.c.gradejourney.job.GradesExtractJob        ] : Error Loading the settings
java.lang.NullPointerException: null
	at com.blackboard.consulting.gradejourney.service.impl.GradesJourneySettingsServiceImpl.loadGjSettings(GradesJourneySettingsServiceImpl.java:134)
	at jdk.internal.reflect.GeneratedMethodAccessor791.invoke(Unknown Source)
	at java.base/jdk.internal.reflect.DelegatingMethodAccessorImpl.invoke(DelegatingMethodAccessorImpl.java:43)
	at java.base/java.lang.reflect.Method.invoke(Method.java:566)
	at org.springframework.aop.support.AopUtils.invokeJoinpointUsingReflection(AopUtils.java:344)
	at org.springframework.aop.framework.JdkDynamicAopProxy.invoke(JdkDynamicAopProxy.java:208)
	at com.sun.proxy.$Proxy2482.loadGjSettings(Unknown Source)
	at com.blackboard.consulting.gradejourney.job.GradesExtractJob.execute(GradesExtractJob.java:55)
	at org.quartz.core.JobRunShell.run(JobRunShell.java:202)
	at org.quartz.simpl.SimpleThreadPool$WorkerThread.run(SimpleThreadPool.java:573)
INFO [2025-09-16 09:41:00][46:c.b.c.gradejourney.job.GradesExtractJob        ] : == Entering execute() of Job CronGJExtract.CronGJExtractJob ==
ERROR[2025-09-16 09:41:00][85:c.b.c.gradejourney.job.GradesExtractJob        ] : Error Loading the settings
java.lang.NullPointerException: null
	at com.blackboard.consulting.gradejourney.service.impl.GradesJourneySettingsServiceImpl.loadGjSettings(GradesJourneySettingsServiceImpl.java:134)
	at jdk.internal.reflect.GeneratedMethodAccessor791.invoke(Unknown Source)
	at java.base/jdk.internal.reflect.DelegatingMethodAccessorImpl.invoke(DelegatingMethodAccessorImpl.java:43)
	at java.base/java.lang.reflect.Method.invoke(Method.java:566)
	at org.springframework.aop.support.AopUtils.invokeJoinpointUsingReflection(AopUtils.java:344)
	at org.springframework.aop.framework.JdkDynamicAopProxy.invoke(JdkDynamicAopProxy.java:208)
	at com.sun.proxy.$Proxy2482.loadGjSettings(Unknown Source)
	at com.blackboard.consulting.gradejourney.job.GradesExtractJob.execute(GradesExtractJob.java:55)
	at org.quartz.core.JobRunShell.run(JobRunShell.java:202)
	at org.quartz.simpl.SimpleThreadPool$WorkerThread.run(SimpleThreadPool.java:573)
INFO [2025-09-16 09:43:00][46:c.b.c.gradejourney.job.GradesExtractJob        ] : == Entering execute() of Job CronGJExtract.CronGJExtractJob ==
ERROR[2025-09-16 09:43:00][85:c.b.c.gradejourney.job.GradesExtractJob        ] : Error Loading the settings
java.lang.NullPointerException: null
	at com.blackboard.consulting.gradejourney.service.impl.GradesJourneySettingsServiceImpl.loadGjSettings(GradesJourneySettingsServiceImpl.java:134)
	at jdk.internal.reflect.GeneratedMethodAccessor791.invoke(Unknown Source)
	at java.base/jdk.internal.reflect.DelegatingMethodAccessorImpl.invoke(DelegatingMethodAccessorImpl.java:43)
	at java.base/java.lang.reflect.Method.invoke(Method.java:566)
	at org.springframework.aop.support.AopUtils.invokeJoinpointUsingReflection(AopUtils.java:344)
	at org.springframework.aop.framework.JdkDynamicAopProxy.invoke(JdkDynamicAopProxy.java:208)
	at com.sun.proxy.$Proxy2482.loadGjSettings(Unknown Source)
	at com.blackboard.consulting.gradejourney.job.GradesExtractJob.execute(GradesExtractJob.java:55)
	at org.quartz.core.JobRunShell.run(JobRunShell.java:202)
	at org.quartz.simpl.SimpleThreadPool$WorkerThread.run(SimpleThreadPool.java:573)
INFO [2025-09-16 09:45:00][46:c.b.c.gradejourney.job.GradesExtractJob        ] : == Entering execute() of Job CronGJExtract.CronGJExtractJob ==
ERROR[2025-09-16 09:45:00][85:c.b.c.gradejourney.job.GradesExtractJob        ] : Error Loading the settings
java.lang.NullPointerException: null
	at com.blackboard.consulting.gradejourney.service.impl.GradesJourneySettingsServiceImpl.loadGjSettings(GradesJourneySettingsServiceImpl.java:134)
	at jdk.internal.reflect.GeneratedMethodAccessor791.invoke(Unknown Source)
	at java.base/jdk.internal.reflect.DelegatingMethodAccessorImpl.invoke(DelegatingMethodAccessorImpl.java:43)
	at java.base/java.lang.reflect.Method.invoke(Method.java:566)
	at org.springframework.aop.support.AopUtils.invokeJoinpointUsingReflection(AopUtils.java:344)
	at org.springframework.aop.framework.JdkDynamicAopProxy.invoke(JdkDynamicAopProxy.java:208)
	at com.sun.proxy.$Proxy2482.loadGjSettings(Unknown Source)
	at com.blackboard.consulting.gradejourney.job.GradesExtractJob.execute(GradesExtractJob.java:55)
	at org.quartz.core.JobRunShell.run(JobRunShell.java:202)
	at org.quartz.simpl.SimpleThreadPool$WorkerThread.run(SimpleThreadPool.java:573)
INFO [2025-09-16 09:47:00][46:c.b.c.gradejourney.job.GradesExtractJob        ] : == Entering execute() of Job CronGJExtract.CronGJExtractJob ==
ERROR[2025-09-16 09:47:00][85:c.b.c.gradejourney.job.GradesExtractJob        ] : Error Loading the settings
java.lang.NullPointerException: null
	at com.blackboard.consulting.gradejourney.service.impl.GradesJourneySettingsServiceImpl.loadGjSettings(GradesJourneySettingsServiceImpl.java:134)
	at jdk.internal.reflect.GeneratedMethodAccessor791.invoke(Unknown Source)
	at java.base/jdk.internal.reflect.DelegatingMethodAccessorImpl.invoke(DelegatingMethodAccessorImpl.java:43)
	at java.base/java.lang.reflect.Method.invoke(Method.java:566)
	at org.springframework.aop.support.AopUtils.invokeJoinpointUsingReflection(AopUtils.java:344)
	at org.springframework.aop.framework.JdkDynamicAopProxy.invoke(JdkDynamicAopProxy.java:208)
	at com.sun.proxy.$Proxy2482.loadGjSettings(Unknown Source)
	at com.blackboard.consulting.gradejourney.job.GradesExtractJob.execute(GradesExtractJob.java:55)
	at org.quartz.core.JobRunShell.run(JobRunShell.java:202)
	at org.quartz.simpl.SimpleThreadPool$WorkerThread.run(SimpleThreadPool.java:573)
INFO [2025-09-16 09:49:00][46:c.b.c.gradejourney.job.GradesExtractJob        ] : == Entering execute() of Job CronGJExtract.CronGJExtractJob ==
ERROR[2025-09-16 09:49:00][85:c.b.c.gradejourney.job.GradesExtractJob        ] : Error Loading the settings
java.lang.NullPointerException: null
	at com.blackboard.consulting.gradejourney.service.impl.GradesJourneySettingsServiceImpl.loadGjSettings(GradesJourneySettingsServiceImpl.java:134)
	at jdk.internal.reflect.GeneratedMethodAccessor791.invoke(Unknown Source)
	at java.base/jdk.internal.reflect.DelegatingMethodAccessorImpl.invoke(DelegatingMethodAccessorImpl.java:43)
	at java.base/java.lang.reflect.Method.invoke(Method.java:566)
	at org.springframework.aop.support.AopUtils.invokeJoinpointUsingReflection(AopUtils.java:344)
	at org.springframework.aop.framework.JdkDynamicAopProxy.invoke(JdkDynamicAopProxy.java:208)
	at com.sun.proxy.$Proxy2482.loadGjSettings(Unknown Source)
	at com.blackboard.consulting.gradejourney.job.GradesExtractJob.execute(GradesExtractJob.java:55)
	at org.quartz.core.JobRunShell.run(JobRunShell.java:202)
	at org.quartz.simpl.SimpleThreadPool$WorkerThread.run(SimpleThreadPool.java:573)
INFO [2025-09-16 09:51:00][46:c.b.c.gradejourney.job.GradesExtractJob        ] : == Entering execute() of Job CronGJExtract.CronGJExtractJob ==
ERROR[2025-09-16 09:51:00][85:c.b.c.gradejourney.job.GradesExtractJob        ] : Error Loading the settings
java.lang.NullPointerException: null
	at com.blackboard.consulting.gradejourney.service.impl.GradesJourneySettingsServiceImpl.loadGjSettings(GradesJourneySettingsServiceImpl.java:134)
	at jdk.internal.reflect.GeneratedMethodAccessor791.invoke(Unknown Source)
	at java.base/jdk.internal.reflect.DelegatingMethodAccessorImpl.invoke(DelegatingMethodAccessorImpl.java:43)
	at java.base/java.lang.reflect.Method.invoke(Method.java:566)
	at org.springframework.aop.support.AopUtils.invokeJoinpointUsingReflection(AopUtils.java:344)
	at org.springframework.aop.framework.JdkDynamicAopProxy.invoke(JdkDynamicAopProxy.java:208)
	at com.sun.proxy.$Proxy2482.loadGjSettings(Unknown Source)
	at com.blackboard.consulting.gradejourney.job.GradesExtractJob.execute(GradesExtractJob.java:55)
	at org.quartz.core.JobRunShell.run(JobRunShell.java:202)
	at org.quartz.simpl.SimpleThreadPool$WorkerThread.run(SimpleThreadPool.java:573)
INFO [2025-09-16 09:53:00][46:c.b.c.gradejourney.job.GradesExtractJob        ] : == Entering execute() of Job CronGJExtract.CronGJExtractJob ==
ERROR[2025-09-16 09:53:00][85:c.b.c.gradejourney.job.GradesExtractJob        ] : Error Loading the settings
java.lang.NullPointerException: null
	at com.blackboard.consulting.gradejourney.service.impl.GradesJourneySettingsServiceImpl.loadGjSettings(GradesJourneySettingsServiceImpl.java:134)
	at jdk.internal.reflect.GeneratedMethodAccessor791.invoke(Unknown Source)
	at java.base/jdk.internal.reflect.DelegatingMethodAccessorImpl.invoke(DelegatingMethodAccessorImpl.java:43)
	at java.base/java.lang.reflect.Method.invoke(Method.java:566)
	at org.springframework.aop.support.AopUtils.invokeJoinpointUsingReflection(AopUtils.java:344)
	at org.springframework.aop.framework.JdkDynamicAopProxy.invoke(JdkDynamicAopProxy.java:208)
	at com.sun.proxy.$Proxy2482.loadGjSettings(Unknown Source)
	at com.blackboard.consulting.gradejourney.job.GradesExtractJob.execute(GradesExtractJob.java:55)
	at org.quartz.core.JobRunShell.run(JobRunShell.java:202)
	at org.quartz.simpl.SimpleThreadPool$WorkerThread.run(SimpleThreadPool.java:573)
INFO [2025-09-16 09:54:00][46:c.b.c.gradejourney.job.GradesExtractJob        ] : == Entering execute() of Job CronGJExtract.CronGJExtractJob ==
ERROR[2025-09-16 09:54:00][85:c.b.c.gradejourney.job.GradesExtractJob        ] : Error Loading the settings
java.lang.NullPointerException: null
	at com.blackboard.consulting.gradejourney.service.impl.GradesJourneySettingsServiceImpl.loadGjSettings(GradesJourneySettingsServiceImpl.java:134)
	at jdk.internal.reflect.GeneratedMethodAccessor791.invoke(Unknown Source)
	at java.base/jdk.internal.reflect.DelegatingMethodAccessorImpl.invoke(DelegatingMethodAccessorImpl.java:43)
	at java.base/java.lang.reflect.Method.invoke(Method.java:566)
	at org.springframework.aop.support.AopUtils.invokeJoinpointUsingReflection(AopUtils.java:344)
	at org.springframework.aop.framework.JdkDynamicAopProxy.invoke(JdkDynamicAopProxy.java:208)
	at com.sun.proxy.$Proxy2482.loadGjSettings(Unknown Source)
	at com.blackboard.consulting.gradejourney.job.GradesExtractJob.execute(GradesExtractJob.java:55)
	at org.quartz.core.JobRunShell.run(JobRunShell.java:202)
	at org.quartz.simpl.SimpleThreadPool$WorkerThread.run(SimpleThreadPool.java:573)
INFO [2025-09-16 09:56:00][46:c.b.c.gradejourney.job.GradesExtractJob        ] : == Entering execute() of Job CronGJExtract.CronGJExtractJob ==
ERROR[2025-09-16 09:56:00][85:c.b.c.gradejourney.job.GradesExtractJob        ] : Error Loading the settings
java.lang.NullPointerException: null
	at com.blackboard.consulting.gradejourney.service.impl.GradesJourneySettingsServiceImpl.loadGjSettings(GradesJourneySettingsServiceImpl.java:134)
	at jdk.internal.reflect.GeneratedMethodAccessor791.invoke(Unknown Source)
	at java.base/jdk.internal.reflect.DelegatingMethodAccessorImpl.invoke(DelegatingMethodAccessorImpl.java:43)
	at java.base/java.lang.reflect.Method.invoke(Method.java:566)
	at org.springframework.aop.support.AopUtils.invokeJoinpointUsingReflection(AopUtils.java:344)
	at org.springframework.aop.framework.JdkDynamicAopProxy.invoke(JdkDynamicAopProxy.java:208)
	at com.sun.proxy.$Proxy2482.loadGjSettings(Unknown Source)
	at com.blackboard.consulting.gradejourney.job.GradesExtractJob.execute(GradesExtractJob.java:55)
	at org.quartz.core.JobRunShell.run(JobRunShell.java:202)
	at org.quartz.simpl.SimpleThreadPool$WorkerThread.run(SimpleThreadPool.java:573)
INFO [2025-09-16 09:58:00][46:c.b.c.gradejourney.job.GradesExtractJob        ] : == Entering execute() of Job CronGJExtract.CronGJExtractJob ==
ERROR[2025-09-16 09:58:00][85:c.b.c.gradejourney.job.GradesExtractJob        ] : Error Loading the settings
java.lang.NullPointerException: null
	at com.blackboard.consulting.gradejourney.service.impl.GradesJourneySettingsServiceImpl.loadGjSettings(GradesJourneySettingsServiceImpl.java:134)
	at jdk.internal.reflect.GeneratedMethodAccessor791.invoke(Unknown Source)
	at java.base/jdk.internal.reflect.DelegatingMethodAccessorImpl.invoke(DelegatingMethodAccessorImpl.java:43)
	at java.base/java.lang.reflect.Method.invoke(Method.java:566)
	at org.springframework.aop.support.AopUtils.invokeJoinpointUsingReflection(AopUtils.java:344)
	at org.springframework.aop.framework.JdkDynamicAopProxy.invoke(JdkDynamicAopProxy.java:208)
	at com.sun.proxy.$Proxy2482.loadGjSettings(Unknown Source)
	at com.blackboard.consulting.gradejourney.job.GradesExtractJob.execute(GradesExtractJob.java:55)
	at org.quartz.core.JobRunShell.run(JobRunShell.java:202)
	at org.quartz.simpl.SimpleThreadPool$WorkerThread.run(SimpleThreadPool.java:573)
