[2025-09-16T08:12:29.704-0400] GC(680) Pause Young (Normal) (G1 Evacuation Pause)
[2025-09-16T08:12:29.705-0400] GC(680) Using 1 workers of 1 for evacuation
[2025-09-16T08:12:29.794-0400] GC(680)   Pre Evacuate Collection Set: 0.1ms
[2025-09-16T08:12:29.794-0400] GC(680)   Evacuate Collection Set: 44.3ms
[2025-09-16T08:12:29.795-0400] GC(680)   Post Evacuate Collection Set: 44.1ms
[2025-09-16T08:12:29.795-0400] GC(680)   Other: 1.1ms
[2025-09-16T08:12:29.795-0400] GC(680) Eden regions: 1840->0(1840)
[2025-09-16T08:12:29.795-0400] GC(680) Survivor regions: 20->20(233)
[2025-09-16T08:12:29.795-0400] GC(680) Old regions: 855->855
[2025-09-16T08:12:29.795-0400] GC(680) Humongous regions: 42->16
[2025-09-16T08:12:29.795-0400] GC(680) Metaspace: 1047010K(1078096K)->1047010K(1078096K) NonClass: 918563K(938124K)->918563K(938124K) Class: 128446K(139972K)->128446K(139972K)
[2025-09-16T08:12:29.795-0400] GC(680) Pause Young (Normal) (G1 Evacuation Pause) 2756M->890M(3100M) 90.932ms
[2025-09-16T08:12:29.796-0400] GC(680) User=0.09s Sys=0.00s Real=0.09s
[2025-09-16T08:12:29.796-0400] Concurrent String Deduplication (471758.206s)
[2025-09-16T08:12:29.801-0400] Concurrent String Deduplication 143.4K->4040.0B(139.4K) avg 71.2% (471758.206s, 471758.212s) 5.381ms
[2025-09-16T08:24:58.124-0400] GC(681) Pause Young (Normal) (G1 Evacuation Pause)
[2025-09-16T08:24:58.125-0400] GC(681) Using 1 workers of 1 for evacuation
[2025-09-16T08:24:58.214-0400] GC(681)   Pre Evacuate Collection Set: 0.1ms
[2025-09-16T08:24:58.215-0400] GC(681)   Evacuate Collection Set: 42.4ms
[2025-09-16T08:24:58.215-0400] GC(681)   Post Evacuate Collection Set: 46.4ms
[2025-09-16T08:24:58.215-0400] GC(681)   Other: 1.1ms
[2025-09-16T08:24:58.215-0400] GC(681) Eden regions: 1840->0(1842)
[2025-09-16T08:24:58.215-0400] GC(681) Survivor regions: 20->18(233)
[2025-09-16T08:24:58.215-0400] GC(681) Old regions: 855->855
[2025-09-16T08:24:58.215-0400] GC(681) Humongous regions: 28->16
[2025-09-16T08:24:58.215-0400] GC(681) Metaspace: 1047013K(1078096K)->1047013K(1078096K) NonClass: 918567K(938124K)->918567K(938124K) Class: 128446K(139972K)->128446K(139972K)
[2025-09-16T08:24:58.215-0400] GC(681) Pause Young (Normal) (G1 Evacuation Pause) 2742M->888M(3100M) 91.295ms
[2025-09-16T08:24:58.216-0400] GC(681) User=0.09s Sys=0.00s Real=0.09s
[2025-09-16T08:24:58.216-0400] Concurrent String Deduplication (472506.626s)
[2025-09-16T08:24:58.219-0400] Concurrent String Deduplication 64712.0B->2416.0B(62296.0B) avg 71.2% (472506.626s, 472506.629s) 2.905ms
[2025-09-16T08:39:36.525-0400] GC(682) Pause Young (Normal) (G1 Evacuation Pause)
[2025-09-16T08:39:36.526-0400] GC(682) Using 1 workers of 1 for evacuation
[2025-09-16T08:39:36.618-0400] GC(682)   Pre Evacuate Collection Set: 0.1ms
[2025-09-16T08:39:36.618-0400] GC(682)   Evacuate Collection Set: 45.7ms
[2025-09-16T08:39:36.618-0400] GC(682)   Post Evacuate Collection Set: 45.9ms
[2025-09-16T08:39:36.619-0400] GC(682)   Other: 1.1ms
[2025-09-16T08:39:36.619-0400] GC(682) Eden regions: 1842->0(1840)
[2025-09-16T08:39:36.619-0400] GC(682) Survivor regions: 18->20(233)
[2025-09-16T08:39:36.619-0400] GC(682) Old regions: 855->855
[2025-09-16T08:39:36.619-0400] GC(682) Humongous regions: 30->16
[2025-09-16T08:39:36.619-0400] GC(682) Metaspace: 1047013K(1078096K)->1047013K(1078096K) NonClass: 918567K(938124K)->918567K(938124K) Class: 128446K(139972K)->128446K(139972K)
[2025-09-16T08:39:36.619-0400] GC(682) Pause Young (Normal) (G1 Evacuation Pause) 2744M->890M(3100M) 94.102ms
[2025-09-16T08:39:36.619-0400] GC(682) User=0.09s Sys=0.00s Real=0.09s
[2025-09-16T08:39:36.620-0400] Concurrent String Deduplication (473385.030s)
[2025-09-16T08:39:36.622-0400] Concurrent String Deduplication 211.7K->9752.0B(202.2K) avg 71.3% (473385.030s, 473385.032s) 1.735ms
[2025-09-16T08:53:36.531-0400] GC(683) Pause Young (Normal) (G1 Evacuation Pause)
[2025-09-16T08:53:36.531-0400] GC(683) Using 1 workers of 1 for evacuation
[2025-09-16T08:53:36.621-0400] GC(683)   Pre Evacuate Collection Set: 0.1ms
[2025-09-16T08:53:36.622-0400] GC(683)   Evacuate Collection Set: 45.0ms
[2025-09-16T08:53:36.622-0400] GC(683)   Post Evacuate Collection Set: 44.7ms
[2025-09-16T08:53:36.622-0400] GC(683)   Other: 1.2ms
[2025-09-16T08:53:36.622-0400] GC(683) Eden regions: 1840->0(1841)
[2025-09-16T08:53:36.622-0400] GC(683) Survivor regions: 20->19(233)
[2025-09-16T08:53:36.623-0400] GC(683) Old regions: 855->855
[2025-09-16T08:53:36.623-0400] GC(683) Humongous regions: 27->16
[2025-09-16T08:53:36.623-0400] GC(683) Metaspace: 1047013K(1078096K)->1047013K(1078096K) NonClass: 918567K(938124K)->918567K(938124K) Class: 128446K(139972K)->128446K(139972K)
[2025-09-16T08:53:36.623-0400] GC(683) Pause Young (Normal) (G1 Evacuation Pause) 2741M->889M(3100M) 92.196ms
[2025-09-16T08:53:36.623-0400] GC(683) User=0.09s Sys=0.00s Real=0.10s
[2025-09-16T08:53:36.623-0400] Concurrent String Deduplication (474225.034s)
[2025-09-16T08:53:36.624-0400] Concurrent String Deduplication 23464.0B->17896.0B(5568.0B) avg 71.3% (474225.034s, 474225.034s) 0.650ms
[2025-09-16T09:06:19.001-0400] GC(684) Pause Young (Normal) (G1 Evacuation Pause)
[2025-09-16T09:06:19.002-0400] GC(684) Using 1 workers of 1 for evacuation
[2025-09-16T09:06:19.095-0400] GC(684)   Pre Evacuate Collection Set: 0.1ms
[2025-09-16T09:06:19.096-0400] GC(684)   Evacuate Collection Set: 45.8ms
[2025-09-16T09:06:19.096-0400] GC(684)   Post Evacuate Collection Set: 47.4ms
[2025-09-16T09:06:19.096-0400] GC(684)   Other: 1.1ms
[2025-09-16T09:06:19.096-0400] GC(684) Eden regions: 1841->0(1840)
[2025-09-16T09:06:19.096-0400] GC(684) Survivor regions: 19->20(233)
[2025-09-16T09:06:19.096-0400] GC(684) Old regions: 855->855
[2025-09-16T09:06:19.097-0400] GC(684) Humongous regions: 40->16
[2025-09-16T09:06:19.097-0400] GC(684) Metaspace: 1047015K(1078096K)->1047015K(1078096K) NonClass: 918568K(938124K)->918568K(938124K) Class: 128446K(139972K)->128446K(139972K)
[2025-09-16T09:06:19.097-0400] GC(684) Pause Young (Normal) (G1 Evacuation Pause) 2754M->890M(3100M) 95.629ms
[2025-09-16T09:06:19.097-0400] GC(684) User=0.09s Sys=0.00s Real=0.09s
[2025-09-16T09:06:19.097-0400] Concurrent String Deduplication (474987.508s)
[2025-09-16T09:06:19.098-0400] Concurrent String Deduplication 127.2K->6392.0B(120.9K) avg 71.3% (474987.508s, 474987.508s) 0.527ms
[2025-09-16T09:18:36.572-0400] GC(685) Pause Young (Normal) (G1 Evacuation Pause)
[2025-09-16T09:18:36.572-0400] GC(685) Using 1 workers of 1 for evacuation
[2025-09-16T09:18:36.661-0400] GC(685)   Pre Evacuate Collection Set: 0.1ms
[2025-09-16T09:18:36.661-0400] GC(685)   Evacuate Collection Set: 42.1ms
[2025-09-16T09:18:36.661-0400] GC(685)   Post Evacuate Collection Set: 45.5ms
[2025-09-16T09:18:36.661-0400] GC(685)   Other: 1.1ms
[2025-09-16T09:18:36.661-0400] GC(685) Eden regions: 1840->0(1843)
[2025-09-16T09:18:36.662-0400] GC(685) Survivor regions: 20->17(233)
[2025-09-16T09:18:36.662-0400] GC(685) Old regions: 855->857
[2025-09-16T09:18:36.662-0400] GC(685) Humongous regions: 26->16
[2025-09-16T09:18:36.662-0400] GC(685) Metaspace: 1047018K(1078096K)->1047018K(1078096K) NonClass: 918571K(938124K)->918571K(938124K) Class: 128446K(139972K)->128446K(139972K)
[2025-09-16T09:18:36.662-0400] GC(685) Pause Young (Normal) (G1 Evacuation Pause) 2740M->889M(3100M) 90.178ms
[2025-09-16T09:18:36.662-0400] GC(685) User=0.09s Sys=0.00s Real=0.09s
[2025-09-16T09:18:36.662-0400] Concurrent String Deduplication (475725.073s)
[2025-09-16T09:18:36.663-0400] Concurrent String Deduplication 85816.0B->5464.0B(80352.0B) avg 71.3% (475725.073s, 475725.073s) 0.559ms
[2025-09-16T09:32:04.027-0400] GC(686) Pause Young (Normal) (G1 Evacuation Pause)
[2025-09-16T09:32:04.027-0400] GC(686) Using 1 workers of 1 for evacuation
[2025-09-16T09:32:04.126-0400] GC(686)   Pre Evacuate Collection Set: 0.1ms
[2025-09-16T09:32:04.127-0400] GC(686)   Evacuate Collection Set: 52.9ms
[2025-09-16T09:32:04.127-0400] GC(686)   Post Evacuate Collection Set: 45.4ms
[2025-09-16T09:32:04.127-0400] GC(686)   Other: 1.1ms
[2025-09-16T09:32:04.127-0400] GC(686) Eden regions: 1843->0(446)
[2025-09-16T09:32:04.127-0400] GC(686) Survivor regions: 17->24(233)
[2025-09-16T09:32:04.127-0400] GC(686) Old regions: 857->857
[2025-09-16T09:32:04.127-0400] GC(686) Humongous regions: 38->16
[2025-09-16T09:32:04.128-0400] GC(686) Metaspace: 1047027K(1078352K)->1047027K(1078352K) NonClass: 918579K(938380K)->918579K(938380K) Class: 128447K(139972K)->128447K(139972K)
[2025-09-16T09:32:04.128-0400] GC(686) Pause Young (Normal) (G1 Evacuation Pause) 2754M->896M(3100M) 100.792ms
[2025-09-16T09:32:04.128-0400] GC(686) User=0.10s Sys=0.00s Real=0.10s
[2025-09-16T09:32:04.128-0400] Concurrent String Deduplication (476532.538s)
[2025-09-16T09:32:04.130-0400] Concurrent String Deduplication 298.2K->2808.0B(295.5K) avg 71.3% (476532.538s, 476532.540s) 1.586ms
[2025-09-16T09:35:35.987-0400] GC(687) Pause Young (Normal) (G1 Evacuation Pause)
[2025-09-16T09:35:35.988-0400] GC(687) Using 1 workers of 1 for evacuation
[2025-09-16T09:35:36.057-0400] GC(687)   Pre Evacuate Collection Set: 0.1ms
[2025-09-16T09:35:36.058-0400] GC(687)   Evacuate Collection Set: 29.2ms
[2025-09-16T09:35:36.058-0400] GC(687)   Post Evacuate Collection Set: 40.1ms
[2025-09-16T09:35:36.058-0400] GC(687)   Other: 1.1ms
[2025-09-16T09:35:36.058-0400] GC(687) Eden regions: 446->0(957)
[2025-09-16T09:35:36.058-0400] GC(687) Survivor regions: 24->11(59)
[2025-09-16T09:35:36.058-0400] GC(687) Old regions: 857->857
[2025-09-16T09:35:36.059-0400] GC(687) Humongous regions: 19->16
[2025-09-16T09:35:36.059-0400] GC(687) Metaspace: 1047027K(1078352K)->1047027K(1078352K) NonClass: 918579K(938380K)->918579K(938380K) Class: 128447K(139972K)->128447K(139972K)
[2025-09-16T09:35:36.059-0400] GC(687) Pause Young (Normal) (G1 Evacuation Pause) 1345M->883M(3100M) 71.710ms
[2025-09-16T09:35:36.059-0400] GC(687) User=0.06s Sys=0.00s Real=0.07s
[2025-09-16T09:35:36.059-0400] Concurrent String Deduplication (476744.469s)
[2025-09-16T09:35:36.060-0400] Concurrent String Deduplication 107.1K->3680.0B(103.5K) avg 71.3% (476744.469s, 476744.470s) 0.676ms
[2025-09-16T09:41:57.548-0400] GC(688) Pause Young (Normal) (G1 Evacuation Pause)
[2025-09-16T09:41:57.549-0400] GC(688) Using 1 workers of 1 for evacuation
[2025-09-16T09:41:57.624-0400] GC(688)   Pre Evacuate Collection Set: 0.1ms
[2025-09-16T09:41:57.624-0400] GC(688)   Evacuate Collection Set: 32.8ms
[2025-09-16T09:41:57.624-0400] GC(688)   Post Evacuate Collection Set: 41.7ms
[2025-09-16T09:41:57.624-0400] GC(688)   Other: 1.1ms
[2025-09-16T09:41:57.625-0400] GC(688) Eden regions: 957->0(1273)
[2025-09-16T09:41:57.625-0400] GC(688) Survivor regions: 11->12(121)
[2025-09-16T09:41:57.625-0400] GC(688) Old regions: 857->857
[2025-09-16T09:41:57.625-0400] GC(688) Humongous regions: 22->16
[2025-09-16T09:41:57.625-0400] GC(688) Metaspace: 1047027K(1078352K)->1047027K(1078352K) NonClass: 918580K(938380K)->918580K(938380K) Class: 128447K(139972K)->128447K(139972K)
[2025-09-16T09:41:57.625-0400] GC(688) Pause Young (Normal) (G1 Evacuation Pause) 1846M->884M(3100M) 76.924ms
[2025-09-16T09:41:57.625-0400] GC(688) User=0.08s Sys=0.00s Real=0.08s
[2025-09-16T09:41:57.625-0400] Concurrent String Deduplication (477126.036s)
[2025-09-16T09:41:57.628-0400] Concurrent String Deduplication 945.4K->15672.0B(930.1K) avg 71.4% (477126.036s, 477126.039s) 2.971ms
[2025-09-16T09:51:54.045-0400] GC(689) Pause Young (Normal) (G1 Evacuation Pause)
[2025-09-16T09:51:54.046-0400] GC(689) Using 1 workers of 1 for evacuation
[2025-09-16T09:51:54.127-0400] GC(689)   Pre Evacuate Collection Set: 0.1ms
[2025-09-16T09:51:54.128-0400] GC(689)   Evacuate Collection Set: 38.4ms
[2025-09-16T09:51:54.128-0400] GC(689)   Post Evacuate Collection Set: 42.3ms
[2025-09-16T09:51:54.128-0400] GC(689)   Other: 1.0ms
[2025-09-16T09:51:54.128-0400] GC(689) Eden regions: 1273->0(1410)
[2025-09-16T09:51:54.128-0400] GC(689) Survivor regions: 12->16(161)
[2025-09-16T09:51:54.128-0400] GC(689) Old regions: 857->857
[2025-09-16T09:51:54.128-0400] GC(689) Humongous regions: 25->16
[2025-09-16T09:51:54.128-0400] GC(689) Metaspace: 1047028K(1078352K)->1047028K(1078352K) NonClass: 918580K(938380K)->918580K(938380K) Class: 128447K(139972K)->128447K(139972K)
[2025-09-16T09:51:54.128-0400] GC(689) Pause Young (Normal) (G1 Evacuation Pause) 2166M->888M(3100M) 83.017ms
[2025-09-16T09:51:54.129-0400] GC(689) User=0.08s Sys=0.00s Real=0.08s
[2025-09-16T09:51:54.129-0400] Concurrent String Deduplication (477722.539s)
[2025-09-16T09:51:54.130-0400] Concurrent String Deduplication 82248.0B->8848.0B(73400.0B) avg 71.4% (477722.539s, 477722.540s) 0.975ms
