INFO [2025-09-16 08:00:00][133:c.b.c.g.j.GradeExportLogTransferScheduler     ] : File copied to Content folder: x-bbgs-consulting-central-grade-export.2025-09-16-ip-10-146-230-85.ec2.internal.log
INFO [2025-09-16 08:02:00][46:c.b.c.gradejourney.job.GradesExtractJob        ] : == Entering execute() of Job CronGJExtract.CronGJExtractJob ==
ERROR[2025-09-16 08:02:00][85:c.b.c.gradejourney.job.GradesExtractJob        ] : Error Loading the settings
java.lang.NullPointerException: null
	at com.blackboard.consulting.gradejourney.service.impl.GradesJourneySettingsServiceImpl.loadGjSettings(GradesJourneySettingsServiceImpl.java:134)
	at jdk.internal.reflect.GeneratedMethodAccessor734.invoke(Unknown Source)
	at java.base/jdk.internal.reflect.DelegatingMethodAccessorImpl.invoke(DelegatingMethodAccessorImpl.java:43)
	at java.base/java.lang.reflect.Method.invoke(Method.java:566)
	at org.springframework.aop.support.AopUtils.invokeJoinpointUsingReflection(AopUtils.java:344)
	at org.springframework.aop.framework.JdkDynamicAopProxy.invoke(JdkDynamicAopProxy.java:208)
	at com.sun.proxy.$Proxy2474.loadGjSettings(Unknown Source)
	at com.blackboard.consulting.gradejourney.job.GradesExtractJob.execute(GradesExtractJob.java:55)
	at org.quartz.core.JobRunShell.run(JobRunShell.java:202)
	at org.quartz.simpl.SimpleThreadPool$WorkerThread.run(SimpleThreadPool.java:573)
INFO [2025-09-16 08:04:00][46:c.b.c.gradejourney.job.GradesExtractJob        ] : == Entering execute() of Job CronGJExtract.CronGJExtractJob ==
ERROR[2025-09-16 08:04:00][85:c.b.c.gradejourney.job.GradesExtractJob        ] : Error Loading the settings
java.lang.NullPointerException: null
	at com.blackboard.consulting.gradejourney.service.impl.GradesJourneySettingsServiceImpl.loadGjSettings(GradesJourneySettingsServiceImpl.java:134)
	at jdk.internal.reflect.GeneratedMethodAccessor734.invoke(Unknown Source)
	at java.base/jdk.internal.reflect.DelegatingMethodAccessorImpl.invoke(DelegatingMethodAccessorImpl.java:43)
	at java.base/java.lang.reflect.Method.invoke(Method.java:566)
	at org.springframework.aop.support.AopUtils.invokeJoinpointUsingReflection(AopUtils.java:344)
	at org.springframework.aop.framework.JdkDynamicAopProxy.invoke(JdkDynamicAopProxy.java:208)
	at com.sun.proxy.$Proxy2474.loadGjSettings(Unknown Source)
	at com.blackboard.consulting.gradejourney.job.GradesExtractJob.execute(GradesExtractJob.java:55)
	at org.quartz.core.JobRunShell.run(JobRunShell.java:202)
	at org.quartz.simpl.SimpleThreadPool$WorkerThread.run(SimpleThreadPool.java:573)
INFO [2025-09-16 08:06:00][46:c.b.c.gradejourney.job.GradesExtractJob        ] : == Entering execute() of Job CronGJExtract.CronGJExtractJob ==
ERROR[2025-09-16 08:06:00][85:c.b.c.gradejourney.job.GradesExtractJob        ] : Error Loading the settings
java.lang.NullPointerException: null
	at com.blackboard.consulting.gradejourney.service.impl.GradesJourneySettingsServiceImpl.loadGjSettings(GradesJourneySettingsServiceImpl.java:134)
	at jdk.internal.reflect.GeneratedMethodAccessor734.invoke(Unknown Source)
	at java.base/jdk.internal.reflect.DelegatingMethodAccessorImpl.invoke(DelegatingMethodAccessorImpl.java:43)
	at java.base/java.lang.reflect.Method.invoke(Method.java:566)
	at org.springframework.aop.support.AopUtils.invokeJoinpointUsingReflection(AopUtils.java:344)
	at org.springframework.aop.framework.JdkDynamicAopProxy.invoke(JdkDynamicAopProxy.java:208)
	at com.sun.proxy.$Proxy2474.loadGjSettings(Unknown Source)
	at com.blackboard.consulting.gradejourney.job.GradesExtractJob.execute(GradesExtractJob.java:55)
	at org.quartz.core.JobRunShell.run(JobRunShell.java:202)
	at org.quartz.simpl.SimpleThreadPool$WorkerThread.run(SimpleThreadPool.java:573)
INFO [2025-09-16 08:08:00][46:c.b.c.gradejourney.job.GradesExtractJob        ] : == Entering execute() of Job CronGJExtract.CronGJExtractJob ==
ERROR[2025-09-16 08:08:00][85:c.b.c.gradejourney.job.GradesExtractJob        ] : Error Loading the settings
java.lang.NullPointerException: null
	at com.blackboard.consulting.gradejourney.service.impl.GradesJourneySettingsServiceImpl.loadGjSettings(GradesJourneySettingsServiceImpl.java:134)
	at jdk.internal.reflect.GeneratedMethodAccessor734.invoke(Unknown Source)
	at java.base/jdk.internal.reflect.DelegatingMethodAccessorImpl.invoke(DelegatingMethodAccessorImpl.java:43)
	at java.base/java.lang.reflect.Method.invoke(Method.java:566)
	at org.springframework.aop.support.AopUtils.invokeJoinpointUsingReflection(AopUtils.java:344)
	at org.springframework.aop.framework.JdkDynamicAopProxy.invoke(JdkDynamicAopProxy.java:208)
	at com.sun.proxy.$Proxy2474.loadGjSettings(Unknown Source)
	at com.blackboard.consulting.gradejourney.job.GradesExtractJob.execute(GradesExtractJob.java:55)
	at org.quartz.core.JobRunShell.run(JobRunShell.java:202)
	at org.quartz.simpl.SimpleThreadPool$WorkerThread.run(SimpleThreadPool.java:573)
INFO [2025-09-16 08:10:00][46:c.b.c.gradejourney.job.GradesExtractJob        ] : == Entering execute() of Job CronGJExtract.CronGJExtractJob ==
ERROR[2025-09-16 08:10:00][85:c.b.c.gradejourney.job.GradesExtractJob        ] : Error Loading the settings
java.lang.NullPointerException: null
	at com.blackboard.consulting.gradejourney.service.impl.GradesJourneySettingsServiceImpl.loadGjSettings(GradesJourneySettingsServiceImpl.java:134)
	at jdk.internal.reflect.GeneratedMethodAccessor734.invoke(Unknown Source)
	at java.base/jdk.internal.reflect.DelegatingMethodAccessorImpl.invoke(DelegatingMethodAccessorImpl.java:43)
	at java.base/java.lang.reflect.Method.invoke(Method.java:566)
	at org.springframework.aop.support.AopUtils.invokeJoinpointUsingReflection(AopUtils.java:344)
	at org.springframework.aop.framework.JdkDynamicAopProxy.invoke(JdkDynamicAopProxy.java:208)
	at com.sun.proxy.$Proxy2474.loadGjSettings(Unknown Source)
	at com.blackboard.consulting.gradejourney.job.GradesExtractJob.execute(GradesExtractJob.java:55)
	at org.quartz.core.JobRunShell.run(JobRunShell.java:202)
	at org.quartz.simpl.SimpleThreadPool$WorkerThread.run(SimpleThreadPool.java:573)
INFO [2025-09-16 08:12:00][46:c.b.c.gradejourney.job.GradesExtractJob        ] : == Entering execute() of Job CronGJExtract.CronGJExtractJob ==
ERROR[2025-09-16 08:12:00][85:c.b.c.gradejourney.job.GradesExtractJob        ] : Error Loading the settings
java.lang.NullPointerException: null
	at com.blackboard.consulting.gradejourney.service.impl.GradesJourneySettingsServiceImpl.loadGjSettings(GradesJourneySettingsServiceImpl.java:134)
	at jdk.internal.reflect.GeneratedMethodAccessor734.invoke(Unknown Source)
	at java.base/jdk.internal.reflect.DelegatingMethodAccessorImpl.invoke(DelegatingMethodAccessorImpl.java:43)
	at java.base/java.lang.reflect.Method.invoke(Method.java:566)
	at org.springframework.aop.support.AopUtils.invokeJoinpointUsingReflection(AopUtils.java:344)
	at org.springframework.aop.framework.JdkDynamicAopProxy.invoke(JdkDynamicAopProxy.java:208)
	at com.sun.proxy.$Proxy2474.loadGjSettings(Unknown Source)
	at com.blackboard.consulting.gradejourney.job.GradesExtractJob.execute(GradesExtractJob.java:55)
	at org.quartz.core.JobRunShell.run(JobRunShell.java:202)
	at org.quartz.simpl.SimpleThreadPool$WorkerThread.run(SimpleThreadPool.java:573)
INFO [2025-09-16 08:15:00][46:c.b.c.gradejourney.job.GradesExtractJob        ] : == Entering execute() of Job CronGJExtract.CronGJExtractJob ==
ERROR[2025-09-16 08:15:00][85:c.b.c.gradejourney.job.GradesExtractJob        ] : Error Loading the settings
java.lang.NullPointerException: null
	at com.blackboard.consulting.gradejourney.service.impl.GradesJourneySettingsServiceImpl.loadGjSettings(GradesJourneySettingsServiceImpl.java:134)
	at jdk.internal.reflect.GeneratedMethodAccessor734.invoke(Unknown Source)
	at java.base/jdk.internal.reflect.DelegatingMethodAccessorImpl.invoke(DelegatingMethodAccessorImpl.java:43)
	at java.base/java.lang.reflect.Method.invoke(Method.java:566)
	at org.springframework.aop.support.AopUtils.invokeJoinpointUsingReflection(AopUtils.java:344)
	at org.springframework.aop.framework.JdkDynamicAopProxy.invoke(JdkDynamicAopProxy.java:208)
	at com.sun.proxy.$Proxy2474.loadGjSettings(Unknown Source)
	at com.blackboard.consulting.gradejourney.job.GradesExtractJob.execute(GradesExtractJob.java:55)
	at org.quartz.core.JobRunShell.run(JobRunShell.java:202)
	at org.quartz.simpl.SimpleThreadPool$WorkerThread.run(SimpleThreadPool.java:573)
INFO [2025-09-16 08:17:00][46:c.b.c.gradejourney.job.GradesExtractJob        ] : == Entering execute() of Job CronGJExtract.CronGJExtractJob ==
ERROR[2025-09-16 08:17:00][85:c.b.c.gradejourney.job.GradesExtractJob        ] : Error Loading the settings
java.lang.NullPointerException: null
	at com.blackboard.consulting.gradejourney.service.impl.GradesJourneySettingsServiceImpl.loadGjSettings(GradesJourneySettingsServiceImpl.java:134)
	at jdk.internal.reflect.GeneratedMethodAccessor734.invoke(Unknown Source)
	at java.base/jdk.internal.reflect.DelegatingMethodAccessorImpl.invoke(DelegatingMethodAccessorImpl.java:43)
	at java.base/java.lang.reflect.Method.invoke(Method.java:566)
	at org.springframework.aop.support.AopUtils.invokeJoinpointUsingReflection(AopUtils.java:344)
	at org.springframework.aop.framework.JdkDynamicAopProxy.invoke(JdkDynamicAopProxy.java:208)
	at com.sun.proxy.$Proxy2474.loadGjSettings(Unknown Source)
	at com.blackboard.consulting.gradejourney.job.GradesExtractJob.execute(GradesExtractJob.java:55)
	at org.quartz.core.JobRunShell.run(JobRunShell.java:202)
	at org.quartz.simpl.SimpleThreadPool$WorkerThread.run(SimpleThreadPool.java:573)
INFO [2025-09-16 08:19:00][46:c.b.c.gradejourney.job.GradesExtractJob        ] : == Entering execute() of Job CronGJExtract.CronGJExtractJob ==
ERROR[2025-09-16 08:19:00][85:c.b.c.gradejourney.job.GradesExtractJob        ] : Error Loading the settings
java.lang.NullPointerException: null
	at com.blackboard.consulting.gradejourney.service.impl.GradesJourneySettingsServiceImpl.loadGjSettings(GradesJourneySettingsServiceImpl.java:134)
	at jdk.internal.reflect.GeneratedMethodAccessor734.invoke(Unknown Source)
	at java.base/jdk.internal.reflect.DelegatingMethodAccessorImpl.invoke(DelegatingMethodAccessorImpl.java:43)
	at java.base/java.lang.reflect.Method.invoke(Method.java:566)
	at org.springframework.aop.support.AopUtils.invokeJoinpointUsingReflection(AopUtils.java:344)
	at org.springframework.aop.framework.JdkDynamicAopProxy.invoke(JdkDynamicAopProxy.java:208)
	at com.sun.proxy.$Proxy2474.loadGjSettings(Unknown Source)
	at com.blackboard.consulting.gradejourney.job.GradesExtractJob.execute(GradesExtractJob.java:55)
	at org.quartz.core.JobRunShell.run(JobRunShell.java:202)
	at org.quartz.simpl.SimpleThreadPool$WorkerThread.run(SimpleThreadPool.java:573)
INFO [2025-09-16 08:21:00][46:c.b.c.gradejourney.job.GradesExtractJob        ] : == Entering execute() of Job CronGJExtract.CronGJExtractJob ==
ERROR[2025-09-16 08:21:00][85:c.b.c.gradejourney.job.GradesExtractJob        ] : Error Loading the settings
java.lang.NullPointerException: null
	at com.blackboard.consulting.gradejourney.service.impl.GradesJourneySettingsServiceImpl.loadGjSettings(GradesJourneySettingsServiceImpl.java:134)
	at jdk.internal.reflect.GeneratedMethodAccessor734.invoke(Unknown Source)
	at java.base/jdk.internal.reflect.DelegatingMethodAccessorImpl.invoke(DelegatingMethodAccessorImpl.java:43)
	at java.base/java.lang.reflect.Method.invoke(Method.java:566)
	at org.springframework.aop.support.AopUtils.invokeJoinpointUsingReflection(AopUtils.java:344)
	at org.springframework.aop.framework.JdkDynamicAopProxy.invoke(JdkDynamicAopProxy.java:208)
	at com.sun.proxy.$Proxy2474.loadGjSettings(Unknown Source)
	at com.blackboard.consulting.gradejourney.job.GradesExtractJob.execute(GradesExtractJob.java:55)
	at org.quartz.core.JobRunShell.run(JobRunShell.java:202)
	at org.quartz.simpl.SimpleThreadPool$WorkerThread.run(SimpleThreadPool.java:573)
INFO [2025-09-16 08:23:00][46:c.b.c.gradejourney.job.GradesExtractJob        ] : == Entering execute() of Job CronGJExtract.CronGJExtractJob ==
ERROR[2025-09-16 08:23:00][85:c.b.c.gradejourney.job.GradesExtractJob        ] : Error Loading the settings
java.lang.NullPointerException: null
	at com.blackboard.consulting.gradejourney.service.impl.GradesJourneySettingsServiceImpl.loadGjSettings(GradesJourneySettingsServiceImpl.java:134)
	at jdk.internal.reflect.GeneratedMethodAccessor734.invoke(Unknown Source)
	at java.base/jdk.internal.reflect.DelegatingMethodAccessorImpl.invoke(DelegatingMethodAccessorImpl.java:43)
	at java.base/java.lang.reflect.Method.invoke(Method.java:566)
	at org.springframework.aop.support.AopUtils.invokeJoinpointUsingReflection(AopUtils.java:344)
	at org.springframework.aop.framework.JdkDynamicAopProxy.invoke(JdkDynamicAopProxy.java:208)
	at com.sun.proxy.$Proxy2474.loadGjSettings(Unknown Source)
	at com.blackboard.consulting.gradejourney.job.GradesExtractJob.execute(GradesExtractJob.java:55)
	at org.quartz.core.JobRunShell.run(JobRunShell.java:202)
	at org.quartz.simpl.SimpleThreadPool$WorkerThread.run(SimpleThreadPool.java:573)
INFO [2025-09-16 08:25:00][46:c.b.c.gradejourney.job.GradesExtractJob        ] : == Entering execute() of Job CronGJExtract.CronGJExtractJob ==
ERROR[2025-09-16 08:25:00][85:c.b.c.gradejourney.job.GradesExtractJob        ] : Error Loading the settings
java.lang.NullPointerException: null
	at com.blackboard.consulting.gradejourney.service.impl.GradesJourneySettingsServiceImpl.loadGjSettings(GradesJourneySettingsServiceImpl.java:134)
	at jdk.internal.reflect.GeneratedMethodAccessor734.invoke(Unknown Source)
	at java.base/jdk.internal.reflect.DelegatingMethodAccessorImpl.invoke(DelegatingMethodAccessorImpl.java:43)
	at java.base/java.lang.reflect.Method.invoke(Method.java:566)
	at org.springframework.aop.support.AopUtils.invokeJoinpointUsingReflection(AopUtils.java:344)
	at org.springframework.aop.framework.JdkDynamicAopProxy.invoke(JdkDynamicAopProxy.java:208)
	at com.sun.proxy.$Proxy2474.loadGjSettings(Unknown Source)
	at com.blackboard.consulting.gradejourney.job.GradesExtractJob.execute(GradesExtractJob.java:55)
	at org.quartz.core.JobRunShell.run(JobRunShell.java:202)
	at org.quartz.simpl.SimpleThreadPool$WorkerThread.run(SimpleThreadPool.java:573)
INFO [2025-09-16 08:26:00][46:c.b.c.gradejourney.job.GradesExtractJob        ] : == Entering execute() of Job CronGJExtract.CronGJExtractJob ==
ERROR[2025-09-16 08:26:00][85:c.b.c.gradejourney.job.GradesExtractJob        ] : Error Loading the settings
java.lang.NullPointerException: null
	at com.blackboard.consulting.gradejourney.service.impl.GradesJourneySettingsServiceImpl.loadGjSettings(GradesJourneySettingsServiceImpl.java:134)
	at jdk.internal.reflect.GeneratedMethodAccessor734.invoke(Unknown Source)
	at java.base/jdk.internal.reflect.DelegatingMethodAccessorImpl.invoke(DelegatingMethodAccessorImpl.java:43)
	at java.base/java.lang.reflect.Method.invoke(Method.java:566)
	at org.springframework.aop.support.AopUtils.invokeJoinpointUsingReflection(AopUtils.java:344)
	at org.springframework.aop.framework.JdkDynamicAopProxy.invoke(JdkDynamicAopProxy.java:208)
	at com.sun.proxy.$Proxy2474.loadGjSettings(Unknown Source)
	at com.blackboard.consulting.gradejourney.job.GradesExtractJob.execute(GradesExtractJob.java:55)
	at org.quartz.core.JobRunShell.run(JobRunShell.java:202)
	at org.quartz.simpl.SimpleThreadPool$WorkerThread.run(SimpleThreadPool.java:573)
INFO [2025-09-16 08:28:00][46:c.b.c.gradejourney.job.GradesExtractJob        ] : == Entering execute() of Job CronGJExtract.CronGJExtractJob ==
ERROR[2025-09-16 08:28:00][85:c.b.c.gradejourney.job.GradesExtractJob        ] : Error Loading the settings
java.lang.NullPointerException: null
	at com.blackboard.consulting.gradejourney.service.impl.GradesJourneySettingsServiceImpl.loadGjSettings(GradesJourneySettingsServiceImpl.java:134)
	at jdk.internal.reflect.GeneratedMethodAccessor734.invoke(Unknown Source)
	at java.base/jdk.internal.reflect.DelegatingMethodAccessorImpl.invoke(DelegatingMethodAccessorImpl.java:43)
	at java.base/java.lang.reflect.Method.invoke(Method.java:566)
	at org.springframework.aop.support.AopUtils.invokeJoinpointUsingReflection(AopUtils.java:344)
	at org.springframework.aop.framework.JdkDynamicAopProxy.invoke(JdkDynamicAopProxy.java:208)
	at com.sun.proxy.$Proxy2474.loadGjSettings(Unknown Source)
	at com.blackboard.consulting.gradejourney.job.GradesExtractJob.execute(GradesExtractJob.java:55)
	at org.quartz.core.JobRunShell.run(JobRunShell.java:202)
	at org.quartz.simpl.SimpleThreadPool$WorkerThread.run(SimpleThreadPool.java:573)
INFO [2025-09-16 08:30:00][46:c.b.c.gradejourney.job.GradesExtractJob        ] : == Entering execute() of Job CronGJExtract.CronGJExtractJob ==
ERROR[2025-09-16 08:30:00][85:c.b.c.gradejourney.job.GradesExtractJob        ] : Error Loading the settings
java.lang.NullPointerException: null
	at com.blackboard.consulting.gradejourney.service.impl.GradesJourneySettingsServiceImpl.loadGjSettings(GradesJourneySettingsServiceImpl.java:134)
	at jdk.internal.reflect.GeneratedMethodAccessor734.invoke(Unknown Source)
	at java.base/jdk.internal.reflect.DelegatingMethodAccessorImpl.invoke(DelegatingMethodAccessorImpl.java:43)
	at java.base/java.lang.reflect.Method.invoke(Method.java:566)
	at org.springframework.aop.support.AopUtils.invokeJoinpointUsingReflection(AopUtils.java:344)
	at org.springframework.aop.framework.JdkDynamicAopProxy.invoke(JdkDynamicAopProxy.java:208)
	at com.sun.proxy.$Proxy2474.loadGjSettings(Unknown Source)
	at com.blackboard.consulting.gradejourney.job.GradesExtractJob.execute(GradesExtractJob.java:55)
	at org.quartz.core.JobRunShell.run(JobRunShell.java:202)
	at org.quartz.simpl.SimpleThreadPool$WorkerThread.run(SimpleThreadPool.java:573)
INFO [2025-09-16 08:32:00][46:c.b.c.gradejourney.job.GradesExtractJob        ] : == Entering execute() of Job CronGJExtract.CronGJExtractJob ==
ERROR[2025-09-16 08:32:00][85:c.b.c.gradejourney.job.GradesExtractJob        ] : Error Loading the settings
java.lang.NullPointerException: null
	at com.blackboard.consulting.gradejourney.service.impl.GradesJourneySettingsServiceImpl.loadGjSettings(GradesJourneySettingsServiceImpl.java:134)
	at jdk.internal.reflect.GeneratedMethodAccessor734.invoke(Unknown Source)
	at java.base/jdk.internal.reflect.DelegatingMethodAccessorImpl.invoke(DelegatingMethodAccessorImpl.java:43)
	at java.base/java.lang.reflect.Method.invoke(Method.java:566)
	at org.springframework.aop.support.AopUtils.invokeJoinpointUsingReflection(AopUtils.java:344)
	at org.springframework.aop.framework.JdkDynamicAopProxy.invoke(JdkDynamicAopProxy.java:208)
	at com.sun.proxy.$Proxy2474.loadGjSettings(Unknown Source)
	at com.blackboard.consulting.gradejourney.job.GradesExtractJob.execute(GradesExtractJob.java:55)
	at org.quartz.core.JobRunShell.run(JobRunShell.java:202)
	at org.quartz.simpl.SimpleThreadPool$WorkerThread.run(SimpleThreadPool.java:573)
INFO [2025-09-16 08:34:00][46:c.b.c.gradejourney.job.GradesExtractJob        ] : == Entering execute() of Job CronGJExtract.CronGJExtractJob ==
ERROR[2025-09-16 08:34:00][85:c.b.c.gradejourney.job.GradesExtractJob        ] : Error Loading the settings
java.lang.NullPointerException: null
	at com.blackboard.consulting.gradejourney.service.impl.GradesJourneySettingsServiceImpl.loadGjSettings(GradesJourneySettingsServiceImpl.java:134)
	at jdk.internal.reflect.GeneratedMethodAccessor734.invoke(Unknown Source)
	at java.base/jdk.internal.reflect.DelegatingMethodAccessorImpl.invoke(DelegatingMethodAccessorImpl.java:43)
	at java.base/java.lang.reflect.Method.invoke(Method.java:566)
	at org.springframework.aop.support.AopUtils.invokeJoinpointUsingReflection(AopUtils.java:344)
	at org.springframework.aop.framework.JdkDynamicAopProxy.invoke(JdkDynamicAopProxy.java:208)
	at com.sun.proxy.$Proxy2474.loadGjSettings(Unknown Source)
	at com.blackboard.consulting.gradejourney.job.GradesExtractJob.execute(GradesExtractJob.java:55)
	at org.quartz.core.JobRunShell.run(JobRunShell.java:202)
	at org.quartz.simpl.SimpleThreadPool$WorkerThread.run(SimpleThreadPool.java:573)
INFO [2025-09-16 08:36:00][46:c.b.c.gradejourney.job.GradesExtractJob        ] : == Entering execute() of Job CronGJExtract.CronGJExtractJob ==
ERROR[2025-09-16 08:36:00][85:c.b.c.gradejourney.job.GradesExtractJob        ] : Error Loading the settings
java.lang.NullPointerException: null
	at com.blackboard.consulting.gradejourney.service.impl.GradesJourneySettingsServiceImpl.loadGjSettings(GradesJourneySettingsServiceImpl.java:134)
	at jdk.internal.reflect.GeneratedMethodAccessor734.invoke(Unknown Source)
	at java.base/jdk.internal.reflect.DelegatingMethodAccessorImpl.invoke(DelegatingMethodAccessorImpl.java:43)
	at java.base/java.lang.reflect.Method.invoke(Method.java:566)
	at org.springframework.aop.support.AopUtils.invokeJoinpointUsingReflection(AopUtils.java:344)
	at org.springframework.aop.framework.JdkDynamicAopProxy.invoke(JdkDynamicAopProxy.java:208)
	at com.sun.proxy.$Proxy2474.loadGjSettings(Unknown Source)
	at com.blackboard.consulting.gradejourney.job.GradesExtractJob.execute(GradesExtractJob.java:55)
	at org.quartz.core.JobRunShell.run(JobRunShell.java:202)
	at org.quartz.simpl.SimpleThreadPool$WorkerThread.run(SimpleThreadPool.java:573)
INFO [2025-09-16 08:38:00][46:c.b.c.gradejourney.job.GradesExtractJob        ] : == Entering execute() of Job CronGJExtract.CronGJExtractJob ==
ERROR[2025-09-16 08:38:00][85:c.b.c.gradejourney.job.GradesExtractJob        ] : Error Loading the settings
java.lang.NullPointerException: null
	at com.blackboard.consulting.gradejourney.service.impl.GradesJourneySettingsServiceImpl.loadGjSettings(GradesJourneySettingsServiceImpl.java:134)
	at jdk.internal.reflect.GeneratedMethodAccessor734.invoke(Unknown Source)
	at java.base/jdk.internal.reflect.DelegatingMethodAccessorImpl.invoke(DelegatingMethodAccessorImpl.java:43)
	at java.base/java.lang.reflect.Method.invoke(Method.java:566)
	at org.springframework.aop.support.AopUtils.invokeJoinpointUsingReflection(AopUtils.java:344)
	at org.springframework.aop.framework.JdkDynamicAopProxy.invoke(JdkDynamicAopProxy.java:208)
	at com.sun.proxy.$Proxy2474.loadGjSettings(Unknown Source)
	at com.blackboard.consulting.gradejourney.job.GradesExtractJob.execute(GradesExtractJob.java:55)
	at org.quartz.core.JobRunShell.run(JobRunShell.java:202)
	at org.quartz.simpl.SimpleThreadPool$WorkerThread.run(SimpleThreadPool.java:573)
INFO [2025-09-16 08:40:00][46:c.b.c.gradejourney.job.GradesExtractJob        ] : == Entering execute() of Job CronGJExtract.CronGJExtractJob ==
ERROR[2025-09-16 08:40:00][85:c.b.c.gradejourney.job.GradesExtractJob        ] : Error Loading the settings
java.lang.NullPointerException: null
	at com.blackboard.consulting.gradejourney.service.impl.GradesJourneySettingsServiceImpl.loadGjSettings(GradesJourneySettingsServiceImpl.java:134)
	at jdk.internal.reflect.GeneratedMethodAccessor734.invoke(Unknown Source)
	at java.base/jdk.internal.reflect.DelegatingMethodAccessorImpl.invoke(DelegatingMethodAccessorImpl.java:43)
	at java.base/java.lang.reflect.Method.invoke(Method.java:566)
	at org.springframework.aop.support.AopUtils.invokeJoinpointUsingReflection(AopUtils.java:344)
	at org.springframework.aop.framework.JdkDynamicAopProxy.invoke(JdkDynamicAopProxy.java:208)
	at com.sun.proxy.$Proxy2474.loadGjSettings(Unknown Source)
	at com.blackboard.consulting.gradejourney.job.GradesExtractJob.execute(GradesExtractJob.java:55)
	at org.quartz.core.JobRunShell.run(JobRunShell.java:202)
	at org.quartz.simpl.SimpleThreadPool$WorkerThread.run(SimpleThreadPool.java:573)
INFO [2025-09-16 08:42:00][46:c.b.c.gradejourney.job.GradesExtractJob        ] : == Entering execute() of Job CronGJExtract.CronGJExtractJob ==
ERROR[2025-09-16 08:42:00][85:c.b.c.gradejourney.job.GradesExtractJob        ] : Error Loading the settings
java.lang.NullPointerException: null
	at com.blackboard.consulting.gradejourney.service.impl.GradesJourneySettingsServiceImpl.loadGjSettings(GradesJourneySettingsServiceImpl.java:134)
	at jdk.internal.reflect.GeneratedMethodAccessor734.invoke(Unknown Source)
	at java.base/jdk.internal.reflect.DelegatingMethodAccessorImpl.invoke(DelegatingMethodAccessorImpl.java:43)
	at java.base/java.lang.reflect.Method.invoke(Method.java:566)
	at org.springframework.aop.support.AopUtils.invokeJoinpointUsingReflection(AopUtils.java:344)
	at org.springframework.aop.framework.JdkDynamicAopProxy.invoke(JdkDynamicAopProxy.java:208)
	at com.sun.proxy.$Proxy2474.loadGjSettings(Unknown Source)
	at com.blackboard.consulting.gradejourney.job.GradesExtractJob.execute(GradesExtractJob.java:55)
	at org.quartz.core.JobRunShell.run(JobRunShell.java:202)
	at org.quartz.simpl.SimpleThreadPool$WorkerThread.run(SimpleThreadPool.java:573)
INFO [2025-09-16 08:44:00][46:c.b.c.gradejourney.job.GradesExtractJob        ] : == Entering execute() of Job CronGJExtract.CronGJExtractJob ==
ERROR[2025-09-16 08:44:00][85:c.b.c.gradejourney.job.GradesExtractJob        ] : Error Loading the settings
java.lang.NullPointerException: null
	at com.blackboard.consulting.gradejourney.service.impl.GradesJourneySettingsServiceImpl.loadGjSettings(GradesJourneySettingsServiceImpl.java:134)
	at jdk.internal.reflect.GeneratedMethodAccessor734.invoke(Unknown Source)
	at java.base/jdk.internal.reflect.DelegatingMethodAccessorImpl.invoke(DelegatingMethodAccessorImpl.java:43)
	at java.base/java.lang.reflect.Method.invoke(Method.java:566)
	at org.springframework.aop.support.AopUtils.invokeJoinpointUsingReflection(AopUtils.java:344)
	at org.springframework.aop.framework.JdkDynamicAopProxy.invoke(JdkDynamicAopProxy.java:208)
	at com.sun.proxy.$Proxy2474.loadGjSettings(Unknown Source)
	at com.blackboard.consulting.gradejourney.job.GradesExtractJob.execute(GradesExtractJob.java:55)
	at org.quartz.core.JobRunShell.run(JobRunShell.java:202)
	at org.quartz.simpl.SimpleThreadPool$WorkerThread.run(SimpleThreadPool.java:573)
INFO [2025-09-16 08:46:00][46:c.b.c.gradejourney.job.GradesExtractJob        ] : == Entering execute() of Job CronGJExtract.CronGJExtractJob ==
ERROR[2025-09-16 08:46:00][85:c.b.c.gradejourney.job.GradesExtractJob        ] : Error Loading the settings
java.lang.NullPointerException: null
	at com.blackboard.consulting.gradejourney.service.impl.GradesJourneySettingsServiceImpl.loadGjSettings(GradesJourneySettingsServiceImpl.java:134)
	at jdk.internal.reflect.GeneratedMethodAccessor734.invoke(Unknown Source)
	at java.base/jdk.internal.reflect.DelegatingMethodAccessorImpl.invoke(DelegatingMethodAccessorImpl.java:43)
	at java.base/java.lang.reflect.Method.invoke(Method.java:566)
	at org.springframework.aop.support.AopUtils.invokeJoinpointUsingReflection(AopUtils.java:344)
	at org.springframework.aop.framework.JdkDynamicAopProxy.invoke(JdkDynamicAopProxy.java:208)
	at com.sun.proxy.$Proxy2474.loadGjSettings(Unknown Source)
	at com.blackboard.consulting.gradejourney.job.GradesExtractJob.execute(GradesExtractJob.java:55)
	at org.quartz.core.JobRunShell.run(JobRunShell.java:202)
	at org.quartz.simpl.SimpleThreadPool$WorkerThread.run(SimpleThreadPool.java:573)
INFO [2025-09-16 08:49:00][46:c.b.c.gradejourney.job.GradesExtractJob        ] : == Entering execute() of Job CronGJExtract.CronGJExtractJob ==
ERROR[2025-09-16 08:49:00][85:c.b.c.gradejourney.job.GradesExtractJob        ] : Error Loading the settings
java.lang.NullPointerException: null
	at com.blackboard.consulting.gradejourney.service.impl.GradesJourneySettingsServiceImpl.loadGjSettings(GradesJourneySettingsServiceImpl.java:134)
	at jdk.internal.reflect.GeneratedMethodAccessor734.invoke(Unknown Source)
	at java.base/jdk.internal.reflect.DelegatingMethodAccessorImpl.invoke(DelegatingMethodAccessorImpl.java:43)
	at java.base/java.lang.reflect.Method.invoke(Method.java:566)
	at org.springframework.aop.support.AopUtils.invokeJoinpointUsingReflection(AopUtils.java:344)
	at org.springframework.aop.framework.JdkDynamicAopProxy.invoke(JdkDynamicAopProxy.java:208)
	at com.sun.proxy.$Proxy2474.loadGjSettings(Unknown Source)
	at com.blackboard.consulting.gradejourney.job.GradesExtractJob.execute(GradesExtractJob.java:55)
	at org.quartz.core.JobRunShell.run(JobRunShell.java:202)
	at org.quartz.simpl.SimpleThreadPool$WorkerThread.run(SimpleThreadPool.java:573)
INFO [2025-09-16 08:51:00][46:c.b.c.gradejourney.job.GradesExtractJob        ] : == Entering execute() of Job CronGJExtract.CronGJExtractJob ==
ERROR[2025-09-16 08:51:00][85:c.b.c.gradejourney.job.GradesExtractJob        ] : Error Loading the settings
java.lang.NullPointerException: null
	at com.blackboard.consulting.gradejourney.service.impl.GradesJourneySettingsServiceImpl.loadGjSettings(GradesJourneySettingsServiceImpl.java:134)
	at jdk.internal.reflect.GeneratedMethodAccessor734.invoke(Unknown Source)
	at java.base/jdk.internal.reflect.DelegatingMethodAccessorImpl.invoke(DelegatingMethodAccessorImpl.java:43)
	at java.base/java.lang.reflect.Method.invoke(Method.java:566)
	at org.springframework.aop.support.AopUtils.invokeJoinpointUsingReflection(AopUtils.java:344)
	at org.springframework.aop.framework.JdkDynamicAopProxy.invoke(JdkDynamicAopProxy.java:208)
	at com.sun.proxy.$Proxy2474.loadGjSettings(Unknown Source)
	at com.blackboard.consulting.gradejourney.job.GradesExtractJob.execute(GradesExtractJob.java:55)
	at org.quartz.core.JobRunShell.run(JobRunShell.java:202)
	at org.quartz.simpl.SimpleThreadPool$WorkerThread.run(SimpleThreadPool.java:573)
INFO [2025-09-16 08:53:00][46:c.b.c.gradejourney.job.GradesExtractJob        ] : == Entering execute() of Job CronGJExtract.CronGJExtractJob ==
ERROR[2025-09-16 08:53:00][85:c.b.c.gradejourney.job.GradesExtractJob        ] : Error Loading the settings
java.lang.NullPointerException: null
	at com.blackboard.consulting.gradejourney.service.impl.GradesJourneySettingsServiceImpl.loadGjSettings(GradesJourneySettingsServiceImpl.java:134)
	at jdk.internal.reflect.GeneratedMethodAccessor734.invoke(Unknown Source)
	at java.base/jdk.internal.reflect.DelegatingMethodAccessorImpl.invoke(DelegatingMethodAccessorImpl.java:43)
	at java.base/java.lang.reflect.Method.invoke(Method.java:566)
	at org.springframework.aop.support.AopUtils.invokeJoinpointUsingReflection(AopUtils.java:344)
	at org.springframework.aop.framework.JdkDynamicAopProxy.invoke(JdkDynamicAopProxy.java:208)
	at com.sun.proxy.$Proxy2474.loadGjSettings(Unknown Source)
	at com.blackboard.consulting.gradejourney.job.GradesExtractJob.execute(GradesExtractJob.java:55)
	at org.quartz.core.JobRunShell.run(JobRunShell.java:202)
	at org.quartz.simpl.SimpleThreadPool$WorkerThread.run(SimpleThreadPool.java:573)
INFO [2025-09-16 08:55:00][46:c.b.c.gradejourney.job.GradesExtractJob        ] : == Entering execute() of Job CronGJExtract.CronGJExtractJob ==
ERROR[2025-09-16 08:55:00][85:c.b.c.gradejourney.job.GradesExtractJob        ] : Error Loading the settings
java.lang.NullPointerException: null
	at com.blackboard.consulting.gradejourney.service.impl.GradesJourneySettingsServiceImpl.loadGjSettings(GradesJourneySettingsServiceImpl.java:134)
	at jdk.internal.reflect.GeneratedMethodAccessor734.invoke(Unknown Source)
	at java.base/jdk.internal.reflect.DelegatingMethodAccessorImpl.invoke(DelegatingMethodAccessorImpl.java:43)
	at java.base/java.lang.reflect.Method.invoke(Method.java:566)
	at org.springframework.aop.support.AopUtils.invokeJoinpointUsingReflection(AopUtils.java:344)
	at org.springframework.aop.framework.JdkDynamicAopProxy.invoke(JdkDynamicAopProxy.java:208)
	at com.sun.proxy.$Proxy2474.loadGjSettings(Unknown Source)
	at com.blackboard.consulting.gradejourney.job.GradesExtractJob.execute(GradesExtractJob.java:55)
	at org.quartz.core.JobRunShell.run(JobRunShell.java:202)
	at org.quartz.simpl.SimpleThreadPool$WorkerThread.run(SimpleThreadPool.java:573)
INFO [2025-09-16 08:57:00][46:c.b.c.gradejourney.job.GradesExtractJob        ] : == Entering execute() of Job CronGJExtract.CronGJExtractJob ==
ERROR[2025-09-16 08:57:00][85:c.b.c.gradejourney.job.GradesExtractJob        ] : Error Loading the settings
java.lang.NullPointerException: null
	at com.blackboard.consulting.gradejourney.service.impl.GradesJourneySettingsServiceImpl.loadGjSettings(GradesJourneySettingsServiceImpl.java:134)
	at jdk.internal.reflect.GeneratedMethodAccessor734.invoke(Unknown Source)
	at java.base/jdk.internal.reflect.DelegatingMethodAccessorImpl.invoke(DelegatingMethodAccessorImpl.java:43)
	at java.base/java.lang.reflect.Method.invoke(Method.java:566)
	at org.springframework.aop.support.AopUtils.invokeJoinpointUsingReflection(AopUtils.java:344)
	at org.springframework.aop.framework.JdkDynamicAopProxy.invoke(JdkDynamicAopProxy.java:208)
	at com.sun.proxy.$Proxy2474.loadGjSettings(Unknown Source)
	at com.blackboard.consulting.gradejourney.job.GradesExtractJob.execute(GradesExtractJob.java:55)
	at org.quartz.core.JobRunShell.run(JobRunShell.java:202)
	at org.quartz.simpl.SimpleThreadPool$WorkerThread.run(SimpleThreadPool.java:573)
INFO [2025-09-16 08:59:00][46:c.b.c.gradejourney.job.GradesExtractJob        ] : == Entering execute() of Job CronGJExtract.CronGJExtractJob ==
ERROR[2025-09-16 08:59:00][85:c.b.c.gradejourney.job.GradesExtractJob        ] : Error Loading the settings
java.lang.NullPointerException: null
	at com.blackboard.consulting.gradejourney.service.impl.GradesJourneySettingsServiceImpl.loadGjSettings(GradesJourneySettingsServiceImpl.java:134)
	at jdk.internal.reflect.GeneratedMethodAccessor734.invoke(Unknown Source)
	at java.base/jdk.internal.reflect.DelegatingMethodAccessorImpl.invoke(DelegatingMethodAccessorImpl.java:43)
	at java.base/java.lang.reflect.Method.invoke(Method.java:566)
	at org.springframework.aop.support.AopUtils.invokeJoinpointUsingReflection(AopUtils.java:344)
	at org.springframework.aop.framework.JdkDynamicAopProxy.invoke(JdkDynamicAopProxy.java:208)
	at com.sun.proxy.$Proxy2474.loadGjSettings(Unknown Source)
	at com.blackboard.consulting.gradejourney.job.GradesExtractJob.execute(GradesExtractJob.java:55)
	at org.quartz.core.JobRunShell.run(JobRunShell.java:202)
	at org.quartz.simpl.SimpleThreadPool$WorkerThread.run(SimpleThreadPool.java:573)
INFO [2025-09-16 09:00:00][133:c.b.c.g.j.GradeExportLogTransferScheduler     ] : File copied to Content folder: x-bbgs-consulting-central-grade-export.2025-09-16-ip-10-146-230-85.ec2.internal.log
INFO [2025-09-16 09:01:00][46:c.b.c.gradejourney.job.GradesExtractJob        ] : == Entering execute() of Job CronGJExtract.CronGJExtractJob ==
ERROR[2025-09-16 09:01:00][85:c.b.c.gradejourney.job.GradesExtractJob        ] : Error Loading the settings
java.lang.NullPointerException: null
	at com.blackboard.consulting.gradejourney.service.impl.GradesJourneySettingsServiceImpl.loadGjSettings(GradesJourneySettingsServiceImpl.java:134)
	at jdk.internal.reflect.GeneratedMethodAccessor734.invoke(Unknown Source)
	at java.base/jdk.internal.reflect.DelegatingMethodAccessorImpl.invoke(DelegatingMethodAccessorImpl.java:43)
	at java.base/java.lang.reflect.Method.invoke(Method.java:566)
	at org.springframework.aop.support.AopUtils.invokeJoinpointUsingReflection(AopUtils.java:344)
	at org.springframework.aop.framework.JdkDynamicAopProxy.invoke(JdkDynamicAopProxy.java:208)
	at com.sun.proxy.$Proxy2474.loadGjSettings(Unknown Source)
	at com.blackboard.consulting.gradejourney.job.GradesExtractJob.execute(GradesExtractJob.java:55)
	at org.quartz.core.JobRunShell.run(JobRunShell.java:202)
	at org.quartz.simpl.SimpleThreadPool$WorkerThread.run(SimpleThreadPool.java:573)
INFO [2025-09-16 09:03:00][46:c.b.c.gradejourney.job.GradesExtractJob        ] : == Entering execute() of Job CronGJExtract.CronGJExtractJob ==
ERROR[2025-09-16 09:03:00][85:c.b.c.gradejourney.job.GradesExtractJob        ] : Error Loading the settings
java.lang.NullPointerException: null
	at com.blackboard.consulting.gradejourney.service.impl.GradesJourneySettingsServiceImpl.loadGjSettings(GradesJourneySettingsServiceImpl.java:134)
	at jdk.internal.reflect.GeneratedMethodAccessor734.invoke(Unknown Source)
	at java.base/jdk.internal.reflect.DelegatingMethodAccessorImpl.invoke(DelegatingMethodAccessorImpl.java:43)
	at java.base/java.lang.reflect.Method.invoke(Method.java:566)
	at org.springframework.aop.support.AopUtils.invokeJoinpointUsingReflection(AopUtils.java:344)
	at org.springframework.aop.framework.JdkDynamicAopProxy.invoke(JdkDynamicAopProxy.java:208)
	at com.sun.proxy.$Proxy2474.loadGjSettings(Unknown Source)
	at com.blackboard.consulting.gradejourney.job.GradesExtractJob.execute(GradesExtractJob.java:55)
	at org.quartz.core.JobRunShell.run(JobRunShell.java:202)
	at org.quartz.simpl.SimpleThreadPool$WorkerThread.run(SimpleThreadPool.java:573)
INFO [2025-09-16 09:05:00][46:c.b.c.gradejourney.job.GradesExtractJob        ] : == Entering execute() of Job CronGJExtract.CronGJExtractJob ==
ERROR[2025-09-16 09:05:00][85:c.b.c.gradejourney.job.GradesExtractJob        ] : Error Loading the settings
java.lang.NullPointerException: null
	at com.blackboard.consulting.gradejourney.service.impl.GradesJourneySettingsServiceImpl.loadGjSettings(GradesJourneySettingsServiceImpl.java:134)
	at jdk.internal.reflect.GeneratedMethodAccessor734.invoke(Unknown Source)
	at java.base/jdk.internal.reflect.DelegatingMethodAccessorImpl.invoke(DelegatingMethodAccessorImpl.java:43)
	at java.base/java.lang.reflect.Method.invoke(Method.java:566)
	at org.springframework.aop.support.AopUtils.invokeJoinpointUsingReflection(AopUtils.java:344)
	at org.springframework.aop.framework.JdkDynamicAopProxy.invoke(JdkDynamicAopProxy.java:208)
	at com.sun.proxy.$Proxy2474.loadGjSettings(Unknown Source)
	at com.blackboard.consulting.gradejourney.job.GradesExtractJob.execute(GradesExtractJob.java:55)
	at org.quartz.core.JobRunShell.run(JobRunShell.java:202)
	at org.quartz.simpl.SimpleThreadPool$WorkerThread.run(SimpleThreadPool.java:573)
INFO [2025-09-16 09:07:00][46:c.b.c.gradejourney.job.GradesExtractJob        ] : == Entering execute() of Job CronGJExtract.CronGJExtractJob ==
ERROR[2025-09-16 09:07:00][85:c.b.c.gradejourney.job.GradesExtractJob        ] : Error Loading the settings
java.lang.NullPointerException: null
	at com.blackboard.consulting.gradejourney.service.impl.GradesJourneySettingsServiceImpl.loadGjSettings(GradesJourneySettingsServiceImpl.java:134)
	at jdk.internal.reflect.GeneratedMethodAccessor734.invoke(Unknown Source)
	at java.base/jdk.internal.reflect.DelegatingMethodAccessorImpl.invoke(DelegatingMethodAccessorImpl.java:43)
	at java.base/java.lang.reflect.Method.invoke(Method.java:566)
	at org.springframework.aop.support.AopUtils.invokeJoinpointUsingReflection(AopUtils.java:344)
	at org.springframework.aop.framework.JdkDynamicAopProxy.invoke(JdkDynamicAopProxy.java:208)
	at com.sun.proxy.$Proxy2474.loadGjSettings(Unknown Source)
	at com.blackboard.consulting.gradejourney.job.GradesExtractJob.execute(GradesExtractJob.java:55)
	at org.quartz.core.JobRunShell.run(JobRunShell.java:202)
	at org.quartz.simpl.SimpleThreadPool$WorkerThread.run(SimpleThreadPool.java:573)
INFO [2025-09-16 09:09:00][46:c.b.c.gradejourney.job.GradesExtractJob        ] : == Entering execute() of Job CronGJExtract.CronGJExtractJob ==
ERROR[2025-09-16 09:09:00][85:c.b.c.gradejourney.job.GradesExtractJob        ] : Error Loading the settings
java.lang.NullPointerException: null
	at com.blackboard.consulting.gradejourney.service.impl.GradesJourneySettingsServiceImpl.loadGjSettings(GradesJourneySettingsServiceImpl.java:134)
	at jdk.internal.reflect.GeneratedMethodAccessor734.invoke(Unknown Source)
	at java.base/jdk.internal.reflect.DelegatingMethodAccessorImpl.invoke(DelegatingMethodAccessorImpl.java:43)
	at java.base/java.lang.reflect.Method.invoke(Method.java:566)
	at org.springframework.aop.support.AopUtils.invokeJoinpointUsingReflection(AopUtils.java:344)
	at org.springframework.aop.framework.JdkDynamicAopProxy.invoke(JdkDynamicAopProxy.java:208)
	at com.sun.proxy.$Proxy2474.loadGjSettings(Unknown Source)
	at com.blackboard.consulting.gradejourney.job.GradesExtractJob.execute(GradesExtractJob.java:55)
	at org.quartz.core.JobRunShell.run(JobRunShell.java:202)
	at org.quartz.simpl.SimpleThreadPool$WorkerThread.run(SimpleThreadPool.java:573)
INFO [2025-09-16 09:11:00][46:c.b.c.gradejourney.job.GradesExtractJob        ] : == Entering execute() of Job CronGJExtract.CronGJExtractJob ==
ERROR[2025-09-16 09:11:00][85:c.b.c.gradejourney.job.GradesExtractJob        ] : Error Loading the settings
java.lang.NullPointerException: null
	at com.blackboard.consulting.gradejourney.service.impl.GradesJourneySettingsServiceImpl.loadGjSettings(GradesJourneySettingsServiceImpl.java:134)
	at jdk.internal.reflect.GeneratedMethodAccessor734.invoke(Unknown Source)
	at java.base/jdk.internal.reflect.DelegatingMethodAccessorImpl.invoke(DelegatingMethodAccessorImpl.java:43)
	at java.base/java.lang.reflect.Method.invoke(Method.java:566)
	at org.springframework.aop.support.AopUtils.invokeJoinpointUsingReflection(AopUtils.java:344)
	at org.springframework.aop.framework.JdkDynamicAopProxy.invoke(JdkDynamicAopProxy.java:208)
	at com.sun.proxy.$Proxy2474.loadGjSettings(Unknown Source)
	at com.blackboard.consulting.gradejourney.job.GradesExtractJob.execute(GradesExtractJob.java:55)
	at org.quartz.core.JobRunShell.run(JobRunShell.java:202)
	at org.quartz.simpl.SimpleThreadPool$WorkerThread.run(SimpleThreadPool.java:573)
INFO [2025-09-16 09:14:00][46:c.b.c.gradejourney.job.GradesExtractJob        ] : == Entering execute() of Job CronGJExtract.CronGJExtractJob ==
ERROR[2025-09-16 09:14:00][85:c.b.c.gradejourney.job.GradesExtractJob        ] : Error Loading the settings
java.lang.NullPointerException: null
	at com.blackboard.consulting.gradejourney.service.impl.GradesJourneySettingsServiceImpl.loadGjSettings(GradesJourneySettingsServiceImpl.java:134)
	at jdk.internal.reflect.GeneratedMethodAccessor734.invoke(Unknown Source)
	at java.base/jdk.internal.reflect.DelegatingMethodAccessorImpl.invoke(DelegatingMethodAccessorImpl.java:43)
	at java.base/java.lang.reflect.Method.invoke(Method.java:566)
	at org.springframework.aop.support.AopUtils.invokeJoinpointUsingReflection(AopUtils.java:344)
	at org.springframework.aop.framework.JdkDynamicAopProxy.invoke(JdkDynamicAopProxy.java:208)
	at com.sun.proxy.$Proxy2474.loadGjSettings(Unknown Source)
	at com.blackboard.consulting.gradejourney.job.GradesExtractJob.execute(GradesExtractJob.java:55)
	at org.quartz.core.JobRunShell.run(JobRunShell.java:202)
	at org.quartz.simpl.SimpleThreadPool$WorkerThread.run(SimpleThreadPool.java:573)
INFO [2025-09-16 09:15:00][46:c.b.c.gradejourney.job.GradesExtractJob        ] : == Entering execute() of Job CronGJExtract.CronGJExtractJob ==
ERROR[2025-09-16 09:15:00][85:c.b.c.gradejourney.job.GradesExtractJob        ] : Error Loading the settings
java.lang.NullPointerException: null
	at com.blackboard.consulting.gradejourney.service.impl.GradesJourneySettingsServiceImpl.loadGjSettings(GradesJourneySettingsServiceImpl.java:134)
	at jdk.internal.reflect.GeneratedMethodAccessor734.invoke(Unknown Source)
	at java.base/jdk.internal.reflect.DelegatingMethodAccessorImpl.invoke(DelegatingMethodAccessorImpl.java:43)
	at java.base/java.lang.reflect.Method.invoke(Method.java:566)
	at org.springframework.aop.support.AopUtils.invokeJoinpointUsingReflection(AopUtils.java:344)
	at org.springframework.aop.framework.JdkDynamicAopProxy.invoke(JdkDynamicAopProxy.java:208)
	at com.sun.proxy.$Proxy2474.loadGjSettings(Unknown Source)
	at com.blackboard.consulting.gradejourney.job.GradesExtractJob.execute(GradesExtractJob.java:55)
	at org.quartz.core.JobRunShell.run(JobRunShell.java:202)
	at org.quartz.simpl.SimpleThreadPool$WorkerThread.run(SimpleThreadPool.java:573)
INFO [2025-09-16 09:17:00][46:c.b.c.gradejourney.job.GradesExtractJob        ] : == Entering execute() of Job CronGJExtract.CronGJExtractJob ==
ERROR[2025-09-16 09:17:00][85:c.b.c.gradejourney.job.GradesExtractJob        ] : Error Loading the settings
java.lang.NullPointerException: null
	at com.blackboard.consulting.gradejourney.service.impl.GradesJourneySettingsServiceImpl.loadGjSettings(GradesJourneySettingsServiceImpl.java:134)
	at jdk.internal.reflect.GeneratedMethodAccessor734.invoke(Unknown Source)
	at java.base/jdk.internal.reflect.DelegatingMethodAccessorImpl.invoke(DelegatingMethodAccessorImpl.java:43)
	at java.base/java.lang.reflect.Method.invoke(Method.java:566)
	at org.springframework.aop.support.AopUtils.invokeJoinpointUsingReflection(AopUtils.java:344)
	at org.springframework.aop.framework.JdkDynamicAopProxy.invoke(JdkDynamicAopProxy.java:208)
	at com.sun.proxy.$Proxy2474.loadGjSettings(Unknown Source)
	at com.blackboard.consulting.gradejourney.job.GradesExtractJob.execute(GradesExtractJob.java:55)
	at org.quartz.core.JobRunShell.run(JobRunShell.java:202)
	at org.quartz.simpl.SimpleThreadPool$WorkerThread.run(SimpleThreadPool.java:573)
INFO [2025-09-16 09:19:00][46:c.b.c.gradejourney.job.GradesExtractJob        ] : == Entering execute() of Job CronGJExtract.CronGJExtractJob ==
ERROR[2025-09-16 09:19:00][85:c.b.c.gradejourney.job.GradesExtractJob        ] : Error Loading the settings
java.lang.NullPointerException: null
	at com.blackboard.consulting.gradejourney.service.impl.GradesJourneySettingsServiceImpl.loadGjSettings(GradesJourneySettingsServiceImpl.java:134)
	at jdk.internal.reflect.GeneratedMethodAccessor734.invoke(Unknown Source)
	at java.base/jdk.internal.reflect.DelegatingMethodAccessorImpl.invoke(DelegatingMethodAccessorImpl.java:43)
	at java.base/java.lang.reflect.Method.invoke(Method.java:566)
	at org.springframework.aop.support.AopUtils.invokeJoinpointUsingReflection(AopUtils.java:344)
	at org.springframework.aop.framework.JdkDynamicAopProxy.invoke(JdkDynamicAopProxy.java:208)
	at com.sun.proxy.$Proxy2474.loadGjSettings(Unknown Source)
	at com.blackboard.consulting.gradejourney.job.GradesExtractJob.execute(GradesExtractJob.java:55)
	at org.quartz.core.JobRunShell.run(JobRunShell.java:202)
	at org.quartz.simpl.SimpleThreadPool$WorkerThread.run(SimpleThreadPool.java:573)
INFO [2025-09-16 09:21:00][46:c.b.c.gradejourney.job.GradesExtractJob        ] : == Entering execute() of Job CronGJExtract.CronGJExtractJob ==
ERROR[2025-09-16 09:21:00][85:c.b.c.gradejourney.job.GradesExtractJob        ] : Error Loading the settings
java.lang.NullPointerException: null
	at com.blackboard.consulting.gradejourney.service.impl.GradesJourneySettingsServiceImpl.loadGjSettings(GradesJourneySettingsServiceImpl.java:134)
	at jdk.internal.reflect.GeneratedMethodAccessor734.invoke(Unknown Source)
	at java.base/jdk.internal.reflect.DelegatingMethodAccessorImpl.invoke(DelegatingMethodAccessorImpl.java:43)
	at java.base/java.lang.reflect.Method.invoke(Method.java:566)
	at org.springframework.aop.support.AopUtils.invokeJoinpointUsingReflection(AopUtils.java:344)
	at org.springframework.aop.framework.JdkDynamicAopProxy.invoke(JdkDynamicAopProxy.java:208)
	at com.sun.proxy.$Proxy2474.loadGjSettings(Unknown Source)
	at com.blackboard.consulting.gradejourney.job.GradesExtractJob.execute(GradesExtractJob.java:55)
	at org.quartz.core.JobRunShell.run(JobRunShell.java:202)
	at org.quartz.simpl.SimpleThreadPool$WorkerThread.run(SimpleThreadPool.java:573)
INFO [2025-09-16 09:22:00][46:c.b.c.gradejourney.job.GradesExtractJob        ] : == Entering execute() of Job CronGJExtract.CronGJExtractJob ==
ERROR[2025-09-16 09:22:00][85:c.b.c.gradejourney.job.GradesExtractJob        ] : Error Loading the settings
java.lang.NullPointerException: null
	at com.blackboard.consulting.gradejourney.service.impl.GradesJourneySettingsServiceImpl.loadGjSettings(GradesJourneySettingsServiceImpl.java:134)
	at jdk.internal.reflect.GeneratedMethodAccessor734.invoke(Unknown Source)
	at java.base/jdk.internal.reflect.DelegatingMethodAccessorImpl.invoke(DelegatingMethodAccessorImpl.java:43)
	at java.base/java.lang.reflect.Method.invoke(Method.java:566)
	at org.springframework.aop.support.AopUtils.invokeJoinpointUsingReflection(AopUtils.java:344)
	at org.springframework.aop.framework.JdkDynamicAopProxy.invoke(JdkDynamicAopProxy.java:208)
	at com.sun.proxy.$Proxy2474.loadGjSettings(Unknown Source)
	at com.blackboard.consulting.gradejourney.job.GradesExtractJob.execute(GradesExtractJob.java:55)
	at org.quartz.core.JobRunShell.run(JobRunShell.java:202)
	at org.quartz.simpl.SimpleThreadPool$WorkerThread.run(SimpleThreadPool.java:573)
INFO [2025-09-16 09:24:00][46:c.b.c.gradejourney.job.GradesExtractJob        ] : == Entering execute() of Job CronGJExtract.CronGJExtractJob ==
ERROR[2025-09-16 09:24:00][85:c.b.c.gradejourney.job.GradesExtractJob        ] : Error Loading the settings
java.lang.NullPointerException: null
	at com.blackboard.consulting.gradejourney.service.impl.GradesJourneySettingsServiceImpl.loadGjSettings(GradesJourneySettingsServiceImpl.java:134)
	at jdk.internal.reflect.GeneratedMethodAccessor734.invoke(Unknown Source)
	at java.base/jdk.internal.reflect.DelegatingMethodAccessorImpl.invoke(DelegatingMethodAccessorImpl.java:43)
	at java.base/java.lang.reflect.Method.invoke(Method.java:566)
	at org.springframework.aop.support.AopUtils.invokeJoinpointUsingReflection(AopUtils.java:344)
	at org.springframework.aop.framework.JdkDynamicAopProxy.invoke(JdkDynamicAopProxy.java:208)
	at com.sun.proxy.$Proxy2474.loadGjSettings(Unknown Source)
	at com.blackboard.consulting.gradejourney.job.GradesExtractJob.execute(GradesExtractJob.java:55)
	at org.quartz.core.JobRunShell.run(JobRunShell.java:202)
	at org.quartz.simpl.SimpleThreadPool$WorkerThread.run(SimpleThreadPool.java:573)
INFO [2025-09-16 09:26:00][46:c.b.c.gradejourney.job.GradesExtractJob        ] : == Entering execute() of Job CronGJExtract.CronGJExtractJob ==
ERROR[2025-09-16 09:26:00][85:c.b.c.gradejourney.job.GradesExtractJob        ] : Error Loading the settings
java.lang.NullPointerException: null
	at com.blackboard.consulting.gradejourney.service.impl.GradesJourneySettingsServiceImpl.loadGjSettings(GradesJourneySettingsServiceImpl.java:134)
	at jdk.internal.reflect.GeneratedMethodAccessor734.invoke(Unknown Source)
	at java.base/jdk.internal.reflect.DelegatingMethodAccessorImpl.invoke(DelegatingMethodAccessorImpl.java:43)
	at java.base/java.lang.reflect.Method.invoke(Method.java:566)
	at org.springframework.aop.support.AopUtils.invokeJoinpointUsingReflection(AopUtils.java:344)
	at org.springframework.aop.framework.JdkDynamicAopProxy.invoke(JdkDynamicAopProxy.java:208)
	at com.sun.proxy.$Proxy2474.loadGjSettings(Unknown Source)
	at com.blackboard.consulting.gradejourney.job.GradesExtractJob.execute(GradesExtractJob.java:55)
	at org.quartz.core.JobRunShell.run(JobRunShell.java:202)
	at org.quartz.simpl.SimpleThreadPool$WorkerThread.run(SimpleThreadPool.java:573)
INFO [2025-09-16 09:28:00][46:c.b.c.gradejourney.job.GradesExtractJob        ] : == Entering execute() of Job CronGJExtract.CronGJExtractJob ==
ERROR[2025-09-16 09:28:00][85:c.b.c.gradejourney.job.GradesExtractJob        ] : Error Loading the settings
java.lang.NullPointerException: null
	at com.blackboard.consulting.gradejourney.service.impl.GradesJourneySettingsServiceImpl.loadGjSettings(GradesJourneySettingsServiceImpl.java:134)
	at jdk.internal.reflect.GeneratedMethodAccessor734.invoke(Unknown Source)
	at java.base/jdk.internal.reflect.DelegatingMethodAccessorImpl.invoke(DelegatingMethodAccessorImpl.java:43)
	at java.base/java.lang.reflect.Method.invoke(Method.java:566)
	at org.springframework.aop.support.AopUtils.invokeJoinpointUsingReflection(AopUtils.java:344)
	at org.springframework.aop.framework.JdkDynamicAopProxy.invoke(JdkDynamicAopProxy.java:208)
	at com.sun.proxy.$Proxy2474.loadGjSettings(Unknown Source)
	at com.blackboard.consulting.gradejourney.job.GradesExtractJob.execute(GradesExtractJob.java:55)
	at org.quartz.core.JobRunShell.run(JobRunShell.java:202)
	at org.quartz.simpl.SimpleThreadPool$WorkerThread.run(SimpleThreadPool.java:573)
INFO [2025-09-16 09:30:00][46:c.b.c.gradejourney.job.GradesExtractJob        ] : == Entering execute() of Job CronGJExtract.CronGJExtractJob ==
ERROR[2025-09-16 09:30:00][85:c.b.c.gradejourney.job.GradesExtractJob        ] : Error Loading the settings
java.lang.NullPointerException: null
	at com.blackboard.consulting.gradejourney.service.impl.GradesJourneySettingsServiceImpl.loadGjSettings(GradesJourneySettingsServiceImpl.java:134)
	at jdk.internal.reflect.GeneratedMethodAccessor734.invoke(Unknown Source)
	at java.base/jdk.internal.reflect.DelegatingMethodAccessorImpl.invoke(DelegatingMethodAccessorImpl.java:43)
	at java.base/java.lang.reflect.Method.invoke(Method.java:566)
	at org.springframework.aop.support.AopUtils.invokeJoinpointUsingReflection(AopUtils.java:344)
	at org.springframework.aop.framework.JdkDynamicAopProxy.invoke(JdkDynamicAopProxy.java:208)
	at com.sun.proxy.$Proxy2474.loadGjSettings(Unknown Source)
	at com.blackboard.consulting.gradejourney.job.GradesExtractJob.execute(GradesExtractJob.java:55)
	at org.quartz.core.JobRunShell.run(JobRunShell.java:202)
	at org.quartz.simpl.SimpleThreadPool$WorkerThread.run(SimpleThreadPool.java:573)
INFO [2025-09-16 09:32:00][46:c.b.c.gradejourney.job.GradesExtractJob        ] : == Entering execute() of Job CronGJExtract.CronGJExtractJob ==
ERROR[2025-09-16 09:32:00][85:c.b.c.gradejourney.job.GradesExtractJob        ] : Error Loading the settings
java.lang.NullPointerException: null
	at com.blackboard.consulting.gradejourney.service.impl.GradesJourneySettingsServiceImpl.loadGjSettings(GradesJourneySettingsServiceImpl.java:134)
	at jdk.internal.reflect.GeneratedMethodAccessor734.invoke(Unknown Source)
	at java.base/jdk.internal.reflect.DelegatingMethodAccessorImpl.invoke(DelegatingMethodAccessorImpl.java:43)
	at java.base/java.lang.reflect.Method.invoke(Method.java:566)
	at org.springframework.aop.support.AopUtils.invokeJoinpointUsingReflection(AopUtils.java:344)
	at org.springframework.aop.framework.JdkDynamicAopProxy.invoke(JdkDynamicAopProxy.java:208)
	at com.sun.proxy.$Proxy2474.loadGjSettings(Unknown Source)
	at com.blackboard.consulting.gradejourney.job.GradesExtractJob.execute(GradesExtractJob.java:55)
	at org.quartz.core.JobRunShell.run(JobRunShell.java:202)
	at org.quartz.simpl.SimpleThreadPool$WorkerThread.run(SimpleThreadPool.java:573)
INFO [2025-09-16 09:34:00][46:c.b.c.gradejourney.job.GradesExtractJob        ] : == Entering execute() of Job CronGJExtract.CronGJExtractJob ==
ERROR[2025-09-16 09:34:00][85:c.b.c.gradejourney.job.GradesExtractJob        ] : Error Loading the settings
java.lang.NullPointerException: null
	at com.blackboard.consulting.gradejourney.service.impl.GradesJourneySettingsServiceImpl.loadGjSettings(GradesJourneySettingsServiceImpl.java:134)
	at jdk.internal.reflect.GeneratedMethodAccessor734.invoke(Unknown Source)
	at java.base/jdk.internal.reflect.DelegatingMethodAccessorImpl.invoke(DelegatingMethodAccessorImpl.java:43)
	at java.base/java.lang.reflect.Method.invoke(Method.java:566)
	at org.springframework.aop.support.AopUtils.invokeJoinpointUsingReflection(AopUtils.java:344)
	at org.springframework.aop.framework.JdkDynamicAopProxy.invoke(JdkDynamicAopProxy.java:208)
	at com.sun.proxy.$Proxy2474.loadGjSettings(Unknown Source)
	at com.blackboard.consulting.gradejourney.job.GradesExtractJob.execute(GradesExtractJob.java:55)
	at org.quartz.core.JobRunShell.run(JobRunShell.java:202)
	at org.quartz.simpl.SimpleThreadPool$WorkerThread.run(SimpleThreadPool.java:573)
INFO [2025-09-16 09:36:00][46:c.b.c.gradejourney.job.GradesExtractJob        ] : == Entering execute() of Job CronGJExtract.CronGJExtractJob ==
ERROR[2025-09-16 09:36:00][85:c.b.c.gradejourney.job.GradesExtractJob        ] : Error Loading the settings
java.lang.NullPointerException: null
	at com.blackboard.consulting.gradejourney.service.impl.GradesJourneySettingsServiceImpl.loadGjSettings(GradesJourneySettingsServiceImpl.java:134)
	at jdk.internal.reflect.GeneratedMethodAccessor734.invoke(Unknown Source)
	at java.base/jdk.internal.reflect.DelegatingMethodAccessorImpl.invoke(DelegatingMethodAccessorImpl.java:43)
	at java.base/java.lang.reflect.Method.invoke(Method.java:566)
	at org.springframework.aop.support.AopUtils.invokeJoinpointUsingReflection(AopUtils.java:344)
	at org.springframework.aop.framework.JdkDynamicAopProxy.invoke(JdkDynamicAopProxy.java:208)
	at com.sun.proxy.$Proxy2474.loadGjSettings(Unknown Source)
	at com.blackboard.consulting.gradejourney.job.GradesExtractJob.execute(GradesExtractJob.java:55)
	at org.quartz.core.JobRunShell.run(JobRunShell.java:202)
	at org.quartz.simpl.SimpleThreadPool$WorkerThread.run(SimpleThreadPool.java:573)
INFO [2025-09-16 09:38:00][46:c.b.c.gradejourney.job.GradesExtractJob        ] : == Entering execute() of Job CronGJExtract.CronGJExtractJob ==
ERROR[2025-09-16 09:38:00][85:c.b.c.gradejourney.job.GradesExtractJob        ] : Error Loading the settings
java.lang.NullPointerException: null
	at com.blackboard.consulting.gradejourney.service.impl.GradesJourneySettingsServiceImpl.loadGjSettings(GradesJourneySettingsServiceImpl.java:134)
	at jdk.internal.reflect.GeneratedMethodAccessor734.invoke(Unknown Source)
	at java.base/jdk.internal.reflect.DelegatingMethodAccessorImpl.invoke(DelegatingMethodAccessorImpl.java:43)
	at java.base/java.lang.reflect.Method.invoke(Method.java:566)
	at org.springframework.aop.support.AopUtils.invokeJoinpointUsingReflection(AopUtils.java:344)
	at org.springframework.aop.framework.JdkDynamicAopProxy.invoke(JdkDynamicAopProxy.java:208)
	at com.sun.proxy.$Proxy2474.loadGjSettings(Unknown Source)
	at com.blackboard.consulting.gradejourney.job.GradesExtractJob.execute(GradesExtractJob.java:55)
	at org.quartz.core.JobRunShell.run(JobRunShell.java:202)
	at org.quartz.simpl.SimpleThreadPool$WorkerThread.run(SimpleThreadPool.java:573)
INFO [2025-09-16 09:40:00][46:c.b.c.gradejourney.job.GradesExtractJob        ] : == Entering execute() of Job CronGJExtract.CronGJExtractJob ==
ERROR[2025-09-16 09:40:00][85:c.b.c.gradejourney.job.GradesExtractJob        ] : Error Loading the settings
java.lang.NullPointerException: null
	at com.blackboard.consulting.gradejourney.service.impl.GradesJourneySettingsServiceImpl.loadGjSettings(GradesJourneySettingsServiceImpl.java:134)
	at jdk.internal.reflect.GeneratedMethodAccessor734.invoke(Unknown Source)
	at java.base/jdk.internal.reflect.DelegatingMethodAccessorImpl.invoke(DelegatingMethodAccessorImpl.java:43)
	at java.base/java.lang.reflect.Method.invoke(Method.java:566)
	at org.springframework.aop.support.AopUtils.invokeJoinpointUsingReflection(AopUtils.java:344)
	at org.springframework.aop.framework.JdkDynamicAopProxy.invoke(JdkDynamicAopProxy.java:208)
	at com.sun.proxy.$Proxy2474.loadGjSettings(Unknown Source)
	at com.blackboard.consulting.gradejourney.job.GradesExtractJob.execute(GradesExtractJob.java:55)
	at org.quartz.core.JobRunShell.run(JobRunShell.java:202)
	at org.quartz.simpl.SimpleThreadPool$WorkerThread.run(SimpleThreadPool.java:573)
INFO [2025-09-16 09:42:00][46:c.b.c.gradejourney.job.GradesExtractJob        ] : == Entering execute() of Job CronGJExtract.CronGJExtractJob ==
ERROR[2025-09-16 09:42:00][85:c.b.c.gradejourney.job.GradesExtractJob        ] : Error Loading the settings
java.lang.NullPointerException: null
	at com.blackboard.consulting.gradejourney.service.impl.GradesJourneySettingsServiceImpl.loadGjSettings(GradesJourneySettingsServiceImpl.java:134)
	at jdk.internal.reflect.GeneratedMethodAccessor734.invoke(Unknown Source)
	at java.base/jdk.internal.reflect.DelegatingMethodAccessorImpl.invoke(DelegatingMethodAccessorImpl.java:43)
	at java.base/java.lang.reflect.Method.invoke(Method.java:566)
	at org.springframework.aop.support.AopUtils.invokeJoinpointUsingReflection(AopUtils.java:344)
	at org.springframework.aop.framework.JdkDynamicAopProxy.invoke(JdkDynamicAopProxy.java:208)
	at com.sun.proxy.$Proxy2474.loadGjSettings(Unknown Source)
	at com.blackboard.consulting.gradejourney.job.GradesExtractJob.execute(GradesExtractJob.java:55)
	at org.quartz.core.JobRunShell.run(JobRunShell.java:202)
	at org.quartz.simpl.SimpleThreadPool$WorkerThread.run(SimpleThreadPool.java:573)
INFO [2025-09-16 09:44:00][46:c.b.c.gradejourney.job.GradesExtractJob        ] : == Entering execute() of Job CronGJExtract.CronGJExtractJob ==
ERROR[2025-09-16 09:44:00][85:c.b.c.gradejourney.job.GradesExtractJob        ] : Error Loading the settings
java.lang.NullPointerException: null
	at com.blackboard.consulting.gradejourney.service.impl.GradesJourneySettingsServiceImpl.loadGjSettings(GradesJourneySettingsServiceImpl.java:134)
	at jdk.internal.reflect.GeneratedMethodAccessor734.invoke(Unknown Source)
	at java.base/jdk.internal.reflect.DelegatingMethodAccessorImpl.invoke(DelegatingMethodAccessorImpl.java:43)
	at java.base/java.lang.reflect.Method.invoke(Method.java:566)
	at org.springframework.aop.support.AopUtils.invokeJoinpointUsingReflection(AopUtils.java:344)
	at org.springframework.aop.framework.JdkDynamicAopProxy.invoke(JdkDynamicAopProxy.java:208)
	at com.sun.proxy.$Proxy2474.loadGjSettings(Unknown Source)
	at com.blackboard.consulting.gradejourney.job.GradesExtractJob.execute(GradesExtractJob.java:55)
	at org.quartz.core.JobRunShell.run(JobRunShell.java:202)
	at org.quartz.simpl.SimpleThreadPool$WorkerThread.run(SimpleThreadPool.java:573)
INFO [2025-09-16 09:46:00][46:c.b.c.gradejourney.job.GradesExtractJob        ] : == Entering execute() of Job CronGJExtract.CronGJExtractJob ==
ERROR[2025-09-16 09:46:00][85:c.b.c.gradejourney.job.GradesExtractJob        ] : Error Loading the settings
java.lang.NullPointerException: null
	at com.blackboard.consulting.gradejourney.service.impl.GradesJourneySettingsServiceImpl.loadGjSettings(GradesJourneySettingsServiceImpl.java:134)
	at jdk.internal.reflect.GeneratedMethodAccessor734.invoke(Unknown Source)
	at java.base/jdk.internal.reflect.DelegatingMethodAccessorImpl.invoke(DelegatingMethodAccessorImpl.java:43)
	at java.base/java.lang.reflect.Method.invoke(Method.java:566)
	at org.springframework.aop.support.AopUtils.invokeJoinpointUsingReflection(AopUtils.java:344)
	at org.springframework.aop.framework.JdkDynamicAopProxy.invoke(JdkDynamicAopProxy.java:208)
	at com.sun.proxy.$Proxy2474.loadGjSettings(Unknown Source)
	at com.blackboard.consulting.gradejourney.job.GradesExtractJob.execute(GradesExtractJob.java:55)
	at org.quartz.core.JobRunShell.run(JobRunShell.java:202)
	at org.quartz.simpl.SimpleThreadPool$WorkerThread.run(SimpleThreadPool.java:573)
INFO [2025-09-16 09:48:00][46:c.b.c.gradejourney.job.GradesExtractJob        ] : == Entering execute() of Job CronGJExtract.CronGJExtractJob ==
ERROR[2025-09-16 09:48:00][85:c.b.c.gradejourney.job.GradesExtractJob        ] : Error Loading the settings
java.lang.NullPointerException: null
	at com.blackboard.consulting.gradejourney.service.impl.GradesJourneySettingsServiceImpl.loadGjSettings(GradesJourneySettingsServiceImpl.java:134)
	at jdk.internal.reflect.GeneratedMethodAccessor734.invoke(Unknown Source)
	at java.base/jdk.internal.reflect.DelegatingMethodAccessorImpl.invoke(DelegatingMethodAccessorImpl.java:43)
	at java.base/java.lang.reflect.Method.invoke(Method.java:566)
	at org.springframework.aop.support.AopUtils.invokeJoinpointUsingReflection(AopUtils.java:344)
	at org.springframework.aop.framework.JdkDynamicAopProxy.invoke(JdkDynamicAopProxy.java:208)
	at com.sun.proxy.$Proxy2474.loadGjSettings(Unknown Source)
	at com.blackboard.consulting.gradejourney.job.GradesExtractJob.execute(GradesExtractJob.java:55)
	at org.quartz.core.JobRunShell.run(JobRunShell.java:202)
	at org.quartz.simpl.SimpleThreadPool$WorkerThread.run(SimpleThreadPool.java:573)
INFO [2025-09-16 09:50:00][46:c.b.c.gradejourney.job.GradesExtractJob        ] : == Entering execute() of Job CronGJExtract.CronGJExtractJob ==
ERROR[2025-09-16 09:50:00][85:c.b.c.gradejourney.job.GradesExtractJob        ] : Error Loading the settings
java.lang.NullPointerException: null
	at com.blackboard.consulting.gradejourney.service.impl.GradesJourneySettingsServiceImpl.loadGjSettings(GradesJourneySettingsServiceImpl.java:134)
	at jdk.internal.reflect.GeneratedMethodAccessor734.invoke(Unknown Source)
	at java.base/jdk.internal.reflect.DelegatingMethodAccessorImpl.invoke(DelegatingMethodAccessorImpl.java:43)
	at java.base/java.lang.reflect.Method.invoke(Method.java:566)
	at org.springframework.aop.support.AopUtils.invokeJoinpointUsingReflection(AopUtils.java:344)
	at org.springframework.aop.framework.JdkDynamicAopProxy.invoke(JdkDynamicAopProxy.java:208)
	at com.sun.proxy.$Proxy2474.loadGjSettings(Unknown Source)
	at com.blackboard.consulting.gradejourney.job.GradesExtractJob.execute(GradesExtractJob.java:55)
	at org.quartz.core.JobRunShell.run(JobRunShell.java:202)
	at org.quartz.simpl.SimpleThreadPool$WorkerThread.run(SimpleThreadPool.java:573)
INFO [2025-09-16 09:52:00][46:c.b.c.gradejourney.job.GradesExtractJob        ] : == Entering execute() of Job CronGJExtract.CronGJExtractJob ==
ERROR[2025-09-16 09:52:00][85:c.b.c.gradejourney.job.GradesExtractJob        ] : Error Loading the settings
java.lang.NullPointerException: null
	at com.blackboard.consulting.gradejourney.service.impl.GradesJourneySettingsServiceImpl.loadGjSettings(GradesJourneySettingsServiceImpl.java:134)
	at jdk.internal.reflect.GeneratedMethodAccessor734.invoke(Unknown Source)
	at java.base/jdk.internal.reflect.DelegatingMethodAccessorImpl.invoke(DelegatingMethodAccessorImpl.java:43)
	at java.base/java.lang.reflect.Method.invoke(Method.java:566)
	at org.springframework.aop.support.AopUtils.invokeJoinpointUsingReflection(AopUtils.java:344)
	at org.springframework.aop.framework.JdkDynamicAopProxy.invoke(JdkDynamicAopProxy.java:208)
	at com.sun.proxy.$Proxy2474.loadGjSettings(Unknown Source)
	at com.blackboard.consulting.gradejourney.job.GradesExtractJob.execute(GradesExtractJob.java:55)
	at org.quartz.core.JobRunShell.run(JobRunShell.java:202)
	at org.quartz.simpl.SimpleThreadPool$WorkerThread.run(SimpleThreadPool.java:573)
INFO [2025-09-16 09:55:00][46:c.b.c.gradejourney.job.GradesExtractJob        ] : == Entering execute() of Job CronGJExtract.CronGJExtractJob ==
ERROR[2025-09-16 09:55:00][85:c.b.c.gradejourney.job.GradesExtractJob        ] : Error Loading the settings
java.lang.NullPointerException: null
	at com.blackboard.consulting.gradejourney.service.impl.GradesJourneySettingsServiceImpl.loadGjSettings(GradesJourneySettingsServiceImpl.java:134)
	at jdk.internal.reflect.GeneratedMethodAccessor734.invoke(Unknown Source)
	at java.base/jdk.internal.reflect.DelegatingMethodAccessorImpl.invoke(DelegatingMethodAccessorImpl.java:43)
	at java.base/java.lang.reflect.Method.invoke(Method.java:566)
	at org.springframework.aop.support.AopUtils.invokeJoinpointUsingReflection(AopUtils.java:344)
	at org.springframework.aop.framework.JdkDynamicAopProxy.invoke(JdkDynamicAopProxy.java:208)
	at com.sun.proxy.$Proxy2474.loadGjSettings(Unknown Source)
	at com.blackboard.consulting.gradejourney.job.GradesExtractJob.execute(GradesExtractJob.java:55)
	at org.quartz.core.JobRunShell.run(JobRunShell.java:202)
	at org.quartz.simpl.SimpleThreadPool$WorkerThread.run(SimpleThreadPool.java:573)
INFO [2025-09-16 09:57:00][46:c.b.c.gradejourney.job.GradesExtractJob        ] : == Entering execute() of Job CronGJExtract.CronGJExtractJob ==
ERROR[2025-09-16 09:57:00][85:c.b.c.gradejourney.job.GradesExtractJob        ] : Error Loading the settings
java.lang.NullPointerException: null
	at com.blackboard.consulting.gradejourney.service.impl.GradesJourneySettingsServiceImpl.loadGjSettings(GradesJourneySettingsServiceImpl.java:134)
	at jdk.internal.reflect.GeneratedMethodAccessor734.invoke(Unknown Source)
	at java.base/jdk.internal.reflect.DelegatingMethodAccessorImpl.invoke(DelegatingMethodAccessorImpl.java:43)
	at java.base/java.lang.reflect.Method.invoke(Method.java:566)
	at org.springframework.aop.support.AopUtils.invokeJoinpointUsingReflection(AopUtils.java:344)
	at org.springframework.aop.framework.JdkDynamicAopProxy.invoke(JdkDynamicAopProxy.java:208)
	at com.sun.proxy.$Proxy2474.loadGjSettings(Unknown Source)
	at com.blackboard.consulting.gradejourney.job.GradesExtractJob.execute(GradesExtractJob.java:55)
	at org.quartz.core.JobRunShell.run(JobRunShell.java:202)
	at org.quartz.simpl.SimpleThreadPool$WorkerThread.run(SimpleThreadPool.java:573)
INFO [2025-09-16 09:59:00][46:c.b.c.gradejourney.job.GradesExtractJob        ] : == Entering execute() of Job CronGJExtract.CronGJExtractJob ==
ERROR[2025-09-16 09:59:00][85:c.b.c.gradejourney.job.GradesExtractJob        ] : Error Loading the settings
java.lang.NullPointerException: null
	at com.blackboard.consulting.gradejourney.service.impl.GradesJourneySettingsServiceImpl.loadGjSettings(GradesJourneySettingsServiceImpl.java:134)
	at jdk.internal.reflect.GeneratedMethodAccessor734.invoke(Unknown Source)
	at java.base/jdk.internal.reflect.DelegatingMethodAccessorImpl.invoke(DelegatingMethodAccessorImpl.java:43)
	at java.base/java.lang.reflect.Method.invoke(Method.java:566)
	at org.springframework.aop.support.AopUtils.invokeJoinpointUsingReflection(AopUtils.java:344)
	at org.springframework.aop.framework.JdkDynamicAopProxy.invoke(JdkDynamicAopProxy.java:208)
	at com.sun.proxy.$Proxy2474.loadGjSettings(Unknown Source)
	at com.blackboard.consulting.gradejourney.job.GradesExtractJob.execute(GradesExtractJob.java:55)
	at org.quartz.core.JobRunShell.run(JobRunShell.java:202)
	at org.quartz.simpl.SimpleThreadPool$WorkerThread.run(SimpleThreadPool.java:573)
