INFO [2025-09-16 08:11:53][54:c.b.c.universal.task.DefaultIconTask           ] : Updating default partner icons...
INFO [2025-09-16 08:11:53][54:c.b.c.universal.task.DefaultIconTask           ] : Updating default partner icons...
INFO [2025-09-16 08:11:53][72:c.b.c.universal.task.DefaultIconTask           ] : Default partner icons updated!
INFO [2025-09-16 08:11:53][72:c.b.c.universal.task.DefaultIconTask           ] : Default partner icons updated!
INFO [2025-09-16 08:16:54][137:c.b.c.u.task.AutoGradeRefreshTask             ] : Executing Grade Update task...
INFO [2025-09-16 08:16:54][143:c.b.c.u.task.AutoGradeRefreshTask             ] : Forcefully setting context user to administrator. All grade changes performed as part of this sync will be attribued to the user.
INFO [2025-09-16 08:16:54][137:c.b.c.u.task.AutoGradeRefreshTask             ] : Executing Grade Update task...
INFO [2025-09-16 08:16:54][143:c.b.c.u.task.AutoGradeRefreshTask             ] : Forcefully setting context user to administrator. All grade changes performed as part of this sync will be attribued to the user.
INFO [2025-09-16 08:16:54][202:c.b.c.u.task.AutoGradeRefreshTask             ] : Grade Update task completed.
INFO [2025-09-16 08:16:54][202:c.b.c.u.task.AutoGradeRefreshTask             ] : Grade Update task completed.
INFO [2025-09-16 09:11:53][54:c.b.c.universal.task.DefaultIconTask           ] : Updating default partner icons...
INFO [2025-09-16 09:11:53][54:c.b.c.universal.task.DefaultIconTask           ] : Updating default partner icons...
INFO [2025-09-16 09:11:53][72:c.b.c.universal.task.DefaultIconTask           ] : Default partner icons updated!
INFO [2025-09-16 09:11:53][72:c.b.c.universal.task.DefaultIconTask           ] : Default partner icons updated!
INFO [2025-09-16 09:16:54][137:c.b.c.u.task.AutoGradeRefreshTask             ] : Executing Grade Update task...
INFO [2025-09-16 09:16:54][143:c.b.c.u.task.AutoGradeRefreshTask             ] : Forcefully setting context user to administrator. All grade changes performed as part of this sync will be attribued to the user.
INFO [2025-09-16 09:16:54][137:c.b.c.u.task.AutoGradeRefreshTask             ] : Executing Grade Update task...
INFO [2025-09-16 09:16:54][143:c.b.c.u.task.AutoGradeRefreshTask             ] : Forcefully setting context user to administrator. All grade changes performed as part of this sync will be attribued to the user.
INFO [2025-09-16 09:16:54][202:c.b.c.u.task.AutoGradeRefreshTask             ] : Grade Update task completed.
INFO [2025-09-16 09:16:54][202:c.b.c.u.task.AutoGradeRefreshTask             ] : Grade Update task completed.
