2025-09-15 17:22:40,252 [INFO] === Conversion Started ===
2025-09-15 17:22:40,252 [INFO] Source folder: ./bb_logs/downloads\demo_2025091415_2025091516
2025-09-15 17:22:40,253 [INFO] Output folder: ./bb_logs/conversions\demo_2025091415_2025091516_convert
2025-09-15 17:22:40,253 [INFO] Output type: json-distributed
2025-09-15 17:22:40,799 [INFO] === json-distributed Conversion Completed for file: bb_logs\downloads\demo_2025091415_2025091516\2025.9.14.15.ip-10-146-222-135.ec2.internal.txt ===
2025-09-15 17:22:40,799 [INFO] ip-10-146-222-135.ec2.internal: 4540 entries
2025-09-15 17:22:40,799 [INFO] No bad lines encountered.
2025-09-15 17:22:41,876 [INFO] === json-distributed Conversion Completed for file: bb_logs\downloads\demo_2025091415_2025091516\2025.9.14.16.ip-10-146-222-135.ec2.internal.txt ===
2025-09-15 17:22:41,876 [INFO] ip-10-146-222-135.ec2.internal: 9211 entries
2025-09-15 17:22:41,876 [INFO] No bad lines encountered.
2025-09-15 17:22:42,404 [INFO] === json-distributed Conversion Completed for file: bb_logs\downloads\demo_2025091415_2025091516\2025.9.14.17.ip-10-146-222-135.ec2.internal.txt ===
2025-09-15 17:22:42,407 [INFO] ip-10-146-222-135.ec2.internal: 4310 entries
2025-09-15 17:22:42,407 [INFO] No bad lines encountered.
2025-09-15 17:22:43,082 [INFO] === json-distributed Conversion Completed for file: bb_logs\downloads\demo_2025091415_2025091516\2025.9.14.18.ip-10-146-222-135.ec2.internal.txt ===
2025-09-15 17:22:43,082 [INFO] ip-10-146-222-135.ec2.internal: 5556 entries
2025-09-15 17:22:43,082 [INFO] No bad lines encountered.
2025-09-15 17:22:44,032 [INFO] === json-distributed Conversion Completed for file: bb_logs\downloads\demo_2025091415_2025091516\2025.9.14.19.ip-10-146-222-135.ec2.internal.txt ===
2025-09-15 17:22:44,032 [INFO] ip-10-146-222-135.ec2.internal: 8178 entries
2025-09-15 17:22:44,032 [INFO] No bad lines encountered.
2025-09-15 17:22:44,562 [INFO] === json-distributed Conversion Completed for file: bb_logs\downloads\demo_2025091415_2025091516\2025.9.14.20.ip-10-146-222-135.ec2.internal.txt ===
2025-09-15 17:22:44,563 [INFO] ip-10-146-222-135.ec2.internal: 4390 entries
2025-09-15 17:22:44,563 [INFO] No bad lines encountered.
2025-09-15 17:22:45,048 [INFO] === json-distributed Conversion Completed for file: bb_logs\downloads\demo_2025091415_2025091516\2025.9.14.21.ip-10-146-222-135.ec2.internal.txt ===
2025-09-15 17:22:45,048 [INFO] ip-10-146-222-135.ec2.internal: 4246 entries
2025-09-15 17:22:45,048 [INFO] No bad lines encountered.
2025-09-15 17:22:45,563 [INFO] === json-distributed Conversion Completed for file: bb_logs\downloads\demo_2025091415_2025091516\2025.9.14.22.ip-10-146-222-135.ec2.internal.txt ===
2025-09-15 17:22:45,563 [INFO] ip-10-146-222-135.ec2.internal: 4459 entries
2025-09-15 17:22:45,563 [INFO] No bad lines encountered.
2025-09-15 17:22:46,554 [INFO] === json-distributed Conversion Completed for file: bb_logs\downloads\demo_2025091415_2025091516\2025.9.14.23.ip-10-146-222-135.ec2.internal.txt ===
2025-09-15 17:22:46,554 [INFO] ip-10-146-222-135.ec2.internal: 8336 entries
2025-09-15 17:22:46,554 [INFO] No bad lines encountered.
2025-09-15 17:22:47,120 [INFO] === json-distributed Conversion Completed for file: bb_logs\downloads\demo_2025091415_2025091516\2025.9.15.0.ip-10-146-222-135.ec2.internal.txt ===
2025-09-15 17:22:47,120 [INFO] ip-10-146-222-135.ec2.internal: 4702 entries
2025-09-15 17:22:47,120 [INFO] No bad lines encountered.
2025-09-15 17:22:47,743 [INFO] === json-distributed Conversion Completed for file: bb_logs\downloads\demo_2025091415_2025091516\2025.9.15.1.ip-10-146-222-135.ec2.internal.txt ===
2025-09-15 17:22:47,743 [INFO] ip-10-146-222-135.ec2.internal: 4673 entries
2025-09-15 17:22:47,743 [INFO] No bad lines encountered.
2025-09-15 17:22:48,300 [INFO] === json-distributed Conversion Completed for file: bb_logs\downloads\demo_2025091415_2025091516\2025.9.15.10.ip-10-146-222-135.ec2.internal.txt ===
2025-09-15 17:22:48,300 [INFO] ip-10-146-222-135.ec2.internal: 4662 entries
2025-09-15 17:22:48,300 [INFO] No bad lines encountered.
2025-09-15 17:22:48,829 [INFO] === json-distributed Conversion Completed for file: bb_logs\downloads\demo_2025091415_2025091516\2025.9.15.11.ip-10-146-222-135.ec2.internal.txt ===
2025-09-15 17:22:48,829 [INFO] ip-10-146-222-135.ec2.internal: 4354 entries
2025-09-15 17:22:48,829 [INFO] No bad lines encountered.
2025-09-15 17:22:49,392 [INFO] === json-distributed Conversion Completed for file: bb_logs\downloads\demo_2025091415_2025091516\2025.9.15.12.ip-10-146-222-135.ec2.internal.txt ===
2025-09-15 17:22:49,392 [INFO] ip-10-146-222-135.ec2.internal: 4385 entries
2025-09-15 17:22:49,392 [INFO] No bad lines encountered.
2025-09-15 17:22:49,978 [INFO] === json-distributed Conversion Completed for file: bb_logs\downloads\demo_2025091415_2025091516\2025.9.15.13.ip-10-146-222-135.ec2.internal.txt ===
2025-09-15 17:22:49,979 [INFO] ip-10-146-222-135.ec2.internal: 5081 entries
2025-09-15 17:22:49,979 [INFO] No bad lines encountered.
2025-09-15 17:22:50,515 [INFO] === json-distributed Conversion Completed for file: bb_logs\downloads\demo_2025091415_2025091516\2025.9.15.14.ip-10-146-222-135.ec2.internal.txt ===
2025-09-15 17:22:50,515 [INFO] ip-10-146-222-135.ec2.internal: 4665 entries
2025-09-15 17:22:50,515 [INFO] No bad lines encountered.
2025-09-15 17:22:51,236 [INFO] === json-distributed Conversion Completed for file: bb_logs\downloads\demo_2025091415_2025091516\2025.9.15.15.ip-10-146-222-135.ec2.internal.txt ===
2025-09-15 17:22:51,236 [INFO] ip-10-146-222-135.ec2.internal: 6347 entries
2025-09-15 17:22:51,236 [INFO] No bad lines encountered.
2025-09-15 17:22:56,067 [INFO] === json-distributed Conversion Completed for file: bb_logs\downloads\demo_2025091415_2025091516\2025.9.15.16.ip-10-146-222-135.ec2.internal.txt ===
2025-09-15 17:22:56,067 [INFO] ip-10-146-222-135.ec2.internal: 40893 entries
2025-09-15 17:22:56,067 [INFO] No bad lines encountered.
2025-09-15 17:22:56,705 [INFO] === json-distributed Conversion Completed for file: bb_logs\downloads\demo_2025091415_2025091516\2025.9.15.2.ip-10-146-222-135.ec2.internal.txt ===
2025-09-15 17:22:56,705 [INFO] ip-10-146-222-135.ec2.internal: 4432 entries
2025-09-15 17:22:56,705 [INFO] No bad lines encountered.
2025-09-15 17:22:57,401 [INFO] === json-distributed Conversion Completed for file: bb_logs\downloads\demo_2025091415_2025091516\2025.9.15.3.ip-10-146-222-135.ec2.internal.txt ===
2025-09-15 17:22:57,401 [INFO] ip-10-146-222-135.ec2.internal: 4284 entries
2025-09-15 17:22:57,401 [INFO] No bad lines encountered.
2025-09-15 17:22:58,563 [INFO] === json-distributed Conversion Completed for file: bb_logs\downloads\demo_2025091415_2025091516\2025.9.15.4.ip-10-146-222-135.ec2.internal.txt ===
2025-09-15 17:22:58,563 [INFO] ip-10-146-222-135.ec2.internal: 6376 entries
2025-09-15 17:22:58,563 [INFO] No bad lines encountered.
2025-09-15 17:22:59,312 [INFO] === json-distributed Conversion Completed for file: bb_logs\downloads\demo_2025091415_2025091516\2025.9.15.5.ip-10-146-222-135.ec2.internal.txt ===
2025-09-15 17:22:59,312 [INFO] ip-10-146-222-135.ec2.internal: 4873 entries
2025-09-15 17:22:59,312 [INFO] No bad lines encountered.
2025-09-15 17:23:00,579 [INFO] === json-distributed Conversion Completed for file: bb_logs\downloads\demo_2025091415_2025091516\2025.9.15.6.ip-10-146-222-135.ec2.internal.txt ===
2025-09-15 17:23:00,579 [INFO] ip-10-146-222-135.ec2.internal: 7716 entries
2025-09-15 17:23:00,579 [INFO] No bad lines encountered.
2025-09-15 17:23:01,266 [INFO] === json-distributed Conversion Completed for file: bb_logs\downloads\demo_2025091415_2025091516\2025.9.15.7.ip-10-146-222-135.ec2.internal.txt ===
2025-09-15 17:23:01,266 [INFO] ip-10-146-222-135.ec2.internal: 4467 entries
2025-09-15 17:23:01,266 [INFO] No bad lines encountered.
2025-09-15 17:23:01,910 [INFO] === json-distributed Conversion Completed for file: bb_logs\downloads\demo_2025091415_2025091516\2025.9.15.8.ip-10-146-222-135.ec2.internal.txt ===
2025-09-15 17:23:01,910 [INFO] ip-10-146-222-135.ec2.internal: 4541 entries
2025-09-15 17:23:01,910 [INFO] No bad lines encountered.
2025-09-15 17:23:02,595 [INFO] === json-distributed Conversion Completed for file: bb_logs\downloads\demo_2025091415_2025091516\2025.9.15.9.ip-10-146-222-135.ec2.internal.txt ===
2025-09-15 17:23:02,595 [INFO] ip-10-146-222-135.ec2.internal: 4506 entries
2025-09-15 17:23:02,595 [INFO] No bad lines encountered.
2025-09-15 17:23:02,611 [INFO] JSON manifest of converted files saved to: bb_logs\conversions\demo_2025091415_2025091516_convert\converted_files.json
2025-09-15 17:23:02,611 [INFO] === Conversion Completed ===
2025-09-15 17:23:02,611 [INFO] Total files converted: 29
2025-09-15 17:23:02,611 [INFO] Execution log saved to: ./tool_logs/converting_20250915_172240.log
2025-09-15 17:23:19,811 [INFO] === Conversion Started ===
2025-09-15 17:23:19,811 [INFO] Source folder: ./bb_logs/downloads\demo_2025091415_2025091516
2025-09-15 17:23:19,811 [INFO] Output folder: ./bb_logs/conversions\demo_2025091415_2025091516_convert
2025-09-15 17:23:19,811 [INFO] Output type: json-distributed
2025-09-15 17:23:20,357 [INFO] === json-distributed Conversion Completed for file: bb_logs\downloads\demo_2025091415_2025091516\2025.9.14.15.ip-10-146-222-135.ec2.internal.txt ===
2025-09-15 17:23:20,357 [INFO] ip-10-146-222-135.ec2.internal: 4540 entries
2025-09-15 17:23:20,357 [INFO] No bad lines encountered.
2025-09-15 17:23:21,441 [INFO] === json-distributed Conversion Completed for file: bb_logs\downloads\demo_2025091415_2025091516\2025.9.14.16.ip-10-146-222-135.ec2.internal.txt ===
2025-09-15 17:23:21,442 [INFO] ip-10-146-222-135.ec2.internal: 9211 entries
2025-09-15 17:23:21,442 [INFO] No bad lines encountered.
2025-09-15 17:23:21,980 [INFO] === json-distributed Conversion Completed for file: bb_logs\downloads\demo_2025091415_2025091516\2025.9.14.17.ip-10-146-222-135.ec2.internal.txt ===
2025-09-15 17:23:21,980 [INFO] ip-10-146-222-135.ec2.internal: 4310 entries
2025-09-15 17:23:21,980 [INFO] No bad lines encountered.
2025-09-15 17:23:22,647 [INFO] === json-distributed Conversion Completed for file: bb_logs\downloads\demo_2025091415_2025091516\2025.9.14.18.ip-10-146-222-135.ec2.internal.txt ===
2025-09-15 17:23:22,648 [INFO] ip-10-146-222-135.ec2.internal: 5556 entries
2025-09-15 17:23:22,648 [INFO] No bad lines encountered.
2025-09-15 17:23:23,588 [INFO] === json-distributed Conversion Completed for file: bb_logs\downloads\demo_2025091415_2025091516\2025.9.14.19.ip-10-146-222-135.ec2.internal.txt ===
2025-09-15 17:23:23,588 [INFO] ip-10-146-222-135.ec2.internal: 8178 entries
2025-09-15 17:23:23,588 [INFO] No bad lines encountered.
2025-09-15 17:23:24,141 [INFO] === json-distributed Conversion Completed for file: bb_logs\downloads\demo_2025091415_2025091516\2025.9.14.20.ip-10-146-222-135.ec2.internal.txt ===
2025-09-15 17:23:24,141 [INFO] ip-10-146-222-135.ec2.internal: 4390 entries
2025-09-15 17:23:24,141 [INFO] No bad lines encountered.
2025-09-15 17:23:24,625 [INFO] === json-distributed Conversion Completed for file: bb_logs\downloads\demo_2025091415_2025091516\2025.9.14.21.ip-10-146-222-135.ec2.internal.txt ===
2025-09-15 17:23:24,625 [INFO] ip-10-146-222-135.ec2.internal: 4246 entries
2025-09-15 17:23:24,625 [INFO] No bad lines encountered.
2025-09-15 17:23:25,329 [INFO] === json-distributed Conversion Completed for file: bb_logs\downloads\demo_2025091415_2025091516\2025.9.14.22.ip-10-146-222-135.ec2.internal.txt ===
2025-09-15 17:23:25,329 [INFO] ip-10-146-222-135.ec2.internal: 4459 entries
2025-09-15 17:23:25,332 [INFO] No bad lines encountered.
2025-09-15 17:23:26,984 [INFO] === json-distributed Conversion Completed for file: bb_logs\downloads\demo_2025091415_2025091516\2025.9.14.23.ip-10-146-222-135.ec2.internal.txt ===
2025-09-15 17:23:26,984 [INFO] ip-10-146-222-135.ec2.internal: 8336 entries
2025-09-15 17:23:26,984 [INFO] No bad lines encountered.
2025-09-15 17:23:27,954 [INFO] === json-distributed Conversion Completed for file: bb_logs\downloads\demo_2025091415_2025091516\2025.9.15.0.ip-10-146-222-135.ec2.internal.txt ===
2025-09-15 17:23:27,954 [INFO] ip-10-146-222-135.ec2.internal: 4702 entries
2025-09-15 17:23:27,954 [INFO] No bad lines encountered.
2025-09-15 17:23:28,696 [INFO] === json-distributed Conversion Completed for file: bb_logs\downloads\demo_2025091415_2025091516\2025.9.15.1.ip-10-146-222-135.ec2.internal.txt ===
2025-09-15 17:23:28,696 [INFO] ip-10-146-222-135.ec2.internal: 4673 entries
2025-09-15 17:23:28,696 [INFO] No bad lines encountered.
2025-09-15 17:23:29,635 [INFO] === json-distributed Conversion Completed for file: bb_logs\downloads\demo_2025091415_2025091516\2025.9.15.10.ip-10-146-222-135.ec2.internal.txt ===
2025-09-15 17:23:29,635 [INFO] ip-10-146-222-135.ec2.internal: 4662 entries
2025-09-15 17:23:29,635 [INFO] No bad lines encountered.
2025-09-15 17:23:30,330 [INFO] === json-distributed Conversion Completed for file: bb_logs\downloads\demo_2025091415_2025091516\2025.9.15.11.ip-10-146-222-135.ec2.internal.txt ===
2025-09-15 17:23:30,330 [INFO] ip-10-146-222-135.ec2.internal: 4354 entries
2025-09-15 17:23:30,330 [INFO] No bad lines encountered.
2025-09-15 17:23:31,032 [INFO] === json-distributed Conversion Completed for file: bb_logs\downloads\demo_2025091415_2025091516\2025.9.15.12.ip-10-146-222-135.ec2.internal.txt ===
2025-09-15 17:23:31,032 [INFO] ip-10-146-222-135.ec2.internal: 4385 entries
2025-09-15 17:23:31,032 [INFO] No bad lines encountered.
2025-09-15 17:23:31,829 [INFO] === json-distributed Conversion Completed for file: bb_logs\downloads\demo_2025091415_2025091516\2025.9.15.13.ip-10-146-222-135.ec2.internal.txt ===
2025-09-15 17:23:31,829 [INFO] ip-10-146-222-135.ec2.internal: 5081 entries
2025-09-15 17:23:31,829 [INFO] No bad lines encountered.
2025-09-15 17:23:32,531 [INFO] === json-distributed Conversion Completed for file: bb_logs\downloads\demo_2025091415_2025091516\2025.9.15.14.ip-10-146-222-135.ec2.internal.txt ===
2025-09-15 17:23:32,531 [INFO] ip-10-146-222-135.ec2.internal: 4665 entries
2025-09-15 17:23:32,531 [INFO] No bad lines encountered.
2025-09-15 17:23:33,548 [INFO] === json-distributed Conversion Completed for file: bb_logs\downloads\demo_2025091415_2025091516\2025.9.15.15.ip-10-146-222-135.ec2.internal.txt ===
2025-09-15 17:23:33,548 [INFO] ip-10-146-222-135.ec2.internal: 6347 entries
2025-09-15 17:23:33,548 [INFO] No bad lines encountered.
2025-09-15 17:23:39,253 [INFO] === json-distributed Conversion Completed for file: bb_logs\downloads\demo_2025091415_2025091516\2025.9.15.16.ip-10-146-222-135.ec2.internal.txt ===
2025-09-15 17:23:39,253 [INFO] ip-10-146-222-135.ec2.internal: 40893 entries
2025-09-15 17:23:39,253 [INFO] No bad lines encountered.
2025-09-15 17:23:39,967 [INFO] === json-distributed Conversion Completed for file: bb_logs\downloads\demo_2025091415_2025091516\2025.9.15.2.ip-10-146-222-135.ec2.internal.txt ===
2025-09-15 17:23:39,971 [INFO] ip-10-146-222-135.ec2.internal: 4432 entries
2025-09-15 17:23:39,971 [INFO] No bad lines encountered.
2025-09-15 17:23:40,627 [INFO] === json-distributed Conversion Completed for file: bb_logs\downloads\demo_2025091415_2025091516\2025.9.15.3.ip-10-146-222-135.ec2.internal.txt ===
2025-09-15 17:23:40,627 [INFO] ip-10-146-222-135.ec2.internal: 4284 entries
2025-09-15 17:23:40,641 [INFO] No bad lines encountered.
2025-09-15 17:23:41,626 [INFO] === json-distributed Conversion Completed for file: bb_logs\downloads\demo_2025091415_2025091516\2025.9.15.4.ip-10-146-222-135.ec2.internal.txt ===
2025-09-15 17:23:41,626 [INFO] ip-10-146-222-135.ec2.internal: 6376 entries
2025-09-15 17:23:41,626 [INFO] No bad lines encountered.
2025-09-15 17:23:42,361 [INFO] === json-distributed Conversion Completed for file: bb_logs\downloads\demo_2025091415_2025091516\2025.9.15.5.ip-10-146-222-135.ec2.internal.txt ===
2025-09-15 17:23:42,361 [INFO] ip-10-146-222-135.ec2.internal: 4873 entries
2025-09-15 17:23:42,361 [INFO] No bad lines encountered.
2025-09-15 17:23:43,611 [INFO] === json-distributed Conversion Completed for file: bb_logs\downloads\demo_2025091415_2025091516\2025.9.15.6.ip-10-146-222-135.ec2.internal.txt ===
2025-09-15 17:23:43,611 [INFO] ip-10-146-222-135.ec2.internal: 7716 entries
2025-09-15 17:23:43,611 [INFO] No bad lines encountered.
2025-09-15 17:23:44,316 [INFO] === json-distributed Conversion Completed for file: bb_logs\downloads\demo_2025091415_2025091516\2025.9.15.7.ip-10-146-222-135.ec2.internal.txt ===
2025-09-15 17:23:44,316 [INFO] ip-10-146-222-135.ec2.internal: 4467 entries
2025-09-15 17:23:44,316 [INFO] No bad lines encountered.
2025-09-15 17:23:45,000 [INFO] === json-distributed Conversion Completed for file: bb_logs\downloads\demo_2025091415_2025091516\2025.9.15.8.ip-10-146-222-135.ec2.internal.txt ===
2025-09-15 17:23:45,000 [INFO] ip-10-146-222-135.ec2.internal: 4541 entries
2025-09-15 17:23:45,000 [INFO] No bad lines encountered.
2025-09-15 17:23:45,751 [INFO] === json-distributed Conversion Completed for file: bb_logs\downloads\demo_2025091415_2025091516\2025.9.15.9.ip-10-146-222-135.ec2.internal.txt ===
2025-09-15 17:23:45,751 [INFO] ip-10-146-222-135.ec2.internal: 4506 entries
2025-09-15 17:23:45,751 [INFO] No bad lines encountered.
2025-09-15 17:23:45,751 [INFO] JSON manifest of converted files saved to: bb_logs\conversions\demo_2025091415_2025091516_convert\converted_files.json
2025-09-15 17:23:45,751 [INFO] === Conversion Completed ===
2025-09-15 17:23:45,751 [INFO] Total files converted: 28
2025-09-15 17:23:45,751 [INFO] Execution log saved to: ./tool_logs/converting_20250915_172319.log
