2025-09-15 16:32:14,614 [INFO] === Blackboard Log Downloader Run ===
2025-09-15 16:32:14,614 [INFO] Host: https://demo.blackboard.com
2025-09-15 16:32:14,614 [INFO] Username: jk***
2025-09-15 16:32:14,614 [INFO] Server TZ: America/New_York
2025-09-15 16:32:14,614 [INFO] Range: 2025-09-14 11:00:00-04:00 \u2192 2025-09-15 12:00:00-04:00
2025-09-15 16:32:14,614 [INFO] Dry run: False
2025-09-15 16:32:14,614 [INFO] Files found: 26
2025-09-15 16:32:14,614 [INFO] Missing directories: []
2025-09-15 16:32:14,614 [INFO] Download folder: ./bb_logs/downloads\demo_2025091415_2025091516
2025-09-15 16:32:26,786 [INFO] === Conversion Started ===
2025-09-15 16:32:26,786 [INFO] Source folder: ./bb_logs/downloads\demo_2025091415_2025091516
2025-09-15 16:32:26,786 [INFO] Output folder: ./bb_logs/conversions\demo_2025091415_2025091516_convert
2025-09-15 16:32:26,786 [INFO] Output type: json-distributed
2025-09-15 16:32:28,267 [INFO] === json-distributed Conversion Completed for file: bb_logs\downloads\demo_2025091415_2025091516\2025.9.14.15.ip-10-146-222-135.ec2.internal.txt ===
2025-09-15 16:32:28,277 [INFO] ip-10-146-222-135.ec2.internal: 4540 entries
2025-09-15 16:32:28,277 [INFO] No bad lines encountered.
2025-09-15 16:32:29,641 [INFO] === json-distributed Conversion Completed for file: bb_logs\downloads\demo_2025091415_2025091516\2025.9.14.16.ip-10-146-222-135.ec2.internal.txt ===
2025-09-15 16:32:29,641 [INFO] ip-10-146-222-135.ec2.internal: 9211 entries
2025-09-15 16:32:29,641 [INFO] No bad lines encountered.
2025-09-15 16:32:30,188 [INFO] === json-distributed Conversion Completed for file: bb_logs\downloads\demo_2025091415_2025091516\2025.9.14.17.ip-10-146-222-135.ec2.internal.txt ===
2025-09-15 16:32:30,188 [INFO] ip-10-146-222-135.ec2.internal: 4310 entries
2025-09-15 16:32:30,188 [INFO] No bad lines encountered.
2025-09-15 16:32:30,851 [INFO] === json-distributed Conversion Completed for file: bb_logs\downloads\demo_2025091415_2025091516\2025.9.14.18.ip-10-146-222-135.ec2.internal.txt ===
2025-09-15 16:32:30,851 [INFO] ip-10-146-222-135.ec2.internal: 5556 entries
2025-09-15 16:32:30,851 [INFO] No bad lines encountered.
2025-09-15 16:32:31,830 [INFO] === json-distributed Conversion Completed for file: bb_logs\downloads\demo_2025091415_2025091516\2025.9.14.19.ip-10-146-222-135.ec2.internal.txt ===
2025-09-15 16:32:31,830 [INFO] ip-10-146-222-135.ec2.internal: 8178 entries
2025-09-15 16:32:31,830 [INFO] No bad lines encountered.
2025-09-15 16:32:32,330 [INFO] === json-distributed Conversion Completed for file: bb_logs\downloads\demo_2025091415_2025091516\2025.9.14.20.ip-10-146-222-135.ec2.internal.txt ===
2025-09-15 16:32:32,330 [INFO] ip-10-146-222-135.ec2.internal: 4390 entries
2025-09-15 16:32:32,330 [INFO] No bad lines encountered.
2025-09-15 16:32:32,838 [INFO] === json-distributed Conversion Completed for file: bb_logs\downloads\demo_2025091415_2025091516\2025.9.14.21.ip-10-146-222-135.ec2.internal.txt ===
2025-09-15 16:32:32,838 [INFO] ip-10-146-222-135.ec2.internal: 4246 entries
2025-09-15 16:32:32,838 [INFO] No bad lines encountered.
2025-09-15 16:32:33,385 [INFO] === json-distributed Conversion Completed for file: bb_logs\downloads\demo_2025091415_2025091516\2025.9.14.22.ip-10-146-222-135.ec2.internal.txt ===
2025-09-15 16:32:33,385 [INFO] ip-10-146-222-135.ec2.internal: 4459 entries
2025-09-15 16:32:33,385 [INFO] No bad lines encountered.
2025-09-15 16:32:34,454 [INFO] === json-distributed Conversion Completed for file: bb_logs\downloads\demo_2025091415_2025091516\2025.9.14.23.ip-10-146-222-135.ec2.internal.txt ===
2025-09-15 16:32:34,454 [INFO] ip-10-146-222-135.ec2.internal: 8336 entries
2025-09-15 16:32:34,454 [INFO] No bad lines encountered.
2025-09-15 16:32:35,196 [INFO] === json-distributed Conversion Completed for file: bb_logs\downloads\demo_2025091415_2025091516\2025.9.15.0.ip-10-146-222-135.ec2.internal.txt ===
2025-09-15 16:32:35,196 [INFO] ip-10-146-222-135.ec2.internal: 4702 entries
2025-09-15 16:32:35,196 [INFO] No bad lines encountered.
2025-09-15 16:32:36,017 [INFO] === json-distributed Conversion Completed for file: bb_logs\downloads\demo_2025091415_2025091516\2025.9.15.1.ip-10-146-222-135.ec2.internal.txt ===
2025-09-15 16:32:36,017 [INFO] ip-10-146-222-135.ec2.internal: 4673 entries
2025-09-15 16:32:36,017 [INFO] No bad lines encountered.
2025-09-15 16:32:36,768 [INFO] === json-distributed Conversion Completed for file: bb_logs\downloads\demo_2025091415_2025091516\2025.9.15.10.ip-10-146-222-135.ec2.internal.txt ===
2025-09-15 16:32:36,768 [INFO] ip-10-146-222-135.ec2.internal: 4662 entries
2025-09-15 16:32:36,768 [INFO] No bad lines encountered.
2025-09-15 16:32:37,485 [INFO] === json-distributed Conversion Completed for file: bb_logs\downloads\demo_2025091415_2025091516\2025.9.15.11.ip-10-146-222-135.ec2.internal.txt ===
2025-09-15 16:32:37,485 [INFO] ip-10-146-222-135.ec2.internal: 4354 entries
2025-09-15 16:32:37,485 [INFO] No bad lines encountered.
2025-09-15 16:32:38,224 [INFO] === json-distributed Conversion Completed for file: bb_logs\downloads\demo_2025091415_2025091516\2025.9.15.12.ip-10-146-222-135.ec2.internal.txt ===
2025-09-15 16:32:38,224 [INFO] ip-10-146-222-135.ec2.internal: 4385 entries
2025-09-15 16:32:38,224 [INFO] No bad lines encountered.
2025-09-15 16:32:39,064 [INFO] === json-distributed Conversion Completed for file: bb_logs\downloads\demo_2025091415_2025091516\2025.9.15.13.ip-10-146-222-135.ec2.internal.txt ===
2025-09-15 16:32:39,064 [INFO] ip-10-146-222-135.ec2.internal: 5081 entries
2025-09-15 16:32:39,064 [INFO] No bad lines encountered.
2025-09-15 16:32:39,813 [INFO] === json-distributed Conversion Completed for file: bb_logs\downloads\demo_2025091415_2025091516\2025.9.15.14.ip-10-146-222-135.ec2.internal.txt ===
2025-09-15 16:32:39,813 [INFO] ip-10-146-222-135.ec2.internal: 4665 entries
2025-09-15 16:32:39,813 [INFO] No bad lines encountered.
2025-09-15 16:32:40,834 [INFO] === json-distributed Conversion Completed for file: bb_logs\downloads\demo_2025091415_2025091516\2025.9.15.15.ip-10-146-222-135.ec2.internal.txt ===
2025-09-15 16:32:40,834 [INFO] ip-10-146-222-135.ec2.internal: 6347 entries
2025-09-15 16:32:40,834 [INFO] No bad lines encountered.
2025-09-15 16:32:46,923 [INFO] === json-distributed Conversion Completed for file: bb_logs\downloads\demo_2025091415_2025091516\2025.9.15.16.ip-10-146-222-135.ec2.internal.txt ===
2025-09-15 16:32:46,923 [INFO] ip-10-146-222-135.ec2.internal: 40893 entries
2025-09-15 16:32:46,923 [INFO] No bad lines encountered.
2025-09-15 16:32:47,612 [INFO] === json-distributed Conversion Completed for file: bb_logs\downloads\demo_2025091415_2025091516\2025.9.15.2.ip-10-146-222-135.ec2.internal.txt ===
2025-09-15 16:32:47,612 [INFO] ip-10-146-222-135.ec2.internal: 4432 entries
2025-09-15 16:32:47,612 [INFO] No bad lines encountered.
2025-09-15 16:32:48,267 [INFO] === json-distributed Conversion Completed for file: bb_logs\downloads\demo_2025091415_2025091516\2025.9.15.3.ip-10-146-222-135.ec2.internal.txt ===
2025-09-15 16:32:48,267 [INFO] ip-10-146-222-135.ec2.internal: 4284 entries
2025-09-15 16:32:48,267 [INFO] No bad lines encountered.
2025-09-15 16:32:49,236 [INFO] === json-distributed Conversion Completed for file: bb_logs\downloads\demo_2025091415_2025091516\2025.9.15.4.ip-10-146-222-135.ec2.internal.txt ===
2025-09-15 16:32:49,236 [INFO] ip-10-146-222-135.ec2.internal: 6376 entries
2025-09-15 16:32:49,236 [INFO] No bad lines encountered.
2025-09-15 16:32:49,986 [INFO] === json-distributed Conversion Completed for file: bb_logs\downloads\demo_2025091415_2025091516\2025.9.15.5.ip-10-146-222-135.ec2.internal.txt ===
2025-09-15 16:32:49,986 [INFO] ip-10-146-222-135.ec2.internal: 4873 entries
2025-09-15 16:32:49,986 [INFO] No bad lines encountered.
2025-09-15 16:32:51,161 [INFO] === json-distributed Conversion Completed for file: bb_logs\downloads\demo_2025091415_2025091516\2025.9.15.6.ip-10-146-222-135.ec2.internal.txt ===
2025-09-15 16:32:51,161 [INFO] ip-10-146-222-135.ec2.internal: 7716 entries
2025-09-15 16:32:51,161 [INFO] No bad lines encountered.
2025-09-15 16:32:51,862 [INFO] === json-distributed Conversion Completed for file: bb_logs\downloads\demo_2025091415_2025091516\2025.9.15.7.ip-10-146-222-135.ec2.internal.txt ===
2025-09-15 16:32:51,862 [INFO] ip-10-146-222-135.ec2.internal: 4467 entries
2025-09-15 16:32:51,862 [INFO] No bad lines encountered.
2025-09-15 16:32:52,564 [INFO] === json-distributed Conversion Completed for file: bb_logs\downloads\demo_2025091415_2025091516\2025.9.15.8.ip-10-146-222-135.ec2.internal.txt ===
2025-09-15 16:32:52,564 [INFO] ip-10-146-222-135.ec2.internal: 4541 entries
2025-09-15 16:32:52,564 [INFO] No bad lines encountered.
2025-09-15 16:32:53,316 [INFO] === json-distributed Conversion Completed for file: bb_logs\downloads\demo_2025091415_2025091516\2025.9.15.9.ip-10-146-222-135.ec2.internal.txt ===
2025-09-15 16:32:53,316 [INFO] ip-10-146-222-135.ec2.internal: 4506 entries
2025-09-15 16:32:53,316 [INFO] No bad lines encountered.
2025-09-15 16:32:53,316 [INFO] JSON manifest of converted files saved to: bb_logs\conversions\demo_2025091415_2025091516_convert\converted_files.json
2025-09-15 16:32:53,316 [INFO] === Conversion Completed ===
2025-09-15 16:32:53,316 [INFO] Total files converted: 28
2025-09-15 16:32:53,316 [INFO] Execution log saved to: ./tool_logs/converting_20250915_163226.log
