2025-09-16 13:50:09,322 [INFO] === Blackboard Log Downloader Run ===
2025-09-16 13:50:09,322 [INFO] Host: https://nahe.blackboard.com
2025-09-16 13:50:09,322 [INFO] Username: jk***
2025-09-16 13:50:09,324 [INFO] Server TZ: America/New_York
2025-09-16 13:50:09,325 [INFO] Range: 2025-09-16 08:00:00-04:00 \u2192 2025-09-16 09:00:00-04:00
2025-09-16 13:50:09,325 [INFO] Dry run: False
2025-09-16 13:50:09,341 [INFO] Files found: 4
2025-09-16 13:50:09,343 [INFO] Missing directories: []
2025-09-16 13:50:09,343 [INFO] Download folder: ./bb_logs/downloads\nahe_2025091612_2025091613
2025-09-16 13:50:24,639 [INFO] === Conversion Started ===
2025-09-16 13:50:24,639 [INFO] Source folder: ./bb_logs/downloads\nahe_2025091612_2025091613
2025-09-16 13:50:24,639 [INFO] Output folder: ./bb_logs/conversions\nahe_2025091612_2025091613_convert
2025-09-16 13:50:24,640 [INFO] Output type: json-distributed
2025-09-16 13:50:27,073 [INFO] === json-distributed Conversion Completed for file: bb_logs\downloads\nahe_2025091612_2025091613\2025.9.16.12.ip-10-146-219-157.ec2.internal.txt ===
2025-09-16 13:50:27,073 [INFO] ip-10-146-219-157.ec2.internal: 3976 entries
2025-09-16 13:50:27,073 [INFO] No bad lines encountered.
2025-09-16 13:50:29,144 [INFO] === json-distributed Conversion Completed for file: bb_logs\downloads\nahe_2025091612_2025091613\2025.9.16.12.ip-10-146-230-85.ec2.internal.txt ===
2025-09-16 13:50:29,144 [INFO] ip-10-146-230-85.ec2.internal: 3995 entries
2025-09-16 13:50:29,144 [INFO] No bad lines encountered.
2025-09-16 13:50:31,094 [INFO] === json-distributed Conversion Completed for file: bb_logs\downloads\nahe_2025091612_2025091613\2025.9.16.13.ip-10-146-219-157.ec2.internal.txt ===
2025-09-16 13:50:31,095 [INFO] ip-10-146-219-157.ec2.internal: 4085 entries
2025-09-16 13:50:31,095 [INFO] No bad lines encountered.
2025-09-16 13:50:33,227 [INFO] === json-distributed Conversion Completed for file: bb_logs\downloads\nahe_2025091612_2025091613\2025.9.16.13.ip-10-146-230-85.ec2.internal.txt ===
2025-09-16 13:50:33,229 [INFO] ip-10-146-230-85.ec2.internal: 4253 entries
2025-09-16 13:50:33,229 [INFO] No bad lines encountered.
2025-09-16 13:50:33,234 [INFO] JSON manifest of converted files saved to: bb_logs\conversions\nahe_2025091612_2025091613_convert\converted_files.json
2025-09-16 13:50:33,234 [INFO] === Conversion Completed ===
2025-09-16 13:50:33,234 [INFO] Total files converted: 20
2025-09-16 13:50:33,234 [INFO] Execution log saved to: ./tool_logs/converting_20250916_135024.log
