2025-09-16 11:27:19,893 [INFO] Starting get_conversion_subdirs_with_metadata
2025-09-16 11:27:19,893 [INFO] Checking source path: ./bb_logs/conversions
2025-09-16 11:27:19,895 [INFO] Evaluating subdirectory: ./bb_logs/conversions\demo_2025091415_2025091516_convert
2025-09-16 11:27:19,895 [INFO] Found converted_files.json in: ./bb_logs/conversions\demo_2025091415_2025091516_convert
2025-09-16 11:27:19,918 [INFO] Completed search. Found 1 valid subdirectories.
2025-09-16 11:27:19,919 [INFO] Filtering converted files from: ./bb_logs/conversions\demo_2025091415_2025091516_convert\converted_files.json for directory: ./bb_logs/conversions\demo_2025091415_2025091516_convert and log_type: authentication
2025-09-16 11:27:19,921 [INFO] Found 0 matching files.
2025-09-16 11:27:24,538 [INFO] Starting get_conversion_subdirs_with_metadata
2025-09-16 11:27:24,538 [INFO] Checking source path: ./bb_logs/conversions
2025-09-16 11:27:24,538 [INFO] Evaluating subdirectory: ./bb_logs/conversions\demo_2025091415_2025091516_convert
2025-09-16 11:27:24,540 [INFO] Found converted_files.json in: ./bb_logs/conversions\demo_2025091415_2025091516_convert
2025-09-16 11:27:24,540 [INFO] Completed search. Found 1 valid subdirectories.
2025-09-16 11:27:24,543 [INFO] Filtering converted files from: ./bb_logs/conversions\demo_2025091415_2025091516_convert\converted_files.json for directory: ./bb_logs/conversions\demo_2025091415_2025091516_convert and log_type: authentication
2025-09-16 11:27:24,543 [INFO] Found 0 matching files.
2025-09-16 11:52:32,957 [INFO] === Blackboard Log Downloader Run ===
2025-09-16 11:52:32,957 [INFO] Host: https://nahe.blackboard.com
2025-09-16 11:52:32,957 [INFO] Username: jk***
2025-09-16 11:52:32,957 [INFO] Server TZ: America/New_York
2025-09-16 11:52:33,029 [INFO] Dry run: False
2025-09-16 11:52:33,029 [INFO] Files found: 4
2025-09-16 11:52:33,029 [INFO] Missing directories: []
2025-09-16 11:52:33,030 [INFO] Download folder: ./bb_logs/downloads\nahe_2025091610_2025091611
2025-09-16 11:52:43,814 [INFO] === Conversion Started ===
2025-09-16 11:52:43,814 [INFO] Source folder: ./bb_logs/downloads\nahe_2025091610_2025091611
2025-09-16 11:52:43,814 [INFO] Output folder: ./bb_logs/conversions\nahe_2025091610_2025091611_convert
2025-09-16 11:52:43,814 [INFO] Output type: json-distributed
2025-09-16 11:52:44,631 [INFO] === json-distributed Conversion Completed for file: bb_logs\downloads\nahe_2025091610_2025091611\2025.9.16.10.ip-10-146-219-157.ec2.internal.txt ===
2025-09-16 11:52:44,631 [INFO] ip-10-146-219-157.ec2.internal: 3878 entries
2025-09-16 11:52:44,631 [INFO] No bad lines encountered.
2025-09-16 11:52:45,396 [INFO] === json-distributed Conversion Completed for file: bb_logs\downloads\nahe_2025091610_2025091611\2025.9.16.10.ip-10-146-230-85.ec2.internal.txt ===
2025-09-16 11:52:45,396 [INFO] ip-10-146-230-85.ec2.internal: 4074 entries
2025-09-16 11:52:45,396 [INFO] No bad lines encountered.
2025-09-16 11:52:46,126 [INFO] === json-distributed Conversion Completed for file: bb_logs\downloads\nahe_2025091610_2025091611\2025.9.16.11.ip-10-146-219-157.ec2.internal.txt ===
2025-09-16 11:52:46,126 [INFO] ip-10-146-219-157.ec2.internal: 3914 entries
2025-09-16 11:52:46,126 [INFO] No bad lines encountered.
2025-09-16 11:52:46,892 [INFO] === json-distributed Conversion Completed for file: bb_logs\downloads\nahe_2025091610_2025091611\2025.9.16.11.ip-10-146-230-85.ec2.internal.txt ===
2025-09-16 11:52:46,892 [INFO] ip-10-146-230-85.ec2.internal: 4082 entries
2025-09-16 11:52:46,892 [INFO] No bad lines encountered.
2025-09-16 11:52:46,892 [INFO] JSON manifest of converted files saved to: bb_logs\conversions\nahe_2025091610_2025091611_convert\converted_files.json
2025-09-16 11:52:46,892 [INFO] === Conversion Completed ===
2025-09-16 11:52:46,892 [INFO] Total files converted: 20
2025-09-16 11:52:46,892 [INFO] Execution log saved to: ./tool_logs/converting_20250916_115243.log
2025-09-16 11:52:53,642 [INFO] Starting get_conversion_subdirs_with_metadata
2025-09-16 11:52:53,657 [INFO] Checking source path: ./bb_logs/conversions
2025-09-16 11:52:53,657 [INFO] Evaluating subdirectory: ./bb_logs/conversions\demo_2025091415_2025091516_convert
2025-09-16 11:52:53,657 [INFO] Found converted_files.json in: ./bb_logs/conversions\demo_2025091415_2025091516_convert
2025-09-16 11:52:53,670 [INFO] Evaluating subdirectory: ./bb_logs/conversions\nahe_2025091610_2025091611_convert
2025-09-16 11:52:53,670 [INFO] Found converted_files.json in: ./bb_logs/conversions\nahe_2025091610_2025091611_convert
2025-09-16 11:52:53,687 [INFO] Completed search. Found 2 valid subdirectories.
2025-09-16 11:52:53,691 [INFO] Filtering converted files from: ./bb_logs/conversions\demo_2025091415_2025091516_convert\converted_files.json for directory: ./bb_logs/conversions\demo_2025091415_2025091516_convert and log_type: authentication
2025-09-16 11:52:53,693 [INFO] Found 0 matching files.
2025-09-16 11:52:57,013 [INFO] Starting get_conversion_subdirs_with_metadata
2025-09-16 11:52:57,013 [INFO] Checking source path: ./bb_logs/conversions
2025-09-16 11:52:57,014 [INFO] Evaluating subdirectory: ./bb_logs/conversions\demo_2025091415_2025091516_convert
2025-09-16 11:52:57,014 [INFO] Found converted_files.json in: ./bb_logs/conversions\demo_2025091415_2025091516_convert
2025-09-16 11:52:57,016 [INFO] Evaluating subdirectory: ./bb_logs/conversions\nahe_2025091610_2025091611_convert
2025-09-16 11:52:57,017 [INFO] Found converted_files.json in: ./bb_logs/conversions\nahe_2025091610_2025091611_convert
2025-09-16 11:52:57,018 [INFO] Completed search. Found 2 valid subdirectories.
2025-09-16 11:52:57,018 [INFO] Filtering converted files from: ./bb_logs/conversions\nahe_2025091610_2025091611_convert\converted_files.json for directory: ./bb_logs/conversions\nahe_2025091610_2025091611_convert and log_type: authentication
2025-09-16 11:52:57,018 [INFO] Found 0 matching files.
2025-09-16 11:53:03,032 [INFO] Starting get_conversion_subdirs_with_metadata
2025-09-16 11:53:03,032 [INFO] Checking source path: ./bb_logs/conversions
2025-09-16 11:53:03,033 [INFO] Evaluating subdirectory: ./bb_logs/conversions\demo_2025091415_2025091516_convert
2025-09-16 11:53:03,033 [INFO] Found converted_files.json in: ./bb_logs/conversions\demo_2025091415_2025091516_convert
2025-09-16 11:53:03,034 [INFO] Evaluating subdirectory: ./bb_logs/conversions\nahe_2025091610_2025091611_convert
2025-09-16 11:53:03,034 [INFO] Found converted_files.json in: ./bb_logs/conversions\nahe_2025091610_2025091611_convert
2025-09-16 11:53:03,035 [INFO] Completed search. Found 2 valid subdirectories.
2025-09-16 11:53:03,036 [INFO] Filtering converted files from: ./bb_logs/conversions\nahe_2025091610_2025091611_convert\converted_files.json for directory: ./bb_logs/conversions\nahe_2025091610_2025091611_convert and log_type: bb_access
2025-09-16 11:53:03,038 [INFO] Found 0 matching files.
2025-09-16 11:53:20,223 [INFO] Starting get_conversion_subdirs_with_metadata
2025-09-16 11:53:20,224 [INFO] Checking source path: ./bb_logs/conversions
2025-09-16 11:53:20,224 [INFO] Evaluating subdirectory: ./bb_logs/conversions\demo_2025091415_2025091516_convert
2025-09-16 11:53:20,225 [INFO] Found converted_files.json in: ./bb_logs/conversions\demo_2025091415_2025091516_convert
2025-09-16 11:53:20,226 [INFO] Evaluating subdirectory: ./bb_logs/conversions\nahe_2025091610_2025091611_convert
2025-09-16 11:53:20,226 [INFO] Found converted_files.json in: ./bb_logs/conversions\nahe_2025091610_2025091611_convert
2025-09-16 11:53:20,227 [INFO] Completed search. Found 2 valid subdirectories.
2025-09-16 11:53:20,228 [INFO] Filtering converted files from: ./bb_logs/conversions\demo_2025091415_2025091516_convert\converted_files.json for directory: ./bb_logs/conversions\demo_2025091415_2025091516_convert and log_type: bb_access
2025-09-16 11:53:20,229 [INFO] Found 0 matching files.
